Component: ARM Compiler 5.06 update 5 (build 528) Tool: armlink [4d35e2]

==============================================================================

Section Cross References

    startup_stm32f103xb.o(RESET) refers to startup_stm32f103xb.o(STACK) for __initial_sp
    startup_stm32f103xb.o(RESET) refers to startup_stm32f103xb.o(.text) for Reset_Handler
    startup_stm32f103xb.o(RESET) refers to stm32f1xx_it.o(i.NMI_Handler) for NMI_Handler
    startup_stm32f103xb.o(RESET) refers to stm32f1xx_it.o(i.HardFault_Handler) for HardFault_Handler
    startup_stm32f103xb.o(RESET) refers to stm32f1xx_it.o(i.MemManage_Handler) for MemManage_Handler
    startup_stm32f103xb.o(RESET) refers to stm32f1xx_it.o(i.BusFault_Handler) for BusFault_Handler
    startup_stm32f103xb.o(RESET) refers to stm32f1xx_it.o(i.UsageFault_Handler) for UsageFault_Handler
    startup_stm32f103xb.o(RESET) refers to port.o(.emb_text) for SVC_Handler
    startup_stm32f103xb.o(RESET) refers to stm32f1xx_it.o(i.DebugMon_Handler) for DebugMon_Handler
    startup_stm32f103xb.o(RESET) refers to cmsis_os2.o(i.SysTick_Handler) for SysTick_Handler
    startup_stm32f103xb.o(RESET) refers to stm32f1xx_it.o(i.EXTI9_5_IRQHandler) for EXTI9_5_IRQHandler
    startup_stm32f103xb.o(RESET) refers to stm32f1xx_it.o(i.TIM1_UP_IRQHandler) for TIM1_UP_IRQHandler
    startup_stm32f103xb.o(RESET) refers to stm32f1xx_it.o(i.TIM2_IRQHandler) for TIM2_IRQHandler
    startup_stm32f103xb.o(RESET) refers to stm32f1xx_it.o(i.TIM4_IRQHandler) for TIM4_IRQHandler
    startup_stm32f103xb.o(.text) refers to system_stm32f1xx.o(i.SystemInit) for SystemInit
    startup_stm32f103xb.o(.text) refers to entry.o(.ARM.Collect$$$$00000000) for __main
    main.o(i.SystemClock_Config) refers to memseta.o(.text) for __aeabi_memclr4
    main.o(i.SystemClock_Config) refers to stm32f1xx_hal_rcc.o(i.HAL_RCC_OscConfig) for HAL_RCC_OscConfig
    main.o(i.SystemClock_Config) refers to stm32f1xx_hal_rcc.o(i.HAL_RCC_ClockConfig) for HAL_RCC_ClockConfig
    main.o(i.SystemClock_Config) refers to stm32f1xx_hal_rcc_ex.o(i.HAL_RCCEx_PeriphCLKConfig) for HAL_RCCEx_PeriphCLKConfig
    main.o(i.main) refers to stm32f1xx_hal.o(i.HAL_Init) for HAL_Init
    main.o(i.main) refers to main.o(i.SystemClock_Config) for SystemClock_Config
    main.o(i.main) refers to gpio.o(i.MX_GPIO_Init) for MX_GPIO_Init
    main.o(i.main) refers to spi.o(i.MX_SPI2_Init) for MX_SPI2_Init
    main.o(i.main) refers to usart.o(i.MX_USART1_UART_Init) for MX_USART1_UART_Init
    main.o(i.main) refers to adc.o(i.MX_ADC1_Init) for MX_ADC1_Init
    main.o(i.main) refers to tim.o(i.MX_TIM2_Init) for MX_TIM2_Init
    main.o(i.main) refers to tim.o(i.MX_TIM3_Init) for MX_TIM3_Init
    main.o(i.main) refers to tim.o(i.MX_TIM4_Init) for MX_TIM4_Init
    main.o(i.main) refers to cmsis_os2.o(i.osKernelInitialize) for osKernelInitialize
    main.o(i.main) refers to freertos.o(i.MX_FREERTOS_Init) for MX_FREERTOS_Init
    main.o(i.main) refers to cmsis_os2.o(i.osKernelStart) for osKernelStart
    gpio.o(i.MX_GPIO_Init) refers to stm32f1xx_hal_gpio.o(i.HAL_GPIO_WritePin) for HAL_GPIO_WritePin
    gpio.o(i.MX_GPIO_Init) refers to stm32f1xx_hal_gpio.o(i.HAL_GPIO_Init) for HAL_GPIO_Init
    gpio.o(i.MX_GPIO_Init) refers to stm32f1xx_hal_cortex.o(i.HAL_NVIC_SetPriority) for HAL_NVIC_SetPriority
    gpio.o(i.MX_GPIO_Init) refers to stm32f1xx_hal_cortex.o(i.HAL_NVIC_EnableIRQ) for HAL_NVIC_EnableIRQ
    freertos.o(i.AirMouse_Update) refers to fadd.o(.text) for __aeabi_fsub
    freertos.o(i.AirMouse_Update) refers to fmul.o(.text) for __aeabi_fmul
    freertos.o(i.AirMouse_Update) refers to ffixi.o(.text) for __aeabi_f2iz
    freertos.o(i.AirMouse_Update) refers to freertos.o(.data) for .data
    freertos.o(i.Battery_Task) refers to stm32f1xx_hal_adc.o(i.HAL_ADC_Start) for HAL_ADC_Start
    freertos.o(i.Battery_Task) refers to stm32f1xx_hal_adc.o(i.HAL_ADC_PollForConversion) for HAL_ADC_PollForConversion
    freertos.o(i.Battery_Task) refers to stm32f1xx_hal_adc.o(i.HAL_ADC_GetValue) for HAL_ADC_GetValue
    freertos.o(i.Battery_Task) refers to dfltui.o(.text) for __aeabi_ui2d
    freertos.o(i.Battery_Task) refers to dmul.o(.text) for __aeabi_dmul
    freertos.o(i.Battery_Task) refers to ddiv.o(.text) for __aeabi_ddiv
    freertos.o(i.Battery_Task) refers to d2f.o(.text) for __aeabi_d2f
    freertos.o(i.Battery_Task) refers to stm32f1xx_hal_gpio.o(i.HAL_GPIO_WritePin) for HAL_GPIO_WritePin
    freertos.o(i.Battery_Task) refers to tasks.o(i.vTaskDelay) for vTaskDelay
    freertos.o(i.Battery_Task) refers to freertos.o(.data) for .data
    freertos.o(i.Battery_Task) refers to adc.o(.bss) for hadc1
    freertos.o(i.Encoder_GetCount) refers to tim.o(.bss) for htim3
    freertos.o(i.MPU6050_Task) refers to inv_mpu.o(i.mpu_dmp_get_data) for mpu_dmp_get_data
    freertos.o(i.MPU6050_Task) refers to freertos.o(i.AirMouse_Update) for AirMouse_Update
    freertos.o(i.MPU6050_Task) refers to tasks.o(i.vTaskDelay) for vTaskDelay
[...]
    .constdata                               0x08008348   Section      152  atan.o(.constdata)
    atanhi                                   0x08008348   Data          32  atan.o(.constdata)
    atanlo                                   0x08008368   Data          32  atan.o(.constdata)
    aTodd                                    0x08008388   Data          40  atan.o(.constdata)
    aTeven                                   0x080083b0   Data          48  atan.o(.constdata)
    .constdata                               0x080083e0   Section        8  qnan.o(.constdata)
    .conststring                             0x080083e8   Section       77  inv_mpu.o(.conststring)
    .data                                    0x20000000   Section       32  freertos.o(.data)
    TimeOUT                                  0x20000000   Data           1  freertos.o(.data)
    last_roll                                0x20000004   Data           4  freertos.o(.data)
    last_yaw                                 0x20000008   Data           4  freertos.o(.data)
    MPU6050_TaskHandle                       0x2000000c   Data           4  freertos.o(.data)
    UART_TaskHandle                          0x20000010   Data           4  freertos.o(.data)
    .data                                    0x20000020   Section        1  tim.o(.data)
    .data                                    0x20000024   Section       12  stm32f1xx_hal.o(.data)
    .data                                    0x20000030   Section        4  system_stm32f1xx.o(.data)
    .data                                    0x20000034   Section       10  nrf24l01.o(.data)
    .data                                    0x20000040   Section       53  inv_mpu.o(.data)
    st                                       0x20000040   Data          44  inv_mpu.o(.data)
    gyro_orientation                         0x2000006c   Data           9  inv_mpu.o(.data)
    .data                                    0x20000078   Section       60  tasks.o(.data)
    uxDeletedTasksWaitingCleanUp             0x2000007c   Data           4  tasks.o(.data)
    uxCurrentNumberOfTasks                   0x20000080   Data           4  tasks.o(.data)
    xTickCount                               0x20000084   Data           4  tasks.o(.data)
    uxTopReadyPriority                       0x20000088   Data           4  tasks.o(.data)
    xSchedulerRunning                        0x2000008c   Data           4  tasks.o(.data)
    xPendedTicks                             0x20000090   Data           4  tasks.o(.data)
    xYieldPending                            0x20000094   Data           4  tasks.o(.data)
    xNumOfOverflows                          0x20000098   Data           4  tasks.o(.data)
    uxTaskNumber                             0x2000009c   Data           4  tasks.o(.data)
    xNextTaskUnblockTime                     0x200000a0   Data           4  tasks.o(.data)
    xIdleTaskHandle                          0x200000a4   Data           4  tasks.o(.data)
    uxSchedulerSuspended                     0x200000a8   Data           4  tasks.o(.data)
    pxDelayedTaskList                        0x200000ac   Data           4  tasks.o(.data)
    pxOverflowDelayedTaskList                0x200000b0   Data           4  tasks.o(.data)
    .data                                    0x200000b4   Section       20  timers.o(.data)
    xTimerQueue                              0x200000b4   Data           4  timers.o(.data)
    xTimerTaskHandle                         0x200000b8   Data           4  timers.o(.data)
    xLastTime                                0x200000bc   Data           4  timers.o(.data)
    pxCurrentTimerList                       0x200000c0   Data           4  timers.o(.data)
    pxOverflowTimerList                      0x200000c4   Data           4  timers.o(.data)
    .data                                    0x200000c8   Section        4  cmsis_os2.o(.data)
    KernelState                              0x200000c8   Data           4  cmsis_os2.o(.data)
    .data                                    0x200000cc   Section       32  heap_4.o(.data)
    pxEnd                                    0x200000cc   Data           4  heap_4.o(.data)
    xFreeBytesRemaining                      0x200000d0   Data           4  heap_4.o(.data)
    xMinimumEverFreeBytesRemaining           0x200000d4   Data           4  heap_4.o(.data)
    xNumberOfSuccessfulAllocations           0x200000d8   Data           4  heap_4.o(.data)
    xNumberOfSuccessfulFrees                 0x200000dc   Data           4  heap_4.o(.data)
    xBlockAllocatedBit                       0x200000e0   Data           4  heap_4.o(.data)
    xStart                                   0x200000e4   Data           8  heap_4.o(.data)
    .data                                    0x200000ec   Section       12  port.o(.data)
    ucMaxSysCallPriority                     0x200000ec   Data           1  port.o(.data)
    uxCriticalNesting                        0x200000f0   Data           4  port.o(.data)
    ulMaxPRIGROUPValue                       0x200000f4   Data           4  port.o(.data)
    .data                                    0x200000f8   Section        4  stdout.o(.data)
    .data                                    0x200000fc   Section        4  errno.o(.data)
    _errno                                   0x200000fc   Data           4  errno.o(.data)
    .bss                                     0x20000100   Section       32  freertos.o(.bss)
    .bss                                     0x20000120   Section       48  adc.o(.bss)
    .bss                                     0x20000150   Section       88  spi.o(.bss)
    .bss                                     0x200001a8   Section      216  tim.o(.bss)
    .bss                                     0x20000280   Section       72  usart.o(.bss)
    .bss                                     0x200002c8   Section       72  stm32f1xx_hal_timebase_tim.o(.bss)
    .bss                                     0x20000310   Section       16  inv_mpu_dmp_motion_driver.o(.bss)
    dmp                                      0x20000310   Data          16  inv_mpu_dmp_motion_driver.o(.bss)
    .bss                                     0x20000320   Section       64  queue.o(.bss)
    .bss                                     0x20000360   Section     1220  tasks.o(.bss)
    pxReadyTasksLists                        0x20000360   Data        1120  tasks.o(.bss)
    xDelayedTaskList1                        0x200007c0   Data          20  tasks.o(.bss)
    xDelayedTaskList2                        0x200007d4   Data          20  tasks.o(.bss)
    xPendingReadyList                        0x200007e8   Data          20  tasks.o(.bss)
    xTasksWaitingTermination                 0x200007fc   Data          20  tasks.o(.bss)
    xSuspendedTaskList                       0x20000810   Data          20  tasks.o(.bss)
    .bss                                     0x20000824   Section      280  timers.o(.bss)
    xStaticTimerQueue                        0x20000824   Data          80  timers.o(.bss)
    ucStaticTimerQueueStorage                0x20000874   Data         160  timers.o(.bss)
    xActiveTimerList1                        0x20000914   Data          20  timers.o(.bss)
    xActiveTimerList2                        0x20000928   Data          20  timers.o(.bss)
    .bss                                     0x2000093c   Section     1720  cmsis_os2.o(.bss)
    Idle_TCB                                 0x2000093c   Data          92  cmsis_os2.o(.bss)
    Idle_Stack                               0x20000998   Data         512  cmsis_os2.o(.bss)
    Timer_TCB                                0x20000b98   Data          92  cmsis_os2.o(.bss)
    Timer_Stack                              0x20000bf4   Data        1024  cmsis_os2.o(.bss)
    .bss                                     0x20000ff4   Section     3072  heap_4.o(.bss)
    ucHeap                                   0x20000ff4   Data        3072  heap_4.o(.bss)
    STACK                                    0x20001bf8   Section     1024  startup_stm32f103xb.o(STACK)

    Global Symbols

    Symbol Name                              Value     Ov Type        Size  Object(Section)

    BuildAttributes$$THM_ISAv4$P$D$K$B$S$PE$A:L22UL41UL21$X:L11$S22US41US21$IEEE1$IW$USESV6$~STKCKD$USESV7$~SHL$OTIME$ROPI$IEEEX$EBA8$MICROLIB$REQ8$PRES8$EABIv2 0x00000000   Number         0  anon$$obj.o ABSOLUTE
    __ARM_use_no_argv                        0x00000000   Number         0  main.o ABSOLUTE
    _printf_a                                0x00000000   Number         0  stubs.o ABSOLUTE
    _printf_c                                0x00000000   Number         0  stubs.o ABSOLUTE
    _printf_charcount                        0x00000000   Number         0  stubs.o ABSOLUTE
    _printf_d                                0x00000000   Number         0  stubs.o ABSOLUTE
    _printf_e                                0x00000000   Number         0  stubs.o ABSOLUTE
    _printf_f                                0x00000000   Number         0  stubs.o ABSOLUTE
    _printf_flags                            0x00000000   Number         0  stubs.o ABSOLUTE
    _printf_fp_dec                           0x00000000   Number         0  stubs.o ABSOLUTE
    _printf_fp_hex                           0x00000000   Number         0  stubs.o ABSOLUTE
    _printf_g                                0x00000000   Number         0  stubs.o ABSOLUTE
    _printf_i                                0x00000000   Number         0  stubs.o ABSOLUTE
    _printf_int_dec                          0x00000000   Number         0  stubs.o ABSOLUTE
    _printf_l                                0x00000000   Number         0  stubs.o ABSOLUTE
    _printf_lc                               0x00000000   Number         0  stubs.o ABSOLUTE
    _printf_ll                               0x00000000   Number         0  stubs.o ABSOLUTE
    _printf_lld                              0x00000000   Number         0  stubs.o ABSOLUTE
    _printf_lli                              0x00000000   Number         0  stubs.o ABSOLUTE
    _printf_llo                              0x00000000   Number         0  stubs.o ABSOLUTE
    _printf_llu                              0x00000000   Number         0  stubs.o ABSOLUTE
    _printf_llx                              0x00000000   Number         0  stubs.o ABSOLUTE
    _printf_longlong_dec                     0x00000000   Number         0  stubs.o ABSOLUTE
    _printf_longlong_hex                     0x00000000   Number         0  stubs.o ABSOLUTE
    _printf_longlong_oct                     0x00000000   Number         0  stubs.o ABSOLUTE
    _printf_ls                               0x00000000   Number         0  stubs.o ABSOLUTE
    _printf_mbtowc                           0x00000000   Number         0  stubs.o ABSOLUTE
    _printf_n                                0x00000000   Number         0  stubs.o ABSOLUTE
    _printf_o                                0x00000000   Number         0  stubs.o ABSOLUTE
    _printf_p                                0x00000000   Number         0  stubs.o ABSOLUTE
    _printf_percent                          0x00000000   Number         0  stubs.o ABSOLUTE
    _printf_pre_padding                      0x00000000   Number         0  stubs.o ABSOLUTE
    _printf_return_value                     0x00000000   Number         0  stubs.o ABSOLUTE
    _printf_s                                0x00000000   Number         0  stubs.o ABSOLUTE
    _printf_sizespec                         0x00000000   Number         0  stubs.o ABSOLUTE
    _printf_str                              0x00000000   Number         0  stubs.o ABSOLUTE
    _printf_truncate_signed                  0x00000000   Number         0  stubs.o ABSOLUTE
    _printf_truncate_unsigned                0x00000000   Number         0  stubs.o ABSOLUTE
    _printf_u                                0x00000000   Number         0  stubs.o ABSOLUTE
    _printf_wc                               0x00000000   Number         0  stubs.o ABSOLUTE
    _printf_wctomb                           0x00000000   Number         0  stubs.o ABSOLUTE
    _printf_widthprec                        0x00000000   Number         0  stubs.o ABSOLUTE
    _printf_x                                0x00000000   Number         0  stubs.o ABSOLUTE
    __cpp_initialize__aeabi_                  - Undefined Weak Reference
    __cxa_finalize                            - Undefined Weak Reference
    __decompress                              - Undefined Weak Reference
    _clock_init                               - Undefined Weak Reference
    _microlib_exit                            - Undefined Weak Reference
    __Vectors_Size                           0x000000ec   Number         0  startup_stm32f103xb.o ABSOLUTE
    __Vectors                                0x08000000   Data           4  startup_stm32f103xb.o(RESET)
    __Vectors_End                            0x080000ec   Data           0  startup_stm32f103xb.o(RESET)
    __main                                   0x080000ed   Thumb Code     0  entry.o(.ARM.Collect$$$$00000000)
    _main_stk                                0x080000ed   Thumb Code     0  entry2.o(.ARM.Collect$$$$00000001)
    _main_scatterload                        0x080000f1   Thumb Code     0  entry5.o(.ARM.Collect$$$$00000004)
    __main_after_scatterload                 0x080000f5   Thumb Code     0  entry5.o(.ARM.Collect$$$$00000004)
    _main_clock                              0x080000f5   Thumb Code     0  entry7b.o(.ARM.Collect$$$$00000008)
    _main_cpp_init                           0x080000f5   Thumb Code     0  entry8b.o(.ARM.Collect$$$$0000000A)
    _main_init                               0x080000f5   Thumb Code     0  entry9a.o(.ARM.Collect$$$$0000000B)
    __rt_final_cpp                           0x080000fd   Thumb Code     0  entry10a.o(.ARM.Collect$$$$0000000D)
    __rt_final_exit                          0x080000fd   Thumb Code     0  entry11a.o(.ARM.Collect$$$$0000000F)
    SVC_Handler                              0x08000101   Thumb Code    32  port.o(.emb_text)
    __asm___6_port_c_39a90d8d__prvStartFirstTask 0x08000125   Thumb Code    28  port.o(.emb_text)
    PendSV_Handler                           0x08000145   Thumb Code    72  port.o(.emb_text)
    vPortGetIPSR                             0x08000191   Thumb Code     6  port.o(.emb_text)
    Reset_Handler                            0x08000199   Thumb Code     8  startup_stm32f103xb.o(.text)
    ADC1_2_IRQHandler                        0x080001b3   Thumb Code     0  startup_stm32f103xb.o(.text)
    CAN1_RX1_IRQHandler                      0x080001b3   Thumb Code     0  startup_stm32f103xb.o(.text)
    CAN1_SCE_IRQHandler                      0x080001b3   Thumb Code     0  startup_stm32f103xb.o(.text)
    DMA1_Channel1_IRQHandler                 0x080001b3   Thumb Code     0  startup_stm32f103xb.o(.text)
    DMA1_Channel2_IRQHandler                 0x080001b3   Thumb Code     0  startup_stm32f103xb.o(.text)
    DMA1_Channel3_IRQHandler                 0x080001b3   Thumb Code     0  startup_stm32f103xb.o(.text)
    DMA1_Channel4_IRQHandler                 0x080001b3   Thumb Code     0  startup_stm32f103xb.o(.text)
    DMA1_Channel5_IRQHandler                 0x080001b3   Thumb Code     0  startup_stm32f103xb.o(.text)
    DMA1_Channel6_IRQHandler                 0x080001b3   Thumb Code     0  startup_stm32f103xb.o(.text)
    DMA1_Channel7_IRQHandler                 0x080001b3   Thumb Code     0  startup_stm32f103xb.o(.text)
    EXTI0_IRQHandler                         0x080001b3   Thumb Code     0  startup_stm32f103xb.o(.text)
    EXTI15_10_IRQHandler                     0x080001b3   Thumb Code     0  startup_stm32f103xb.o(.text)
    EXTI1_IRQHandler                         0x080001b3   Thumb Code     0  startup_stm32f103xb.o(.text)
    EXTI2_IRQHandler                         0x080001b3   Thumb Code     0  startup_stm32f103xb.o(.text)
    EXTI3_IRQHandler                         0x080001b3   Thumb Code     0  startup_stm32f103xb.o(.text)
    EXTI4_IRQHandler                         0x080001b3   Thumb Code     0  startup_stm32f103xb.o(.text)
    FLASH_IRQHandler                         0x080001b3   Thumb Code     0  startup_stm32f103xb.o(.text)
    I2C1_ER_IRQHandler                       0x080001b3   Thumb Code     0  startup_stm32f103xb.o(.text)
    I2C1_EV_IRQHandler                       0x080001b3   Thumb Code     0  startup_stm32f103xb.o(.text)
    I2C2_ER_IRQHandler                       0x080001b3   Thumb Code     0  startup_stm32f103xb.o(.text)
    I2C2_EV_IRQHandler                       0x080001b3   Thumb Code     0  startup_stm32f103xb.o(.text)
    PVD_IRQHandler                           0x080001b3   Thumb Code     0  startup_stm32f103xb.o(.text)
    RCC_IRQHandler                           0x080001b3   Thumb Code     0  startup_stm32f103xb.o(.text)
    RTC_Alarm_IRQHandler                     0x080001b3   Thumb Code     0  startup_stm32f103xb.o(.text)
    RTC_IRQHandler                           0x080001b3   Thumb Code     0  startup_stm32f103xb.o(.text)
    SPI1_IRQHandler                          0x080001b3   Thumb Code     0  startup_stm32f103xb.o(.text)
    SPI2_IRQHandler                          0x080001b3   Thumb Code     0  startup_stm32f103xb.o(.text)
    TAMPER_IRQHandler                        0x080001b3   Thumb Code     0  startup_stm32f103xb.o(.text)
    TIM1_BRK_IRQHandler                      0x080001b3   Thumb Code     0  startup_stm32f103xb.o(.text)
    TIM1_CC_IRQHandler                       0x080001b3   Thumb Code     0  startup_stm32f103xb.o(.text)
    TIM1_TRG_COM_IRQHandler                  0x080001b3   Thumb Code     0  startup_stm32f103xb.o(.text)
    TIM3_IRQHandler                          0x080001b3   Thumb Code     0  startup_stm32f103xb.o(.text)
    USART1_IRQHandler                        0x080001b3   Thumb Code     0  startup_stm32f103xb.o(.text)
    USART2_IRQHandler                        0x080001b3   Thumb Code     0  startup_stm32f103xb.o(.text)
    USART3_IRQHandler                        0x080001b3   Thumb Code     0  startup_stm32f103xb.o(.text)
    USBWakeUp_IRQHandler                     0x080001b3   Thumb Code     0  startup_stm32f103xb.o(.text)
    USB_HP_CAN1_TX_IRQHandler                0x080001b3   Thumb Code     0  startup_stm32f103xb.o(.text)
    USB_LP_CAN1_RX0_IRQHandler               0x080001b3   Thumb Code     0  startup_stm32f103xb.o(.text)
    WWDG_IRQHandler                          0x080001b3   Thumb Code     0  startup_stm32f103xb.o(.text)
    __aeabi_ldivmod                          0x080001bd   Thumb Code    98  ldiv.o(.text)
    __aeabi_llsr                             0x0800021f   Thumb Code    32  llushr.o(.text)
    _ll_ushift_r                             0x0800021f   Thumb Code     0  llushr.o(.text)
    __aeabi_memcpy                           0x0800023f   Thumb Code    36  memcpya.o(.text)
    __aeabi_memcpy4                          0x0800023f   Thumb Code     0  memcpya.o(.text)
    __aeabi_memcpy8                          0x0800023f   Thumb Code     0  memcpya.o(.text)
    __aeabi_memset                           0x08000263   Thumb Code    14  memseta.o(.text)
    __aeabi_memset4                          0x08000263   Thumb Code     0  memseta.o(.text)
    __aeabi_memset8                          0x08000263   Thumb Code     0  memseta.o(.text)
    __aeabi_memclr                           0x08000271   Thumb Code     4  memseta.o(.text)
    __aeabi_memclr4                          0x08000271   Thumb Code     0  memseta.o(.text)
    __aeabi_memclr8                          0x08000271   Thumb Code     0  memseta.o(.text)
    memset                                   0x08000275   Thumb Code    18  memseta.o(.text)
    memcmp                                   0x08000287   Thumb Code    26  memcmp.o(.text)
    __aeabi_fadd                             0x080002a1   Thumb Code   164  fadd.o(.text)
    __aeabi_fsub                             0x08000345   Thumb Code     6  fadd.o(.text)
    __aeabi_frsub                            0x0800034b   Thumb Code     6  fadd.o(.text)
    __aeabi_fmul                             0x08000351   Thumb Code   100  fmul.o(.text)
    __aeabi_fdiv                             0x080003b5   Thumb Code   124  fdiv.o(.text)
    __ARM_scalbnf                            0x08000431   Thumb Code    24  fscalb.o(.text)
    scalbnf                                  0x08000431   Thumb Code     0  fscalb.o(.text)
    __aeabi_dadd                             0x08000449   Thumb Code   322  dadd.o(.text)
    __aeabi_dsub                             0x0800058b   Thumb Code     6  dadd.o(.text)
    __aeabi_drsub                            0x08000591   Thumb Code     6  dadd.o(.text)
    __aeabi_dmul                             0x08000597   Thumb Code   228  dmul.o(.text)
    __aeabi_ddiv                             0x0800067b   Thumb Code   222  ddiv.o(.text)
    __aeabi_i2f                              0x08000759   Thumb Code    18  fflti.o(.text)
    __aeabi_ui2f                             0x0800076b   Thumb Code    10  ffltui.o(.text)
    __aeabi_f2iz                             0x08000775   Thumb Code    50  ffixi.o(.text)
    __aeabi_f2uiz                            0x080007a7   Thumb Code    40  ffixui.o(.text)
    __aeabi_f2d                              0x080007cf   Thumb Code    38  f2d.o(.text)
    __aeabi_d2f                              0x080007f5   Thumb Code    56  d2f.o(.text)
    __aeabi_uidiv                            0x0800082d   Thumb Code     0  uidiv.o(.text)
    __aeabi_uidivmod                         0x0800082d   Thumb Code    44  uidiv.o(.text)
    __aeabi_uldivmod                         0x08000859   Thumb Code    98  uldiv.o(.text)
    __aeabi_llsl                             0x080008bb   Thumb Code    30  llshl.o(.text)
    _ll_shift_l                              0x080008bb   Thumb Code     0  llshl.o(.text)
    __aeabi_lasr                             0x080008d9   Thumb Code    36  llsshr.o(.text)
    _ll_sshift_r                             0x080008d9   Thumb Code     0  llsshr.o(.text)
    __I$use$fp                               0x080008fd   Thumb Code     0  iusefp.o(.text)
    _float_round                             0x080008fd   Thumb Code    18  fepilogue.o(.text)
    _float_epilogue                          0x0800090f   Thumb Code    92  fepilogue.o(.text)
    _double_round                            0x0800096b   Thumb Code    30  depilogue.o(.text)
    _double_epilogue                         0x08000989   Thumb Code   156  depilogue.o(.text)
    __ARM_scalbn                             0x08000a25   Thumb Code    46  dscalb.o(.text)
    scalbn                                   0x08000a25   Thumb Code     0  dscalb.o(.text)
    __aeabi_d2ulz                            0x08000a53   Thumb Code    48  dfixul.o(.text)
    __aeabi_cdrcmple                         0x08000a85   Thumb Code    48  cdrcmple.o(.text)
    __scatterload                            0x08000ab5   Thumb Code    28  init.o(.text)
    __scatterload_rt2                        0x08000ab5   Thumb Code     0  init.o(.text)
    _dsqrt                                   0x08000ad9   Thumb Code   162  dsqrt.o(.text)
    ADC_ConversionStop_Disable               0x08000b7d   Thumb Code    86  stm32f1xx_hal_adc.o(i.ADC_ConversionStop_Disable)
    AirMouse_Update                          0x08000bd5   Thumb Code   150  freertos.o(i.AirMouse_Update)
    BusFault_Handler                         0x08000c81   Thumb Code     2  stm32f1xx_it.o(i.BusFault_Handler)
    DebugMon_Handler                         0x08000c83   Thumb Code     2  stm32f1xx_it.o(i.DebugMon_Handler)
    EXTI9_5_IRQHandler                       0x08000c85   Thumb Code    24  stm32f1xx_it.o(i.EXTI9_5_IRQHandler)
    Error_Handler                            0x08000c9d   Thumb Code     4  main.o(i.Error_Handler)
    HAL_ADC_ConfigChannel                    0x08000ca1   Thumb Code   240  stm32f1xx_hal_adc.o(i.HAL_ADC_ConfigChannel)
    HAL_ADC_Init                             0x08000d9d   Thumb Code   272  stm32f1xx_hal_adc.o(i.HAL_ADC_Init)
    HAL_ADC_MspInit                          0x08000eb9   Thumb Code    76  adc.o(i.HAL_ADC_MspInit)
    HAL_Delay                                0x08000f11   Thumb Code    32  stm32f1xx_hal.o(i.HAL_Delay)
    HAL_GPIO_EXTI_Callback                   0x08000f35   Thumb Code    20  tim.o(i.HAL_GPIO_EXTI_Callback)
    HAL_GPIO_EXTI_IRQHandler                 0x08000f4d   Thumb Code    18  stm32f1xx_hal_gpio.o(i.HAL_GPIO_EXTI_IRQHandler)
    HAL_GPIO_Init                            0x08000f65   Thumb Code   446  stm32f1xx_hal_gpio.o(i.HAL_GPIO_Init)
    HAL_GPIO_ReadPin                         0x08001145   Thumb Code    10  stm32f1xx_hal_gpio.o(i.HAL_GPIO_ReadPin)
    HAL_GPIO_WritePin                        0x0800114f   Thumb Code    10  stm32f1xx_hal_gpio.o(i.HAL_GPIO_WritePin)
    HAL_GetTick                              0x08001159   Thumb Code     6  stm32f1xx_hal.o(i.HAL_GetTick)
    HAL_IncTick                              0x08001165   Thumb Code    12  stm32f1xx_hal.o(i.HAL_IncTick)
    HAL_Init                                 0x08001175   Thumb Code    32  stm32f1xx_hal.o(i.HAL_Init)
    HAL_InitTick                             0x08001199   Thumb Code   118  stm32f1xx_hal_timebase_tim.o(i.HAL_InitTick)
    HAL_MspInit                              0x08001225   Thumb Code    62  stm32f1xx_hal_msp.o(i.HAL_MspInit)
    HAL_NVIC_EnableIRQ                       0x0800126d   Thumb Code    26  stm32f1xx_hal_cortex.o(i.HAL_NVIC_EnableIRQ)
    HAL_NVIC_SetPriority                     0x08001289   Thumb Code    60  stm32f1xx_hal_cortex.o(i.HAL_NVIC_SetPriority)
    HAL_NVIC_SetPriorityGrouping             0x080012c9   Thumb Code    26  stm32f1xx_hal_cortex.o(i.HAL_NVIC_SetPriorityGrouping)
    HAL_RCCEx_PeriphCLKConfig                0x080012ed   Thumb Code   224  stm32f1xx_hal_rcc_ex.o(i.HAL_RCCEx_PeriphCLKConfig)
    HAL_RCC_ClockConfig                      0x080013d9   Thumb Code   280  stm32f1xx_hal_rcc.o(i.HAL_RCC_ClockConfig)
    HAL_RCC_GetClockConfig                   0x08001505   Thumb Code    54  stm32f1xx_hal_rcc.o(i.HAL_RCC_GetClockConfig)
    HAL_RCC_GetPCLK1Freq                     0x08001545   Thumb Code    20  stm32f1xx_hal_rcc.o(i.HAL_RCC_GetPCLK1Freq)
    HAL_RCC_GetPCLK2Freq                     0x08001565   Thumb Code    20  stm32f1xx_hal_rcc.o(i.HAL_RCC_GetPCLK2Freq)
    HAL_RCC_GetSysClockFreq                  0x08001585   Thumb Code    58  stm32f1xx_hal_rcc.o(i.HAL_RCC_GetSysClockFreq)
    HAL_RCC_OscConfig                        0x080015d1   Thumb Code   778  stm32f1xx_hal_rcc.o(i.HAL_RCC_OscConfig)
    HAL_SPI_Init                             0x080018f1   Thumb Code   178  stm32f1xx_hal_spi.o(i.HAL_SPI_Init)
    HAL_SPI_MspInit                          0x080019a5   Thumb Code   102  spi.o(i.HAL_SPI_MspInit)
    HAL_SPI_Transmit                         0x08001a19   Thumb Code   358  stm32f1xx_hal_spi.o(i.HAL_SPI_Transmit)
    HAL_SPI_TransmitReceive                  0x08001b7f   Thumb Code   496  stm32f1xx_hal_spi.o(i.HAL_SPI_TransmitReceive)
    HAL_TIMEx_BreakCallback                  0x08001d6f   Thumb Code     2  stm32f1xx_hal_tim_ex.o(i.HAL_TIMEx_BreakCallback)
    HAL_TIMEx_CommutCallback                 0x08001d71   Thumb Code     2  stm32f1xx_hal_tim_ex.o(i.HAL_TIMEx_CommutCallback)
    HAL_TIMEx_MasterConfigSynchronization    0x08001d75   Thumb Code    92  stm32f1xx_hal_tim_ex.o(i.HAL_TIMEx_MasterConfigSynchronization)
    HAL_TIM_Base_Init                        0x08001ddd   Thumb Code    90  stm32f1xx_hal_tim.o(i.HAL_TIM_Base_Init)
    HAL_TIM_Base_MspInit                     0x08001e39   Thumb Code    86  tim.o(i.HAL_TIM_Base_MspInit)
    HAL_TIM_Base_Start_IT                    0x08001e99   Thumb Code    76  stm32f1xx_hal_tim.o(i.HAL_TIM_Base_Start_IT)
    HAL_TIM_Base_Stop_IT                     0x08001ef1   Thumb Code    48  stm32f1xx_hal_tim.o(i.HAL_TIM_Base_Stop_IT)
    HAL_TIM_ConfigClockSource                0x08001f21   Thumb Code   220  stm32f1xx_hal_tim.o(i.HAL_TIM_ConfigClockSource)
    HAL_TIM_Encoder_Init                     0x08001ffd   Thumb Code   164  stm32f1xx_hal_tim.o(i.HAL_TIM_Encoder_Init)
    HAL_TIM_Encoder_MspInit                  0x080020a1   Thumb Code    76  tim.o(i.HAL_TIM_Encoder_MspInit)
    HAL_TIM_Encoder_Start                    0x080020f9   Thumb Code   142  stm32f1xx_hal_tim.o(i.HAL_TIM_Encoder_Start)
    HAL_TIM_IC_CaptureCallback               0x08002187   Thumb Code     2  stm32f1xx_hal_tim.o(i.HAL_TIM_IC_CaptureCallback)
    HAL_TIM_IRQHandler                       0x08002189   Thumb Code   304  stm32f1xx_hal_tim.o(i.HAL_TIM_IRQHandler)
    HAL_TIM_OC_DelayElapsedCallback          0x080022b9   Thumb Code     2  stm32f1xx_hal_tim.o(i.HAL_TIM_OC_DelayElapsedCallback)
    HAL_TIM_PWM_PulseFinishedCallback        0x080022bb   Thumb Code     2  stm32f1xx_hal_tim.o(i.HAL_TIM_PWM_PulseFinishedCallback)
    HAL_TIM_PeriodElapsedCallback            0x080022bd   Thumb Code    96  tim.o(i.HAL_TIM_PeriodElapsedCallback)
    HAL_TIM_TriggerCallback                  0x0800232d   Thumb Code     2  stm32f1xx_hal_tim.o(i.HAL_TIM_TriggerCallback)
    HAL_UART_Init                            0x0800232f   Thumb Code   100  stm32f1xx_hal_uart.o(i.HAL_UART_Init)
    HAL_UART_MspInit                         0x08002395   Thumb Code   100  usart.o(i.HAL_UART_MspInit)
    HardFault_Handler                        0x08002405   Thumb Code     2  stm32f1xx_it.o(i.HardFault_Handler)
    IIC_Ack                                  0x08002409   Thumb Code    60  iic.o(i.IIC_Ack)
    IIC_GPIO_Init                            0x08002455   Thumb Code    50  iic.o(i.IIC_GPIO_Init)
    IIC_NAck                                 0x08002491   Thumb Code    50  iic.o(i.IIC_NAck)
    IIC_Read_Byte                            0x080024c9   Thumb Code    84  iic.o(i.IIC_Read_Byte)
    IIC_Send_Byte                            0x08002521   Thumb Code    86  iic.o(i.IIC_Send_Byte)
    IIC_Start                                0x0800257d   Thumb Code    60  iic.o(i.IIC_Start)
    IIC_Stop                                 0x080025bd   Thumb Code    42  iic.o(i.IIC_Stop)
    IIC_Wait_Ack                             0x080025ed   Thumb Code    66  iic.o(i.IIC_Wait_Ack)
    MPU6050_Task                             0x08002635   Thumb Code    64  freertos.o(i.MPU6050_Task)
    MPU_Init                                 0x0800267d   Thumb Code   118  mpu6050.o(i.MPU_Init)
    MPU_Read_Byte                            0x080026f3   Thumb Code    58  mpu6050.o(i.MPU_Read_Byte)
    MPU_Read_Len                             0x0800272d   Thumb Code   108  mpu6050.o(i.MPU_Read_Len)
    MPU_Set_Accel_Fsr                        0x08002799   Thumb Code    10  mpu6050.o(i.MPU_Set_Accel_Fsr)
    MPU_Set_Gyro_Fsr                         0x080027a3   Thumb Code    10  mpu6050.o(i.MPU_Set_Gyro_Fsr)
    MPU_Set_LPF                              0x080027ad   Thumb Code    48  mpu6050.o(i.MPU_Set_LPF)
    MPU_Set_Rate                             0x080027dd   Thumb Code    46  mpu6050.o(i.MPU_Set_Rate)
    MPU_Write_Byte                           0x0800280b   Thumb Code    60  mpu6050.o(i.MPU_Write_Byte)
    MPU_Write_Len                            0x08002847   Thumb Code    82  mpu6050.o(i.MPU_Write_Len)
    MX_ADC1_Init                             0x08002899   Thumb Code    68  adc.o(i.MX_ADC1_Init)
    MX_FREERTOS_Init                         0x080028e5   Thumb Code    70  freertos.o(i.MX_FREERTOS_Init)
    MX_GPIO_Init                             0x08002985   Thumb Code   204  gpio.o(i.MX_GPIO_Init)
    MX_SPI2_Init                             0x08002a61   Thumb Code    62  spi.o(i.MX_SPI2_Init)
    MX_TIM2_Init                             0x08002aa9   Thumb Code   104  tim.o(i.MX_TIM2_Init)
    MX_TIM3_Init                             0x08002b15   Thumb Code   106  tim.o(i.MX_TIM3_Init)
    MX_TIM4_Init                             0x08002b89   Thumb Code   100  tim.o(i.MX_TIM4_Init)
    MX_USART1_UART_Init                      0x08002bf5   Thumb Code    48  usart.o(i.MX_USART1_UART_Init)
    MemManage_Handler                        0x08002c2d   Thumb Code     2  stm32f1xx_it.o(i.MemManage_Handler)
    NMI_Handler                              0x08002c2f   Thumb Code     2  stm32f1xx_it.o(i.NMI_Handler)
    NRF24L01_Init                            0x08002c31   Thumb Code    96  nrf24l01.o(i.NRF24L01_Init)
    SPI_SwapByte                             0x08002cc9   Thumb Code    34  nrf24l01.o(i.SPI_SwapByte)
    SysTick_Handler                          0x08002da9   Thumb Code    26  cmsis_os2.o(i.SysTick_Handler)
    SystemClock_Config                       0x08002dc3   Thumb Code   120  main.o(i.SystemClock_Config)
    SystemInit                               0x08002e3b   Thumb Code     2  system_stm32f1xx.o(i.SystemInit)
    TIM1_UP_IRQHandler                       0x08002e3d   Thumb Code     6  stm32f1xx_it.o(i.TIM1_UP_IRQHandler)
    TIM2_IRQHandler                          0x08002e49   Thumb Code     6  stm32f1xx_it.o(i.TIM2_IRQHandler)
    TIM4_IRQHandler                          0x08002e55   Thumb Code     6  stm32f1xx_it.o(i.TIM4_IRQHandler)
    TIM_Base_SetConfig                       0x08002e61   Thumb Code   108  stm32f1xx_hal_tim.o(i.TIM_Base_SetConfig)
    TIM_CCxChannelCmd                        0x08002ed9   Thumb Code    26  stm32f1xx_hal_tim.o(i.TIM_CCxChannelCmd)
    TIM_ETR_SetConfig                        0x08002ef3   Thumb Code    20  stm32f1xx_hal_tim.o(i.TIM_ETR_SetConfig)
    UART_Task                                0x08003015   Thumb Code    56  freertos.o(i.UART_Task)
    UsageFault_Handler                       0x08003071   Thumb Code     2  stm32f1xx_it.o(i.UsageFault_Handler)
    W_Buf                                    0x08003075   Thumb Code    44  nrf24l01.o(i.W_Buf)
    W_CE                                     0x080030a5   Thumb Code    18  nrf24l01.o(i.W_CE)
    W_CSN                                    0x080030bd   Thumb Code    18  nrf24l01.o(i.W_CSN)
    W_Reg                                    0x080030d5   Thumb Code    34  nrf24l01.o(i.W_Reg)
    __0printf                                0x080030f9   Thumb Code    22  printfa.o(i.__0printf)
    __1printf                                0x080030f9   Thumb Code     0  printfa.o(i.__0printf)
    __2printf                                0x080030f9   Thumb Code     0  printfa.o(i.__0printf)
    __c89printf                              0x080030f9   Thumb Code     0  printfa.o(i.__0printf)
    printf                                   0x080030f9   Thumb Code     0  printfa.o(i.__0printf)
    __ARM_fpclassify                         0x08003119   Thumb Code    40  fpclassify.o(i.__ARM_fpclassify)
    __kernel_poly                            0x08003161   Thumb Code   170  poly.o(i.__kernel_poly)
    __mathlib_dbl_infnan                     0x0800320b   Thumb Code     6  dunder.o(i.__mathlib_dbl_infnan)
    __mathlib_dbl_infnan2                    0x08003211   Thumb Code     4  dunder.o(i.__mathlib_dbl_infnan2)
    __mathlib_dbl_invalid                    0x08003215   Thumb Code    12  dunder.o(i.__mathlib_dbl_invalid)
    __mathlib_dbl_underflow                  0x08003221   Thumb Code    10  dunder.o(i.__mathlib_dbl_underflow)
    __scatterload_copy                       0x08003231   Thumb Code    14  handlers.o(i.__scatterload_copy)
    __scatterload_null                       0x0800323f   Thumb Code     2  handlers.o(i.__scatterload_null)
    __scatterload_zeroinit                   0x08003241   Thumb Code    14  handlers.o(i.__scatterload_zeroinit)
    __set_errno                              0x08003251   Thumb Code     6  errno.o(i.__set_errno)
    asin                                     0x08003b91   Thumb Code   572  asin.o(i.asin)
    atan                                     0x08003e01   Thumb Code   474  atan.o(i.atan)
    atan2                                    0x08004021   Thumb Code   346  atan2.o(i.atan2)
    dmp_enable_6x_lp_quat                    0x080041a1   Thumb Code    58  inv_mpu_dmp_motion_driver.o(i.dmp_enable_6x_lp_quat)
    dmp_enable_feature                       0x080041dd   Thumb Code   464  inv_mpu_dmp_motion_driver.o(i.dmp_enable_feature)
    dmp_enable_gyro_cal                      0x080043b5   Thumb Code    34  inv_mpu_dmp_motion_driver.o(i.dmp_enable_gyro_cal)
    dmp_enable_lp_quat                       0x080043f1   Thumb Code    58  inv_mpu_dmp_motion_driver.o(i.dmp_enable_lp_quat)
    dmp_load_motion_driver_firmware          0x0800442d   Thumb Code    16  inv_mpu_dmp_motion_driver.o(i.dmp_load_motion_driver_firmware)
    dmp_read_fifo                            0x08004441   Thumb Code   320  inv_mpu_dmp_motion_driver.o(i.dmp_read_fifo)
    dmp_set_accel_bias                       0x08004585   Thumb Code   210  inv_mpu_dmp_motion_driver.o(i.dmp_set_accel_bias)
    dmp_set_fifo_rate                        0x0800465d   Thumb Code    82  inv_mpu_dmp_motion_driver.o(i.dmp_set_fifo_rate)
    dmp_set_gyro_bias                        0x080046c1   Thumb Code   196  inv_mpu_dmp_motion_driver.o(i.dmp_set_gyro_bias)
    dmp_set_orientation                      0x0800478d   Thumb Code   246  inv_mpu_dmp_motion_driver.o(i.dmp_set_orientation)
    dmp_set_shake_reject_thresh              0x08004899   Thumb Code    48  inv_mpu_dmp_motion_driver.o(i.dmp_set_shake_reject_thresh)
    dmp_set_shake_reject_time                0x080048c9   Thumb Code    32  inv_mpu_dmp_motion_driver.o(i.dmp_set_shake_reject_time)
    dmp_set_shake_reject_timeout             0x080048e9   Thumb Code    32  inv_mpu_dmp_motion_driver.o(i.dmp_set_shake_reject_timeout)
    dmp_set_tap_axes                         0x08004909   Thumb Code    64  inv_mpu_dmp_motion_driver.o(i.dmp_set_tap_axes)
    dmp_set_tap_count                        0x08004949   Thumb Code    34  inv_mpu_dmp_motion_driver.o(i.dmp_set_tap_count)
    dmp_set_tap_thresh                       0x0800496d   Thumb Code   274  inv_mpu_dmp_motion_driver.o(i.dmp_set_tap_thresh)
    dmp_set_tap_time                         0x08004a95   Thumb Code    32  inv_mpu_dmp_motion_driver.o(i.dmp_set_tap_time)
    dmp_set_tap_time_multi                   0x08004ab5   Thumb Code    32  inv_mpu_dmp_motion_driver.o(i.dmp_set_tap_time_multi)
    fputc                                    0x08004ad5   Thumb Code    14  usart.o(i.fputc)
    inv_orientation_matrix_to_scalar         0x08004f7d   Thumb Code    34  inv_mpu.o(i.inv_orientation_matrix_to_scalar)
    inv_row_2_scale                          0x08004f9f   Thumb Code    72  inv_mpu.o(i.inv_row_2_scale)
    main                                     0x08004fe7   Thumb Code    50  main.o(i.main)
    mget_ms                                  0x08005019   Thumb Code     2  inv_mpu.o(i.mget_ms)
    mpu_configure_fifo                       0x0800501d   Thumb Code    78  inv_mpu.o(i.mpu_configure_fifo)
    mpu_dmp_get_data                         0x08005071   Thumb Code   408  inv_mpu.o(i.mpu_dmp_get_data)
    mpu_dmp_init                             0x0800520d   Thumb Code   158  inv_mpu.o(i.mpu_dmp_init)
    mpu_get_accel_fsr                        0x080052b1   Thumb Code    54  inv_mpu.o(i.mpu_get_accel_fsr)
    mpu_get_accel_sens                       0x080052ed   Thumb Code    62  inv_mpu.o(i.mpu_get_accel_sens)
    mpu_get_gyro_fsr                         0x08005331   Thumb Code    48  inv_mpu.o(i.mpu_get_gyro_fsr)
    mpu_get_gyro_sens                        0x08005365   Thumb Code    44  inv_mpu.o(i.mpu_get_gyro_sens)
    mpu_get_lpf                              0x080053a5   Thumb Code    52  inv_mpu.o(i.mpu_get_lpf)
    mpu_get_sample_rate                      0x080053dd   Thumb Code    22  inv_mpu.o(i.mpu_get_sample_rate)
    mpu_init                                 0x080053f9   Thumb Code   310  inv_mpu.o(i.mpu_init)
    mpu_load_firmware                        0x08005581   Thumb Code   154  inv_mpu.o(i.mpu_load_firmware)
    mpu_lp_accel_mode                        0x08005621   Thumb Code   178  inv_mpu.o(i.mpu_lp_accel_mode)
    mpu_read_fifo_stream                     0x080056d9   Thumb Code   140  inv_mpu.o(i.mpu_read_fifo_stream)
    mpu_read_mem                             0x08005769   Thumb Code    80  inv_mpu.o(i.mpu_read_mem)
    mpu_reset_fifo                           0x080057bd   Thumb Code   346  inv_mpu.o(i.mpu_reset_fifo)
    mpu_run_self_test                        0x0800591d   Thumb Code   234  inv_mpu.o(i.mpu_run_self_test)
    mpu_set_accel_fsr                        0x08005a0d   Thumb Code    98  inv_mpu.o(i.mpu_set_accel_fsr)
    mpu_set_bypass                           0x08005a75   Thumb Code   214  inv_mpu.o(i.mpu_set_bypass)
    mpu_set_dmp_state                        0x08005b51   Thumb Code   114  inv_mpu.o(i.mpu_set_dmp_state)
    mpu_set_gyro_fsr                         0x08005bc9   Thumb Code   104  inv_mpu.o(i.mpu_set_gyro_fsr)
    mpu_set_int_latched                      0x08005c35   Thumb Code    94  inv_mpu.o(i.mpu_set_int_latched)
    mpu_set_lpf                              0x08005c99   Thumb Code   102  inv_mpu.o(i.mpu_set_lpf)
    mpu_set_sample_rate                      0x08005d05   Thumb Code   124  inv_mpu.o(i.mpu_set_sample_rate)
    mpu_set_sensors                          0x08005d85   Thumb Code   178  inv_mpu.o(i.mpu_set_sensors)
    mpu_write_mem                            0x08005e3d   Thumb Code    80  inv_mpu.o(i.mpu_write_mem)
    osKernelInitialize                       0x08005e91   Thumb Code    32  cmsis_os2.o(i.osKernelInitialize)
    osKernelStart                            0x08005eb5   Thumb Code    48  cmsis_os2.o(i.osKernelStart)
    pvPortMalloc                             0x08006681   Thumb Code   216  heap_4.o(i.pvPortMalloc)
    pxPortInitialiseStack                    0x0800675d   Thumb Code    32  port.o(i.pxPortInitialiseStack)
    run_self_test                            0x08006781   Thumb Code   128  inv_mpu.o(i.run_self_test)
    sqrt                                     0x08006859   Thumb Code    76  sqrt.o(i.sqrt)
    uxListRemove                             0x080068a5   Thumb Code    38  list.o(i.uxListRemove)
    vApplicationGetIdleTaskMemory            0x080068cd   Thumb Code    16  cmsis_os2.o(i.vApplicationGetIdleTaskMemory)
    vApplicationGetTimerTaskMemory           0x080068e1   Thumb Code    18  cmsis_os2.o(i.vApplicationGetTimerTaskMemory)
    vListInitialise                          0x080068f9   Thumb Code    22  list.o(i.vListInitialise)
    vListInitialiseItem                      0x0800690f   Thumb Code     6  list.o(i.vListInitialiseItem)
    vListInsert                              0x08006915   Thumb Code    48  list.o(i.vListInsert)
    vListInsertEnd                           0x08006945   Thumb Code    24  list.o(i.vListInsertEnd)
    vPortEnterCritical                       0x0800695d   Thumb Code    54  port.o(i.vPortEnterCritical)
    vPortExitCritical                        0x0800699d   Thumb Code    34  port.o(i.vPortExitCritical)
    vPortFree                                0x080069c5   Thumb Code    94  heap_4.o(i.vPortFree)
    vPortSetupTimerInterrupt                 0x08006a29   Thumb Code    32  port.o(i.vPortSetupTimerInterrupt)
    vPortValidateInterruptPriority           0x08006a4d   Thumb Code    74  port.o(i.vPortValidateInterruptPriority)
    vQueueAddToRegistry                      0x08006aa1   Thumb Code    34  queue.o(i.vQueueAddToRegistry)
    vQueueWaitForMessageRestricted           0x08006ac9   Thumb Code    68  queue.o(i.vQueueWaitForMessageRestricted)
    vTaskDelay                               0x08006b0d   Thumb Code    66  tasks.o(i.vTaskDelay)
    vTaskInternalSetTimeOutState             0x08006b59   Thumb Code    12  tasks.o(i.vTaskInternalSetTimeOutState)
    vTaskMissedYield                         0x08006b69   Thumb Code     8  tasks.o(i.vTaskMissedYield)
    vTaskPlaceOnEventList                    0x08006b75   Thumb Code    44  tasks.o(i.vTaskPlaceOnEventList)
    vTaskPlaceOnEventListRestricted          0x08006ba5   Thumb Code    52  tasks.o(i.vTaskPlaceOnEventListRestricted)
    vTaskStartScheduler                      0x08006bdd   Thumb Code   118  tasks.o(i.vTaskStartScheduler)
    vTaskSuspendAll                          0x08006c65   Thumb Code    10  tasks.o(i.vTaskSuspendAll)
    vTaskSwitchContext                       0x08006c75   Thumb Code    90  tasks.o(i.vTaskSwitchContext)
    xPortStartScheduler                      0x08006cd9   Thumb Code   154  port.o(i.xPortStartScheduler)
    xPortSysTickHandler                      0x08006d81   Thumb Code    38  port.o(i.xPortSysTickHandler)
    xQueueGenericCreateStatic                0x08006dad   Thumb Code   102  queue.o(i.xQueueGenericCreateStatic)
    xQueueGenericReset                       0x08006e15   Thumb Code   132  queue.o(i.xQueueGenericReset)
    xQueueGenericSend                        0x08006e9d   Thumb Code   346  queue.o(i.xQueueGenericSend)
    xQueueGenericSendFromISR                 0x08006ffd   Thumb Code   190  queue.o(i.xQueueGenericSendFromISR)
    xQueueReceive                            0x080070bd   Thumb Code   308  queue.o(i.xQueueReceive)
    xTaskCheckForTimeOut                     0x080071f5   Thumb Code   112  tasks.o(i.xTaskCheckForTimeOut)
    xTaskCreate                              0x08007269   Thumb Code    90  tasks.o(i.xTaskCreate)
    xTaskCreateStatic                        0x080072c3   Thumb Code    86  tasks.o(i.xTaskCreateStatic)
    xTaskGetSchedulerState                   0x08007319   Thumb Code    22  tasks.o(i.xTaskGetSchedulerState)
    xTaskGetTickCount                        0x08007335   Thumb Code     6  tasks.o(i.xTaskGetTickCount)
    xTaskIncrementTick                       0x08007341   Thumb Code   192  tasks.o(i.xTaskIncrementTick)
    xTaskPriorityDisinherit                  0x08007409   Thumb Code   118  tasks.o(i.xTaskPriorityDisinherit)
    xTaskRemoveFromEventList                 0x08007489   Thumb Code    98  tasks.o(i.xTaskRemoveFromEventList)
    xTaskResumeAll                           0x080074f9   Thumb Code   182  tasks.o(i.xTaskResumeAll)
    xTimerCreateTimerTask                    0x080075bd   Thumb Code    78  timers.o(i.xTimerCreateTimerTask)
    xTimerGenericCommand                     0x0800761d   Thumb Code    98  timers.o(i.xTimerGenericCommand)
    AHBPrescTable                            0x08007696   Data          16  system_stm32f1xx.o(.constdata)
    APBPrescTable                            0x080076a6   Data           8  system_stm32f1xx.o(.constdata)
    reg                                      0x080076ae   Data          27  inv_mpu.o(.constdata)
    hw                                       0x080076ca   Data          12  inv_mpu.o(.constdata)
    test                                     0x080076d8   Data          40  inv_mpu.o(.constdata)
    __mathlib_zero                           0x080083e0   Data           8  qnan.o(.constdata)
    Region$$Table$$Base                      0x08008438   Number         0  anon$$obj.o(Region$$Table)
    Region$$Table$$Limit                     0x08008458   Number         0  anon$$obj.o(Region$$Table)
    Key_SendFlag                             0x20000001   Data           1  freertos.o(.data)
    ADC_Value1                               0x20000002   Data           2  freertos.o(.data)
    angel_pitch                              0x20000014   Data           4  freertos.o(.data)
    angel_roll                               0x20000018   Data           4  freertos.o(.data)
    angel_yaw                                0x2000001c   Data           4  freertos.o(.data)
    Key_Number                               0x20000020   Data           1  tim.o(.data)
    uwTickFreq                               0x20000024   Data           1  stm32f1xx_hal.o(.data)
    uwTickPrio                               0x20000028   Data           4  stm32f1xx_hal.o(.data)
    uwTick                                   0x2000002c   Data           4  stm32f1xx_hal.o(.data)
    SystemCoreClock                          0x20000030   Data           4  system_stm32f1xx.o(.data)
    T_ADDR                                   0x20000034   Data           5  nrf24l01.o(.data)
    R_ADDR                                   0x20000039   Data           5  nrf24l01.o(.data)
    pxCurrentTCB                             0x20000078   Data           4  tasks.o(.data)
    __stdout                                 0x200000f8   Data           4  stdout.o(.data)
    Buf                                      0x20000100   Data          32  freertos.o(.bss)
    hadc1                                    0x20000120   Data          48  adc.o(.bss)
    hspi2                                    0x20000150   Data          88  spi.o(.bss)
    htim2                                    0x200001a8   Data          72  tim.o(.bss)
    htim3                                    0x200001f0   Data          72  tim.o(.bss)
    htim4                                    0x20000238   Data          72  tim.o(.bss)
    huart1                                   0x20000280   Data          72  usart.o(.bss)
    htim1                                    0x200002c8   Data          72  stm32f1xx_hal_timebase_tim.o(.bss)
    xQueueRegistry                           0x20000320   Data          64  queue.o(.bss)
    __initial_sp                             0x20001ff8   Data           0  startup_stm32f103xb.o(STACK)



==============================================================================

Memory Map of the image

  Image Entry point : 0x080000ed

  Load Region LR_IROM1 (Base: 0x08000000, Size: 0x00008558, Max: 0x00010000, ABSOLUTE)

    Execution Region ER_IROM1 (Exec base: 0x08000000, Load base: 0x08000000, Size: 0x00008458, Max: 0x00010000, ABSOLUTE)

    Exec Addr    Load Addr    Size         Type   Attr      Idx    E Section Name        Object

    0x08000000   0x08000000   0x000000ec   Data   RO            3    RESET               startup_stm32f103xb.o
    0x080000ec   0x080000ec   0x00000000   Code   RO         6394  * .ARM.Collect$$$$00000000  mc_w.l(entry.o)
    0x080000ec   0x080000ec   0x00000004   Code   RO         6739    .ARM.Collect$$$$00000001  mc_w.l(entry2.o)
    0x080000f0   0x080000f0   0x00000004   Code   RO         6742    .ARM.Collect$$$$00000004  mc_w.l(entry5.o)
    0x080000f4   0x080000f4   0x00000000   Code   RO         6744    .ARM.Collect$$$$00000008  mc_w.l(entry7b.o)
    0x080000f4   0x080000f4   0x00000000   Code   RO         6746    .ARM.Collect$$$$0000000A  mc_w.l(entry8b.o)
    0x080000f4   0x080000f4   0x00000008   Code   RO         6747    .ARM.Collect$$$$0000000B  mc_w.l(entry9a.o)
    0x080000fc   0x080000fc   0x00000000   Code   RO         6749    .ARM.Collect$$$$0000000D  mc_w.l(entry10a.o)
    0x080000fc   0x080000fc   0x00000000   Code   RO         6751    .ARM.Collect$$$$0000000F  mc_w.l(entry11a.o)
    0x080000fc   0x080000fc   0x00000004   Code   RO         6740    .ARM.Collect$$$$00002712  mc_w.l(entry2.o)
    0x08000100   0x08000100   0x00000096   Code   RO         6299    .emb_text           port.o
    0x08000196   0x08000196   0x00000002   PAD
    0x08000198   0x08000198   0x00000024   Code   RO            4    .text               startup_stm32f103xb.o
    0x080001bc   0x080001bc   0x00000062   Code   RO         6397    .text               mc_w.l(ldiv.o)
    0x0800021e   0x0800021e   0x00000020   Code   RO         6399    .text               mc_w.l(llushr.o)
    0x0800023e   0x0800023e   0x00000024   Code   RO         6401    .text               mc_w.l(memcpya.o)
    0x08000262   0x08000262   0x00000024   Code   RO         6405    .text               mc_w.l(memseta.o)
    0x08000286   0x08000286   0x0000001a   Code   RO         6407    .text               mc_w.l(memcmp.o)
    0x080002a0   0x080002a0   0x000000b0   Code   RO         6672    .text               mf_w.l(fadd.o)
    0x08000350   0x08000350   0x00000064   Code   RO         6674    .text               mf_w.l(fmul.o)
    0x080003b4   0x080003b4   0x0000007c   Code   RO         6676    .text               mf_w.l(fdiv.o)
    0x08000430   0x08000430   0x00000018   Code   RO         6678    .text               mf_w.l(fscalb.o)
    0x08000448   0x08000448   0x0000014e   Code   RO         6680    .text               mf_w.l(dadd.o)
    0x08000596   0x08000596   0x000000e4   Code   RO         6682    .text               mf_w.l(dmul.o)
    0x0800067a   0x0800067a   0x000000de   Code   RO         6684    .text               mf_w.l(ddiv.o)
    0x08000758   0x08000758   0x00000012   Code   RO         6686    .text               mf_w.l(fflti.o)
    0x0800076a   0x0800076a   0x0000000a   Code   RO         6688    .text               mf_w.l(ffltui.o)
    0x08000774   0x08000774   0x00000032   Code   RO         6694    .text               mf_w.l(ffixi.o)
    0x080007a6   0x080007a6   0x00000028   Code   RO         6696    .text               mf_w.l(ffixui.o)
    0x080007ce   0x080007ce   0x00000026   Code   RO         6698    .text               mf_w.l(f2d.o)
    0x080007f4   0x080007f4   0x00000038   Code   RO         6700    .text               mf_w.l(d2f.o)
    0x0800082c   0x0800082c   0x0000002c   Code   RO         6754    .text               mc_w.l(uidiv.o)
    0x08000858   0x08000858   0x00000062   Code   RO         6756    .text               mc_w.l(uldiv.o)
    0x080008ba   0x080008ba   0x0000001e   Code   RO         6758    .text               mc_w.l(llshl.o)
    0x080008d8   0x080008d8   0x00000024   Code   RO         6760    .text               mc_w.l(llsshr.o)
    0x080008fc   0x080008fc   0x00000000   Code   RO         6769    .text               mc_w.l(iusefp.o)
    0x080008fc   0x080008fc   0x0000006e   Code   RO         6770    .text               mf_w.l(fepilogue.o)
    0x0800096a   0x0800096a   0x000000ba   Code   RO         6772    .text               mf_w.l(depilogue.o)
    0x08000a24   0x08000a24   0x0000002e   Code   RO         6774    .text               mf_w.l(dscalb.o)
    0x08000a52   0x08000a52   0x00000030   Code   RO         6776    .text               mf_w.l(dfixul.o)
    0x08000a82   0x08000a82   0x00000002   PAD
    0x08000a84   0x08000a84   0x00000030   Code   RO         6778    .text               mf_w.l(cdrcmple.o)
    0x08000ab4   0x08000ab4   0x00000024   Code   RO         6780    .text               mc_w.l(init.o)
    0x08000ad8   0x08000ad8   0x000000a2   Code   RO         6782    .text               mf_w.l(dsqrt.o)
    0x08000b7a   0x08000b7a   0x00000002   PAD
    0x08000b7c   0x08000b7c   0x00000056   Code   RO         1821    i.ADC_ConversionStop_Disable  stm32f1xx_hal_adc.o
    0x08000bd2   0x08000bd2   0x00000002   PAD
    0x08000bd4   0x08000bd4   0x000000ac   Code   RO          226    i.AirMouse_Update   freertos.o
    0x08000c80   0x08000c80   0x00000002   Code   RO          667    i.BusFault_Handler  stm32f1xx_it.o
    0x08000c82   0x08000c82   0x00000002   Code   RO          668    i.DebugMon_Handler  stm32f1xx_it.o
    0x08000c84   0x08000c84   0x00000018   Code   RO          669    i.EXTI9_5_IRQHandler  stm32f1xx_it.o
    0x08000c9c   0x08000c9c   0x00000004   Code   RO           13    i.Error_Handler     main.o
    0x08000ca0   0x08000ca0   0x000000fc   Code   RO         1827    i.HAL_ADC_ConfigChannel  stm32f1xx_hal_adc.o
    0x08000d9c   0x08000d9c   0x0000011c   Code   RO         1836    i.HAL_ADC_Init      stm32f1xx_hal_adc.o
    0x08000eb8   0x08000eb8   0x00000058   Code   RO          457    i.HAL_ADC_MspInit   adc.o
    0x08000f10   0x08000f10   0x00000024   Code   RO         2104    i.HAL_Delay         stm32f1xx_hal.o
    0x08000f34   0x08000f34   0x00000018   Code   RO          540    i.HAL_GPIO_EXTI_Callback  tim.o
    0x08000f4c   0x08000f4c   0x00000018   Code   RO         2413    i.HAL_GPIO_EXTI_IRQHandler  stm32f1xx_hal_gpio.o
    0x08000f64   0x08000f64   0x000001e0   Code   RO         2414    i.HAL_GPIO_Init     stm32f1xx_hal_gpio.o
    0x08001144   0x08001144   0x0000000a   Code   RO         2416    i.HAL_GPIO_ReadPin  stm32f1xx_hal_gpio.o
    0x0800114e   0x0800114e   0x0000000a   Code   RO         2418    i.HAL_GPIO_WritePin  stm32f1xx_hal_gpio.o
    0x08001158   0x08001158   0x0000000c   Code   RO         2108    i.HAL_GetTick       stm32f1xx_hal.o
    0x08001164   0x08001164   0x00000010   Code   RO         2114    i.HAL_IncTick       stm32f1xx_hal.o
    0x08001174   0x08001174   0x00000024   Code   RO         2115    i.HAL_Init          stm32f1xx_hal.o
    0x08001198   0x08001198   0x0000008c   Code   RO          773    i.HAL_InitTick      stm32f1xx_hal_timebase_tim.o
    0x08001224   0x08001224   0x00000048   Code   RO          749    i.HAL_MspInit       stm32f1xx_hal_msp.o
    0x0800126c   0x0800126c   0x0000001a   Code   RO         2574    i.HAL_NVIC_EnableIRQ  stm32f1xx_hal_cortex.o
    0x08001286   0x08001286   0x00000002   PAD
    0x08001288   0x08001288   0x00000040   Code   RO         2580    i.HAL_NVIC_SetPriority  stm32f1xx_hal_cortex.o
    0x080012c8   0x080012c8   0x00000024   Code   RO         2581    i.HAL_NVIC_SetPriorityGrouping  stm32f1xx_hal_cortex.o
    0x080012ec   0x080012ec   0x000000ec   Code   RO         2376    i.HAL_RCCEx_PeriphCLKConfig  stm32f1xx_hal_rcc_ex.o
    0x080013d8   0x080013d8   0x0000012c   Code   RO         2272    i.HAL_RCC_ClockConfig  stm32f1xx_hal_rcc.o
    0x08001504   0x08001504   0x00000040   Code   RO         2276    i.HAL_RCC_GetClockConfig  stm32f1xx_hal_rcc.o
    0x08001544   0x08001544   0x00000020   Code   RO         2279    i.HAL_RCC_GetPCLK1Freq  stm32f1xx_hal_rcc.o
    0x08001564   0x08001564   0x00000020   Code   RO         2280    i.HAL_RCC_GetPCLK2Freq  stm32f1xx_hal_rcc.o
    0x08001584   0x08001584   0x0000004c   Code   RO         2281    i.HAL_RCC_GetSysClockFreq  stm32f1xx_hal_rcc.o
    0x080015d0   0x080015d0   0x00000320   Code   RO         2284    i.HAL_RCC_OscConfig  stm32f1xx_hal_rcc.o
    0x080018f0   0x080018f0   0x000000b2   Code   RO         3085    i.HAL_SPI_Init      stm32f1xx_hal_spi.o
    0x080019a2   0x080019a2   0x00000002   PAD
    0x080019a4   0x080019a4   0x00000074   Code   RO          499    i.HAL_SPI_MspInit   spi.o
    0x08001a18   0x08001a18   0x00000166   Code   RO         3093    i.HAL_SPI_Transmit  stm32f1xx_hal_spi.o
    0x08001b7e   0x08001b7e   0x000001f0   Code   RO         3094    i.HAL_SPI_TransmitReceive  stm32f1xx_hal_spi.o
    0x08001d6e   0x08001d6e   0x00000002   Code   RO         1554    i.HAL_TIMEx_BreakCallback  stm32f1xx_hal_tim_ex.o
    0x08001d70   0x08001d70   0x00000002   Code   RO         1555    i.HAL_TIMEx_CommutCallback  stm32f1xx_hal_tim_ex.o
    0x08001d72   0x08001d72   0x00000002   PAD
    0x08001d74   0x08001d74   0x00000068   Code   RO         1573    i.HAL_TIMEx_MasterConfigSynchronization  stm32f1xx_hal_tim_ex.o
    0x08001ddc   0x08001ddc   0x0000005a   Code   RO          850    i.HAL_TIM_Base_Init  stm32f1xx_hal_tim.o
    0x08001e36   0x08001e36   0x00000002   PAD
    0x08001e38   0x08001e38   0x00000060   Code   RO          542    i.HAL_TIM_Base_MspInit  tim.o
    0x08001e98   0x08001e98   0x00000058   Code   RO          855    i.HAL_TIM_Base_Start_IT  stm32f1xx_hal_tim.o
    0x08001ef0   0x08001ef0   0x00000030   Code   RO          858    i.HAL_TIM_Base_Stop_IT  stm32f1xx_hal_tim.o
    0x08001f20   0x08001f20   0x000000dc   Code   RO          859    i.HAL_TIM_ConfigClockSource  stm32f1xx_hal_tim.o
    0x08001ffc   0x08001ffc   0x000000a4   Code   RO          871    i.HAL_TIM_Encoder_Init  stm32f1xx_hal_tim.o
    0x080020a0   0x080020a0   0x00000058   Code   RO          544    i.HAL_TIM_Encoder_MspInit  tim.o
    0x080020f8   0x080020f8   0x0000008e   Code   RO          874    i.HAL_TIM_Encoder_Start  stm32f1xx_hal_tim.o
    0x08002186   0x08002186   0x00000002   Code   RO          884    i.HAL_TIM_IC_CaptureCallback  stm32f1xx_hal_tim.o
    0x08002188   0x08002188   0x00000130   Code   RO          898    i.HAL_TIM_IRQHandler  stm32f1xx_hal_tim.o
    0x080022b8   0x080022b8   0x00000002   Code   RO          901    i.HAL_TIM_OC_DelayElapsedCallback  stm32f1xx_hal_tim.o
    0x080022ba   0x080022ba   0x00000002   Code   RO          928    i.HAL_TIM_PWM_PulseFinishedCallback  stm32f1xx_hal_tim.o
    0x080022bc   0x080022bc   0x00000070   Code   RO          545    i.HAL_TIM_PeriodElapsedCallback  tim.o
    0x0800232c   0x0800232c   0x00000002   Code   RO          941    i.HAL_TIM_TriggerCallback  stm32f1xx_hal_tim.o
    0x0800232e   0x0800232e   0x00000064   Code   RO         3426    i.HAL_UART_Init     stm32f1xx_hal_uart.o
    0x08002392   0x08002392   0x00000002   PAD
    0x08002394   0x08002394   0x00000070   Code   RO          620    i.HAL_UART_MspInit  usart.o
    0x08002404   0x08002404   0x00000002   Code   RO          670    i.HardFault_Handler  stm32f1xx_it.o
    0x08002406   0x08002406   0x00000002   PAD
    0x08002408   0x08002408   0x00000040   Code   RO         3891    i.IIC_Ack           iic.o
    0x08002448   0x08002448   0x0000000c   Code   RO         3893    i.IIC_Delay         iic.o
    0x08002454   0x08002454   0x0000003c   Code   RO         3894    i.IIC_GPIO_Init     iic.o
    0x08002490   0x08002490   0x00000038   Code   RO         3895    i.IIC_NAck          iic.o
    0x080024c8   0x080024c8   0x00000058   Code   RO         3896    i.IIC_Read_Byte     iic.o
    0x08002520   0x08002520   0x0000005c   Code   RO         3897    i.IIC_Send_Byte     iic.o
    0x0800257c   0x0800257c   0x00000040   Code   RO         3898    i.IIC_Start         iic.o
    0x080025bc   0x080025bc   0x00000030   Code   RO         3899    i.IIC_Stop          iic.o
    0x080025ec   0x080025ec   0x00000048   Code   RO         3900    i.IIC_Wait_Ack      iic.o
    0x08002634   0x08002634   0x00000048   Code   RO          229    i.MPU6050_Task      freertos.o
    0x0800267c   0x0800267c   0x00000076   Code   RO         3974    i.MPU_Init          mpu6050.o
    0x080026f2   0x080026f2   0x0000003a   Code   RO         3975    i.MPU_Read_Byte     mpu6050.o
    0x0800272c   0x0800272c   0x0000006c   Code   RO         3976    i.MPU_Read_Len      mpu6050.o
    0x08002798   0x08002798   0x0000000a   Code   RO         3977    i.MPU_Set_Accel_Fsr  mpu6050.o
    0x080027a2   0x080027a2   0x0000000a   Code   RO         3978    i.MPU_Set_Gyro_Fsr  mpu6050.o
    0x080027ac   0x080027ac   0x00000030   Code   RO         3979    i.MPU_Set_LPF       mpu6050.o
    0x080027dc   0x080027dc   0x0000002e   Code   RO         3980    i.MPU_Set_Rate      mpu6050.o
    0x0800280a   0x0800280a   0x0000003c   Code   RO         3981    i.MPU_Write_Byte    mpu6050.o
    0x08002846   0x08002846   0x00000052   Code   RO         3982    i.MPU_Write_Len     mpu6050.o
    0x08002898   0x08002898   0x0000004c   Code   RO          458    i.MX_ADC1_Init      adc.o
    0x080028e4   0x080028e4   0x000000a0   Code   RO          230    i.MX_FREERTOS_Init  freertos.o
    0x08002984   0x08002984   0x000000dc   Code   RO          202    i.MX_GPIO_Init      gpio.o
    0x08002a60   0x08002a60   0x00000048   Code   RO          500    i.MX_SPI2_Init      spi.o
    0x08002aa8   0x08002aa8   0x0000006c   Code   RO          546    i.MX_TIM2_Init      tim.o
    0x08002b14   0x08002b14   0x00000074   Code   RO          547    i.MX_TIM3_Init      tim.o
    0x08002b88   0x08002b88   0x0000006c   Code   RO          548    i.MX_TIM4_Init      tim.o
    0x08002bf4   0x08002bf4   0x00000038   Code   RO          621    i.MX_USART1_UART_Init  usart.o
    0x08002c2c   0x08002c2c   0x00000002   Code   RO          671    i.MemManage_Handler  stm32f1xx_it.o
    0x08002c2e   0x08002c2e   0x00000002   Code   RO          672    i.NMI_Handler       stm32f1xx_it.o
    0x08002c30   0x08002c30   0x00000064   Code   RO         3797    i.NRF24L01_Init     nrf24l01.o
    0x08002c94   0x08002c94   0x00000034   Code   RO         3123    i.SPI_EndRxTxTransaction  stm32f1xx_hal_spi.o
    0x08002cc8   0x08002cc8   0x00000028   Code   RO         3802    i.SPI_SwapByte      nrf24l01.o
    0x08002cf0   0x08002cf0   0x000000b8   Code   RO         3128    i.SPI_WaitFlagStateUntilTimeout  stm32f1xx_hal_spi.o
    0x08002da8   0x08002da8   0x0000001a   Code   RO         5727    i.SysTick_Handler   cmsis_os2.o
    0x08002dc2   0x08002dc2   0x00000078   Code   RO           14    i.SystemClock_Config  main.o
    0x08002e3a   0x08002e3a   0x00000002   Code   RO         3760    i.SystemInit        system_stm32f1xx.o
    0x08002e3c   0x08002e3c   0x0000000c   Code   RO          673    i.TIM1_UP_IRQHandler  stm32f1xx_it.o
    0x08002e48   0x08002e48   0x0000000c   Code   RO          674    i.TIM2_IRQHandler   stm32f1xx_it.o
    0x08002e54   0x08002e54   0x0000000c   Code   RO          675    i.TIM4_IRQHandler   stm32f1xx_it.o
    0x08002e60   0x08002e60   0x00000078   Code   RO          943    i.TIM_Base_SetConfig  stm32f1xx_hal_tim.o
    0x08002ed8   0x08002ed8   0x0000001a   Code   RO          944    i.TIM_CCxChannelCmd  stm32f1xx_hal_tim.o
    0x08002ef2   0x08002ef2   0x00000014   Code   RO          954    i.TIM_ETR_SetConfig  stm32f1xx_hal_tim.o
    0x08002f06   0x08002f06   0x00000010   Code   RO          955    i.TIM_ITRx_SetConfig  stm32f1xx_hal_tim.o
    0x08002f16   0x08002f16   0x00000022   Code   RO          961    i.TIM_TI1_ConfigInputStage  stm32f1xx_hal_tim.o
    0x08002f38   0x08002f38   0x00000024   Code   RO          963    i.TIM_TI2_ConfigInputStage  stm32f1xx_hal_tim.o
    0x08002f5c   0x08002f5c   0x000000b8   Code   RO         3452    i.UART_SetConfig    stm32f1xx_hal_uart.o
    0x08003014   0x08003014   0x0000005c   Code   RO          233    i.UART_Task         freertos.o
    0x08003070   0x08003070   0x00000002   Code   RO          676    i.UsageFault_Handler  stm32f1xx_it.o
    0x08003072   0x08003072   0x00000002   PAD
    0x08003074   0x08003074   0x00000030   Code   RO         3804    i.W_Buf             nrf24l01.o
    0x080030a4   0x080030a4   0x00000018   Code   RO         3805    i.W_CE              nrf24l01.o
    0x080030bc   0x080030bc   0x00000018   Code   RO         3806    i.W_CSN             nrf24l01.o
    0x080030d4   0x080030d4   0x00000022   Code   RO         3807    i.W_Reg             nrf24l01.o
    0x080030f6   0x080030f6   0x00000002   PAD
    0x080030f8   0x080030f8   0x00000020   Code   RO         6644    i.__0printf         mc_w.l(printfa.o)
    0x08003118   0x08003118   0x00000028   Code   RO         6726    i.__ARM_fpclassify  m_ws.l(fpclassify.o)
    0x08003140   0x08003140   0x00000020   Code   RO         2587    i.__NVIC_SetPriority  stm32f1xx_hal_cortex.o
    0x08003160   0x08003160   0x000000aa   Code   RO         6728    i.__kernel_poly     m_ws.l(poly.o)
    0x0800320a   0x0800320a   0x00000006   Code   RO         6713    i.__mathlib_dbl_infnan  m_ws.l(dunder.o)
    0x08003210   0x08003210   0x00000004   Code   RO         6714    i.__mathlib_dbl_infnan2  m_ws.l(dunder.o)
    0x08003214   0x08003214   0x0000000c   Code   RO         6715    i.__mathlib_dbl_invalid  m_ws.l(dunder.o)
    0x08003220   0x08003220   0x00000010   Code   RO         6718    i.__mathlib_dbl_underflow  m_ws.l(dunder.o)
    0x08003230   0x08003230   0x0000000e   Code   RO         6788    i.__scatterload_copy  mc_w.l(handlers.o)
    0x0800323e   0x0800323e   0x00000002   Code   RO         6789    i.__scatterload_null  mc_w.l(handlers.o)
    0x08003240   0x08003240   0x0000000e   Code   RO         6790    i.__scatterload_zeroinit  mc_w.l(handlers.o)
    0x0800324e   0x0800324e   0x00000002   PAD
    0x08003250   0x08003250   0x0000000c   Code   RO         6764    i.__set_errno       mc_w.l(errno.o)
    0x0800325c   0x0800325c   0x00000184   Code   RO         6651    i._fp_digits        mc_w.l(printfa.o)
    0x080033e0   0x080033e0   0x000006dc   Code   RO         6652    i._printf_core      mc_w.l(printfa.o)
    0x08003abc   0x08003abc   0x00000024   Code   RO         6653    i._printf_post_padding  mc_w.l(printfa.o)
    0x08003ae0   0x08003ae0   0x0000002e   Code   RO         6654    i._printf_pre_padding  mc_w.l(printfa.o)
    0x08003b0e   0x08003b0e   0x00000002   PAD
    0x08003b10   0x08003b10   0x00000080   Code   RO         4063    i.accel_self_test   inv_mpu.o
    0x08003b90   0x08003b90   0x00000270   Code   RO         6377    i.asin              m_ws.l(asin.o)
    0x08003e00   0x08003e00   0x00000220   Code   RO         6703    i.atan              m_ws.l(atan.o)
    0x08004020   0x08004020   0x00000180   Code   RO         6387    i.atan2             m_ws.l(atan2.o)
    0x080041a0   0x080041a0   0x0000003a   Code   RO         4428    i.dmp_enable_6x_lp_quat  inv_mpu_dmp_motion_driver.o
    0x080041da   0x080041da   0x00000002   PAD
    0x080041dc   0x080041dc   0x000001d8   Code   RO         4429    i.dmp_enable_feature  inv_mpu_dmp_motion_driver.o
    0x080043b4   0x080043b4   0x0000003c   Code   RO         4430    i.dmp_enable_gyro_cal  inv_mpu_dmp_motion_driver.o
    0x080043f0   0x080043f0   0x0000003a   Code   RO         4431    i.dmp_enable_lp_quat  inv_mpu_dmp_motion_driver.o
    0x0800442a   0x0800442a   0x00000002   PAD
    0x0800442c   0x0800442c   0x00000014   Code   RO         4436    i.dmp_load_motion_driver_firmware  inv_mpu_dmp_motion_driver.o
    0x08004440   0x08004440   0x00000144   Code   RO         4437    i.dmp_read_fifo     inv_mpu_dmp_motion_driver.o
    0x08004584   0x08004584   0x000000d8   Code   RO         4440    i.dmp_set_accel_bias  inv_mpu_dmp_motion_driver.o
    0x0800465c   0x0800465c   0x00000064   Code   RO         4441    i.dmp_set_fifo_rate  inv_mpu_dmp_motion_driver.o
    0x080046c0   0x080046c0   0x000000cc   Code   RO         4442    i.dmp_set_gyro_bias  inv_mpu_dmp_motion_driver.o
    0x0800478c   0x0800478c   0x0000010c   Code   RO         4444    i.dmp_set_orientation  inv_mpu_dmp_motion_driver.o
    0x08004898   0x08004898   0x00000030   Code   RO         4447    i.dmp_set_shake_reject_thresh  inv_mpu_dmp_motion_driver.o
    0x080048c8   0x080048c8   0x00000020   Code   RO         4448    i.dmp_set_shake_reject_time  inv_mpu_dmp_motion_driver.o
    0x080048e8   0x080048e8   0x00000020   Code   RO         4449    i.dmp_set_shake_reject_timeout  inv_mpu_dmp_motion_driver.o
    0x08004908   0x08004908   0x00000040   Code   RO         4450    i.dmp_set_tap_axes  inv_mpu_dmp_motion_driver.o
    0x08004948   0x08004948   0x00000022   Code   RO         4451    i.dmp_set_tap_count  inv_mpu_dmp_motion_driver.o
    0x0800496a   0x0800496a   0x00000002   PAD
    0x0800496c   0x0800496c   0x00000128   Code   RO         4452    i.dmp_set_tap_thresh  inv_mpu_dmp_motion_driver.o
    0x08004a94   0x08004a94   0x00000020   Code   RO         4453    i.dmp_set_tap_time  inv_mpu_dmp_motion_driver.o
    0x08004ab4   0x08004ab4   0x00000020   Code   RO         4454    i.dmp_set_tap_time_multi  inv_mpu_dmp_motion_driver.o
    0x08004ad4   0x08004ad4   0x00000014   Code   RO          622    i.fputc             usart.o
    0x08004ae8   0x08004ae8   0x000000ac   Code   RO         4064    i.get_accel_prod_shift  inv_mpu.o
    0x08004b94   0x08004b94   0x00000314   Code   RO         4065    i.get_st_biases     inv_mpu.o
    0x08004ea8   0x08004ea8   0x000000d4   Code   RO         4066    i.gyro_self_test    inv_mpu.o
    0x08004f7c   0x08004f7c   0x00000022   Code   RO         4067    i.inv_orientation_matrix_to_scalar  inv_mpu.o
    0x08004f9e   0x08004f9e   0x00000048   Code   RO         4068    i.inv_row_2_scale   inv_mpu.o
    0x08004fe6   0x08004fe6   0x00000032   Code   RO           15    i.main              main.o
    0x08005018   0x08005018   0x00000002   Code   RO         4069    i.mget_ms           inv_mpu.o
    0x0800501a   0x0800501a   0x00000002   PAD
    0x0800501c   0x0800501c   0x00000054   Code   RO         4070    i.mpu_configure_fifo  inv_mpu.o
    0x08005070   0x08005070   0x0000019c   Code   RO         4071    i.mpu_dmp_get_data  inv_mpu.o
    0x0800520c   0x0800520c   0x000000a4   Code   RO         4072    i.mpu_dmp_init      inv_mpu.o
    0x080052b0   0x080052b0   0x0000003c   Code   RO         4073    i.mpu_get_accel_fsr  inv_mpu.o
    0x080052ec   0x080052ec   0x00000044   Code   RO         4075    i.mpu_get_accel_sens  inv_mpu.o
    0x08005330   0x08005330   0x00000034   Code   RO         4081    i.mpu_get_gyro_fsr  inv_mpu.o
    0x08005364   0x08005364   0x00000040   Code   RO         4083    i.mpu_get_gyro_sens  inv_mpu.o
    0x080053a4   0x080053a4   0x00000038   Code   RO         4085    i.mpu_get_lpf       inv_mpu.o
    0x080053dc   0x080053dc   0x0000001c   Code   RO         4087    i.mpu_get_sample_rate  inv_mpu.o
    0x080053f8   0x080053f8   0x00000188   Code   RO         4089    i.mpu_init          inv_mpu.o
    0x08005580   0x08005580   0x000000a0   Code   RO         4090    i.mpu_load_firmware  inv_mpu.o
    0x08005620   0x08005620   0x000000b8   Code   RO         4091    i.mpu_lp_accel_mode  inv_mpu.o
    0x080056d8   0x080056d8   0x00000090   Code   RO         4094    i.mpu_read_fifo_stream  inv_mpu.o
    0x08005768   0x08005768   0x00000054   Code   RO         4095    i.mpu_read_mem      inv_mpu.o
    0x080057bc   0x080057bc   0x00000160   Code   RO         4098    i.mpu_reset_fifo    inv_mpu.o
    0x0800591c   0x0800591c   0x000000f0   Code   RO         4099    i.mpu_run_self_test  inv_mpu.o
    0x08005a0c   0x08005a0c   0x00000068   Code   RO         4101    i.mpu_set_accel_fsr  inv_mpu.o
    0x08005a74   0x08005a74   0x000000dc   Code   RO         4102    i.mpu_set_bypass    inv_mpu.o
    0x08005b50   0x08005b50   0x00000078   Code   RO         4104    i.mpu_set_dmp_state  inv_mpu.o
    0x08005bc8   0x08005bc8   0x0000006c   Code   RO         4105    i.mpu_set_gyro_fsr  inv_mpu.o
    0x08005c34   0x08005c34   0x00000064   Code   RO         4106    i.mpu_set_int_latched  inv_mpu.o
    0x08005c98   0x08005c98   0x0000006c   Code   RO         4108    i.mpu_set_lpf       inv_mpu.o
    0x08005d04   0x08005d04   0x00000080   Code   RO         4109    i.mpu_set_sample_rate  inv_mpu.o
    0x08005d84   0x08005d84   0x000000b8   Code   RO         4110    i.mpu_set_sensors   inv_mpu.o
    0x08005e3c   0x08005e3c   0x00000054   Code   RO         4111    i.mpu_write_mem     inv_mpu.o
    0x08005e90   0x08005e90   0x00000024   Code   RO         5743    i.osKernelInitialize  cmsis_os2.o
    0x08005eb4   0x08005eb4   0x00000038   Code   RO         5746    i.osKernelStart     cmsis_os2.o
    0x08005eec   0x08005eec   0x0000005c   Code   RO         5188    i.prvAddCurrentTaskToDelayedList  tasks.o
    0x08005f48   0x08005f48   0x000000d0   Code   RO         5189    i.prvAddNewTaskToReadyList  tasks.o
    0x08006018   0x08006018   0x00000058   Code   RO         5553    i.prvCheckForValidListAndQueue  timers.o
    0x08006070   0x08006070   0x00000026   Code   RO         4785    i.prvCopyDataFromQueue  queue.o
    0x08006096   0x08006096   0x0000006c   Code   RO         4786    i.prvCopyDataToQueue  queue.o
    0x08006102   0x08006102   0x00000034   Code   RO         5190    i.prvDeleteTCB      tasks.o
    0x08006136   0x08006136   0x00000002   PAD
    0x08006138   0x08006138   0x0000004c   Code   RO         6244    i.prvHeapInit       heap_4.o
    0x08006184   0x08006184   0x00000060   Code   RO         5191    i.prvIdleTask       tasks.o
    0x080061e4   0x080061e4   0x00000022   Code   RO         4788    i.prvInitialiseNewQueue  queue.o
    0x08006206   0x08006206   0x00000002   PAD
    0x08006208   0x08006208   0x000000b0   Code   RO         5192    i.prvInitialiseNewTask  tasks.o
    0x080062b8   0x080062b8   0x0000004c   Code   RO         6245    i.prvInsertBlockIntoFreeList  heap_4.o
    0x08006304   0x08006304   0x00000038   Code   RO         5555    i.prvInsertTimerInActiveList  timers.o
    0x0800633c   0x0800633c   0x0000001c   Code   RO         4789    i.prvIsQueueEmpty   queue.o
    0x08006358   0x08006358   0x000000fc   Code   RO         5556    i.prvProcessReceivedCommands  timers.o
    0x08006454   0x08006454   0x000000c0   Code   RO         5557    i.prvProcessTimerOrBlockTask  timers.o
    0x08006514   0x08006514   0x00000020   Code   RO         5194    i.prvResetNextTaskUnblockTime  tasks.o
    0x08006534   0x08006534   0x00000028   Code   RO         5558    i.prvSampleTimeNow  timers.o
    0x0800655c   0x0800655c   0x0000006c   Code   RO         5559    i.prvSwitchTimerLists  timers.o
    0x080065c8   0x080065c8   0x00000028   Code   RO         6300    i.prvTaskExitError  port.o
    0x080065f0   0x080065f0   0x00000024   Code   RO         5560    i.prvTimerTask      timers.o
    0x08006614   0x08006614   0x0000006a   Code   RO         4790    i.prvUnlockQueue    queue.o
    0x0800667e   0x0800667e   0x00000002   PAD
    0x08006680   0x08006680   0x000000dc   Code   RO         6246    i.pvPortMalloc      heap_4.o
    0x0800675c   0x0800675c   0x00000024   Code   RO         6301    i.pxPortInitialiseStack  port.o
    0x08006780   0x08006780   0x00000080   Code   RO         4112    i.run_self_test     inv_mpu.o
    0x08006800   0x08006800   0x00000058   Code   RO         4113    i.set_int_enable    inv_mpu.o
    0x08006858   0x08006858   0x0000004c   Code   RO         6732    i.sqrt              m_ws.l(sqrt.o)
    0x080068a4   0x080068a4   0x00000026   Code   RO         4745    i.uxListRemove      list.o
    0x080068ca   0x080068ca   0x00000002   PAD
    0x080068cc   0x080068cc   0x00000014   Code   RO         5800    i.vApplicationGetIdleTaskMemory  cmsis_os2.o
    0x080068e0   0x080068e0   0x00000018   Code   RO         5801    i.vApplicationGetTimerTaskMemory  cmsis_os2.o
    0x080068f8   0x080068f8   0x00000016   Code   RO         4746    i.vListInitialise   list.o
    0x0800690e   0x0800690e   0x00000006   Code   RO         4747    i.vListInitialiseItem  list.o
    0x08006914   0x08006914   0x00000030   Code   RO         4748    i.vListInsert       list.o
    0x08006944   0x08006944   0x00000018   Code   RO         4749    i.vListInsertEnd    list.o
    0x0800695c   0x0800695c   0x00000040   Code   RO         6303    i.vPortEnterCritical  port.o
    0x0800699c   0x0800699c   0x00000028   Code   RO         6304    i.vPortExitCritical  port.o
    0x080069c4   0x080069c4   0x00000064   Code   RO         6247    i.vPortFree         heap_4.o
    0x08006a28   0x08006a28   0x00000024   Code   RO         6305    i.vPortSetupTimerInterrupt  port.o
    0x08006a4c   0x08006a4c   0x00000054   Code   RO         6306    i.vPortValidateInterruptPriority  port.o
    0x08006aa0   0x08006aa0   0x00000028   Code   RO         4796    i.vQueueAddToRegistry  queue.o
    0x08006ac8   0x08006ac8   0x00000044   Code   RO         4800    i.vQueueWaitForMessageRestricted  queue.o
    0x08006b0c   0x08006b0c   0x0000004c   Code   RO         5207    i.vTaskDelay        tasks.o
    0x08006b58   0x08006b58   0x00000010   Code   RO         5212    i.vTaskInternalSetTimeOutState  tasks.o
    0x08006b68   0x08006b68   0x0000000c   Code   RO         5213    i.vTaskMissedYield  tasks.o
    0x08006b74   0x08006b74   0x00000030   Code   RO         5215    i.vTaskPlaceOnEventList  tasks.o
    0x08006ba4   0x08006ba4   0x00000038   Code   RO         5216    i.vTaskPlaceOnEventListRestricted  tasks.o
    0x08006bdc   0x08006bdc   0x00000088   Code   RO         5224    i.vTaskStartScheduler  tasks.o
    0x08006c64   0x08006c64   0x00000010   Code   RO         5226    i.vTaskSuspendAll   tasks.o
    0x08006c74   0x08006c74   0x00000064   Code   RO         5227    i.vTaskSwitchContext  tasks.o
    0x08006cd8   0x08006cd8   0x000000a8   Code   RO         6307    i.xPortStartScheduler  port.o
    0x08006d80   0x08006d80   0x0000002c   Code   RO         6308    i.xPortSysTickHandler  port.o
    0x08006dac   0x08006dac   0x00000066   Code   RO         4806    i.xQueueGenericCreateStatic  queue.o
    0x08006e12   0x08006e12   0x00000002   PAD
    0x08006e14   0x08006e14   0x00000088   Code   RO         4807    i.xQueueGenericReset  queue.o
    0x08006e9c   0x08006e9c   0x00000160   Code   RO         4808    i.xQueueGenericSend  queue.o
    0x08006ffc   0x08006ffc   0x000000be   Code   RO         4809    i.xQueueGenericSendFromISR  queue.o
    0x080070ba   0x080070ba   0x00000002   PAD
    0x080070bc   0x080070bc   0x00000138   Code   RO         4818    i.xQueueReceive     queue.o
    0x080071f4   0x080071f4   0x00000074   Code   RO         5229    i.xTaskCheckForTimeOut  tasks.o
    0x08007268   0x08007268   0x0000005a   Code   RO         5230    i.xTaskCreate       tasks.o
    0x080072c2   0x080072c2   0x00000056   Code   RO         5231    i.xTaskCreateStatic  tasks.o
    0x08007318   0x08007318   0x0000001c   Code   RO         5235    i.xTaskGetSchedulerState  tasks.o
    0x08007334   0x08007334   0x0000000c   Code   RO         5236    i.xTaskGetTickCount  tasks.o
    0x08007340   0x08007340   0x000000c8   Code   RO         5238    i.xTaskIncrementTick  tasks.o
    0x08007408   0x08007408   0x00000080   Code   RO         5241    i.xTaskPriorityDisinherit  tasks.o
    0x08007488   0x08007488   0x00000070   Code   RO         5243    i.xTaskRemoveFromEventList  tasks.o
    0x080074f8   0x080074f8   0x000000c4   Code   RO         5244    i.xTaskResumeAll    tasks.o
    0x080075bc   0x080075bc   0x00000060   Code   RO         5569    i.xTimerCreateTimerTask  timers.o
    0x0800761c   0x0800761c   0x00000068   Code   RO         5570    i.xTimerGenericCommand  timers.o
    0x08007684   0x08007684   0x00000012   Data   RO         2285    .constdata          stm32f1xx_hal_rcc.o
    0x08007696   0x08007696   0x00000010   Data   RO         3761    .constdata          system_stm32f1xx.o
    0x080076a6   0x080076a6   0x00000008   Data   RO         3762    .constdata          system_stm32f1xx.o
    0x080076ae   0x080076ae   0x0000001b   Data   RO         4115    .constdata          inv_mpu.o
    0x080076c9   0x080076c9   0x00000001   PAD
    0x080076ca   0x080076ca   0x0000000c   Data   RO         4116    .constdata          inv_mpu.o
    0x080076d6   0x080076d6   0x00000002   PAD
    0x080076d8   0x080076d8   0x00000028   Data   RO         4117    .constdata          inv_mpu.o
    0x08007700   0x08007700   0x00000bf6   Data   RO         4456    .constdata          inv_mpu_dmp_motion_driver.o
    0x080082f6   0x080082f6   0x00000002   PAD
    0x080082f8   0x080082f8   0x00000050   Data   RO         6378    .constdata          m_ws.l(asin.o)
    0x08008348   0x08008348   0x00000098   Data   RO         6704    .constdata          m_ws.l(atan.o)
    0x080083e0   0x080083e0   0x00000008   Data   RO         6730    .constdata          m_ws.l(qnan.o)
    0x080083e8   0x080083e8   0x0000004d   Data   RO         4118    .conststring        inv_mpu.o
    0x08008435   0x08008435   0x00000003   PAD
    0x08008438   0x08008438   0x00000020   Data   RO         6786    Region$$Table       anon$$obj.o


    Execution Region RW_IRAM1 (Exec base: 0x20000000, Load base: 0x08008458, Size: 0x00001ff8, Max: 0x00005000, ABSOLUTE)

    Exec Addr    Load Addr    Size         Type   Attr      Idx    E Section Name        Object

    0x20000000   0x08008458   0x00000020   Data   RW          237    .data               freertos.o
    0x20000020   0x08008478   0x00000001   Data   RW          550    .data               tim.o
    0x20000021   0x08008479   0x00000003   PAD
    0x20000024   0x0800847c   0x0000000c   Data   RW         2122    .data               stm32f1xx_hal.o
    0x20000030   0x08008488   0x00000004   Data   RW         3763    .data               system_stm32f1xx.o
    0x20000034   0x0800848c   0x0000000a   Data   RW         3808    .data               nrf24l01.o
    0x2000003e   0x08008496   0x00000002   PAD
    0x20000040   0x08008498   0x00000035   Data   RW         4119    .data               inv_mpu.o
    0x20000075   0x080084cd   0x00000003   PAD
    0x20000078   0x080084d0   0x0000003c   Data   RW         5247    .data               tasks.o
    0x200000b4   0x0800850c   0x00000014   Data   RW         5578    .data               timers.o
    0x200000c8   0x08008520   0x00000004   Data   RW         5803    .data               cmsis_os2.o
    0x200000cc   0x08008524   0x00000020   Data   RW         6253    .data               heap_4.o
    0x200000ec   0x08008544   0x0000000c   Data   RW         6309    .data               port.o
    0x200000f8   0x08008550   0x00000004   Data   RW         6753    .data               mc_w.l(stdout.o)
    0x200000fc   0x08008554   0x00000004   Data   RW         6765    .data               mc_w.l(errno.o)
    0x20000100        -       0x00000020   Zero   RW          234    .bss                freertos.o
    0x20000120        -       0x00000030   Zero   RW          459    .bss                adc.o
    0x20000150        -       0x00000058   Zero   RW          501    .bss                spi.o
    0x200001a8        -       0x000000d8   Zero   RW          549    .bss                tim.o
    0x20000280        -       0x00000048   Zero   RW          623    .bss                usart.o
    0x200002c8        -       0x00000048   Zero   RW          776    .bss                stm32f1xx_hal_timebase_tim.o
    0x20000310        -       0x00000010   Zero   RW         4455    .bss                inv_mpu_dmp_motion_driver.o
    0x20000320        -       0x00000040   Zero   RW         4822    .bss                queue.o
    0x20000360        -       0x000004c4   Zero   RW         5246    .bss                tasks.o
    0x20000824        -       0x00000118   Zero   RW         5577    .bss                timers.o
    0x2000093c        -       0x000006b8   Zero   RW         5802    .bss                cmsis_os2.o
    0x20000ff4        -       0x00000c00   Zero   RW         6252    .bss                heap_4.o
    0x20001bf4   0x08008558   0x00000004   PAD
    0x20001bf8        -       0x00000400   Zero   RW            1    STACK               startup_stm32f103xb.o


==============================================================================

Image component sizes


      Code (inc. data)   RO Data    RW Data    ZI Data      Debug   Object Name

       164         20          0          0         48       1709   adc.o
       162         22          0          4       1720      57091   cmsis_os2.o
         0          0          0          0          0      19708   event_groups.o
       496        156          0         32         32      18683   freertos.o
       220         16          0          0          0       1007   gpio.o
       472         24          0         32       3072       4871   heap_4.o
       556         46          0          0          0       5939   iic.o
      5324        290        156         53          0      32698   inv_mpu.o
      2350        118       3062          0         16      21006   inv_mpu_dmp_motion_driver.o
       138          0          0          0          0       3502   list.o
       174          0          0          0          0     457880   main.o
       540          0          0          0          0       6385   mpu6050.o
       270         26          0         10          0       4208   nrf24l01.o
       662         70          0         12          0      10925   port.o
      1514         20          0          0         64      17300   queue.o
       188         24          0          0         88       1721   spi.o
        36          8        236          0       1024        812   startup_stm32f103xb.o
       100         18          0         12          0       5362   stm32f1xx_hal.o
       622         24          0          0          0       3364   stm32f1xx_hal_adc.o
       158         14          0          0          0      28274   stm32f1xx_hal_cortex.o
       524         40          0          0          0       4194   stm32f1xx_hal_gpio.o
        72         10          0          0          0        906   stm32f1xx_hal_msp.o
      1304         94         18          0          0       5853   stm32f1xx_hal_rcc.o
       236         12          0          0          0       1420   stm32f1xx_hal_rcc_ex.o
      1268          4          0          0          0       6184   stm32f1xx_hal_spi.o
      1316         24          0          0          0      13231   stm32f1xx_hal_tim.o
       108         12          0          0          0       2469   stm32f1xx_hal_tim_ex.o
       140         22          0          0         72       1475   stm32f1xx_hal_timebase_tim.o
       284          6          0          0          0       1984   stm32f1xx_hal_uart.o
        72         18          0          0          0       4539   stm32f1xx_it.o
         0          0          0          0          0        400   stream_buffer.o
         2          0         24          4          0       1167   system_stm32f1xx.o
      2084        168          0         60       1220      26624   tasks.o
       652         64          0          1        216       4970   tim.o
       972         80          0         20        280      32319   timers.o
       188         26          0          0         72       2290   usart.o

    ----------------------------------------------------------------------
     23408       1476       3536        248       7928     812470   Object Totals
         0          0         32          0          0          0   (incl. Generated)
        40          0          8          8          4          0   (incl. Padding)

    ----------------------------------------------------------------------

      Code (inc. data)   RO Data    RW Data    ZI Data      Debug   Library Member Name

       624         52         80          0          0        168   asin.o
       544         70        152          0          0        124   atan.o
       384         38          0          0          0        144   atan2.o
        38          6          0          0          0        272   dunder.o
        40          0          0          0          0         68   fpclassify.o
       170          0          0          0          0         96   poly.o
         0          0          8          0          0          0   qnan.o
        76          0          0          0          0         84   sqrt.o
         0          0          0          0          0          0   entry.o
         0          0          0          0          0          0   entry10a.o
         0          0          0          0          0          0   entry11a.o
         8          4          0          0          0          0   entry2.o
         4          0          0          0          0          0   entry5.o
         0          0          0          0          0          0   entry7b.o
         0          0          0          0          0          0   entry8b.o
         8          4          0          0          0          0   entry9a.o
        12          6          0          4          0         68   errno.o
        30          0          0          0          0          0   handlers.o
        36          8          0          0          0         68   init.o
         0          0          0          0          0          0   iusefp.o
        98          0          0          0          0         84   ldiv.o
        30          0          0          0          0         68   llshl.o
        36          0          0          0          0         68   llsshr.o
        32          0          0          0          0         68   llushr.o
        26          0          0          0          0         80   memcmp.o
        36          0          0          0          0         68   memcpya.o
        36          0          0          0          0        108   memseta.o
      2258         90          0          0          0        452   printfa.o
         0          0          0          4          0          0   stdout.o
        44          0          0          0          0         80   uidiv.o
        98          0          0          0          0         92   uldiv.o
        48          0          0          0          0         68   cdrcmple.o
        56          0          0          0          0         88   d2f.o
       334          0          0          0          0        148   dadd.o
       222          0          0          0          0        100   ddiv.o
       186          0          0          0          0        176   depilogue.o
        48          0          0          0          0         68   dfixul.o
       228          0          0          0          0         96   dmul.o
        46          0          0          0          0         80   dscalb.o
       162          0          0          0          0        100   dsqrt.o
        38          0          0          0          0         68   f2d.o
       176          0          0          0          0        140   fadd.o
       124          0          0          0          0         88   fdiv.o
       110          0          0          0          0        168   fepilogue.o
        50          0          0          0          0         68   ffixi.o
        40          0          0          0          0         68   ffixui.o
        18          0          0          0          0         68   fflti.o
        10          0          0          0          0         68   ffltui.o
       100          0          0          0          0         76   fmul.o
        24          0          0          0          0         68   fscalb.o

    ----------------------------------------------------------------------
      6696        278        240          8          0       4064   Library Totals
         8          0          0          0          0          0   (incl. Padding)

    ----------------------------------------------------------------------

      Code (inc. data)   RO Data    RW Data    ZI Data      Debug   Library Name

      1876        166        240          0          0        956   m_ws.l
      2792        112          0          8          0       1304   mc_w.l
      2020          0          0          0          0       1804   mf_w.l

    ----------------------------------------------------------------------
      6696        278        240          8          0       4064   Library Totals

    ----------------------------------------------------------------------

==============================================================================


      Code (inc. data)   RO Data    RW Data    ZI Data      Debug   

     30104       1754       3776        256       7928     802802   Grand Totals
     30104       1754       3776        256       7928     802802   ELF Image Totals
     30104       1754       3776        256          0          0   ROM Totals

==============================================================================

    Total RO  Size (Code + RO Data)                33880 (  33.09kB)
    Total RW  Size (RW Data + ZI Data)              8184 (   7.99kB)
    Total ROM Size (Code + RO Data + RW Data)      34136 (  33.34kB)

==============================================================================

