<html>
<body>
<pre>
<h1>礦ision Build Log</h1>
<h2>Tool Versions:</h2>
IDE-Version: μVision V5.24.2.0
Copyright (C) 2017 ARM Ltd and ARM Germany GmbH. All rights reserved.
License Information: zkl 3318559945@qq.com, ouc, LIC=WHYH9-4DG0Q-CXWU6-D19PP-9UMXS-154YT
 
Tool Versions:
Toolchain:       MDK-ARM Plus  Version: 5.24.1
Toolchain Path:  D:\Keil5\stm32\ARM\ARMCC\Bin
C Compiler:      Armcc.exe V5.06 update 5 (build 528)
Assembler:       Armasm.exe V5.06 update 5 (build 528)
Linker/Locator:  ArmLink.exe V5.06 update 5 (build 528)
Library Manager: ArmAr.exe V5.06 update 5 (build 528)
Hex Converter:   FromElf.exe V5.06 update 5 (build 528)
CPU DLL:         SARMCM3.DLL V5.24.1
Dialog DLL:      DCM.DLL V1.16.0.0
Target DLL:      UL2CM3.DLL V1.160.3.0
Dialog DLL:      TCM.DLL V1.32.0.0
 
<h2>Project:</h2>
F:\class_and_graduate\HID_Mouse\无线空中鼠标(嘉立创PCB）\HID_USB_Send_RTOS\MDK-ARM\HID_Mouse.uvprojx
Project File Date:  04/27/2025

<h2>Output:</h2>
*** Using Compiler 'V5.06 update 5 (build 528)', folder: 'D:\Keil5\stm32\ARM\ARMCC\Bin'
Build target 'HID_Mouse'
compiling freertos.c...
../Core/Src/freertos.c(53): warning:  #177-D: variable "SendData_TaskHandle"  was declared but never referenced
  static TaskHandle_t SendData_TaskHandle;
../Core/Src/freertos.c(55): warning:  #177-D: variable "Battery_TaskHandle"  was declared but never referenced
  static TaskHandle_t Battery_TaskHandle ;
../Core/Src/freertos.c: 2 warnings, 0 errors
linking...
Program Size: Code=30104 RO-data=3776 RW-data=256 ZI-data=7928  
FromELF: creating hex file...
"HID_Mouse\HID_Mouse.axf" - 0 Error(s), 2 Warning(s).

<h2>Software Packages used:</h2>

Package Vendor: ARM
                http://www.keil.com/pack/ARM.CMSIS.5.0.1.pack
                ARM.CMSIS.5.0.1
                CMSIS (Cortex Microcontroller Software Interface Standard)
   * Component: CORE Version: 5.0.1

Package Vendor: Keil
                http://www.keil.com/pack/Keil.STM32F1xx_DFP.2.2.0.pack
                Keil.STM32F1xx_DFP.2.2.0
                STMicroelectronics STM32F1 Series Device Support, Drivers and Examples

<h2>Collection of Component include folders:</h2>
  .\RTE\_HID_Mouse
  D:\Keil5\stm32\Arm\Packs\ARM\CMSIS\5.0.1\CMSIS\Include
  D:\Keil5\stm32\Arm\Packs\Keil\STM32F1xx_DFP\2.2.0\Device\Include

<h2>Collection of Component Files used:</h2>

   * Component: ARM::CMSIS:CORE:5.0.1
Build Time Elapsed:  00:00:02
</pre>
</body>
</html>
