Component: ARM Compiler 5.06 update 5 (build 528) Tool: armlink [4d35e2]

==============================================================================

Section Cross References

    startup_stm32f103xb.o(STACK) refers (Special) to heapauxi.o(.text) for __use_two_region_memory
    startup_stm32f103xb.o(HEAP) refers (Special) to heapauxi.o(.text) for __use_two_region_memory
    startup_stm32f103xb.o(RESET) refers (Special) to heapauxi.o(.text) for __use_two_region_memory
    startup_stm32f103xb.o(RESET) refers to startup_stm32f103xb.o(STACK) for __initial_sp
    startup_stm32f103xb.o(RESET) refers to startup_stm32f103xb.o(.text) for Reset_Handler
    startup_stm32f103xb.o(RESET) refers to stm32f1xx_it.o(i.NMI_Handler) for NMI_Handler
    startup_stm32f103xb.o(RESET) refers to stm32f1xx_it.o(i.HardFault_Handler) for HardFault_Handler
    startup_stm32f103xb.o(RESET) refers to stm32f1xx_it.o(i.MemManage_Handler) for MemManage_Handler
    startup_stm32f103xb.o(RESET) refers to stm32f1xx_it.o(i.BusFault_Handler) for BusFault_Handler
    startup_stm32f103xb.o(RESET) refers to stm32f1xx_it.o(i.UsageFault_Handler) for UsageFault_Handler
    startup_stm32f103xb.o(RESET) refers to stm32f1xx_it.o(i.SVC_Handler) for SVC_Handler
    startup_stm32f103xb.o(RESET) refers to stm32f1xx_it.o(i.DebugMon_Handler) for DebugMon_Handler
    startup_stm32f103xb.o(RESET) refers to stm32f1xx_it.o(i.PendSV_Handler) for PendSV_Handler
    startup_stm32f103xb.o(RESET) refers to stm32f1xx_it.o(i.SysTick_Handler) for SysTick_Handler
    startup_stm32f103xb.o(RESET) refers to stm32f1xx_it.o(i.USB_LP_CAN1_RX0_IRQHandler) for USB_LP_CAN1_RX0_IRQHandler
    startup_stm32f103xb.o(.text) refers (Special) to heapauxi.o(.text) for __use_two_region_memory
    startup_stm32f103xb.o(.text) refers to system_stm32f1xx.o(i.SystemInit) for SystemInit
    startup_stm32f103xb.o(.text) refers to __main.o(!!!main) for __main
    startup_stm32f103xb.o(.text) refers to startup_stm32f103xb.o(HEAP) for Heap_Mem
    startup_stm32f103xb.o(.text) refers to startup_stm32f103xb.o(STACK) for Stack_Mem
    main.o(i.SystemClock_Config) refers to rt_memclr_w.o(.text) for __aeabi_memclr4
    main.o(i.SystemClock_Config) refers to stm32f1xx_hal_rcc.o(i.HAL_RCC_OscConfig) for HAL_RCC_OscConfig
    main.o(i.SystemClock_Config) refers to main.o(i.Error_Handler) for Error_Handler
    main.o(i.SystemClock_Config) refers to stm32f1xx_hal_rcc.o(i.HAL_RCC_ClockConfig) for HAL_RCC_ClockConfig
    main.o(i.SystemClock_Config) refers to stm32f1xx_hal_rcc_ex.o(i.HAL_RCCEx_PeriphCLKConfig) for HAL_RCCEx_PeriphCLKConfig
    main.o(i.main) refers to stm32f1xx_hal.o(i.HAL_Init) for HAL_Init
    main.o(i.main) refers to main.o(i.SystemClock_Config) for SystemClock_Config
    main.o(i.main) refers to gpio.o(i.MX_GPIO_Init) for MX_GPIO_Init
    main.o(i.main) refers to usb_device.o(i.MX_USB_DEVICE_Init) for MX_USB_DEVICE_Init
    main.o(i.main) refers to i2c.o(i.MX_I2C1_Init) for MX_I2C1_Init
    main.o(i.main) refers to spi.o(i.MX_SPI2_Init) for MX_SPI2_Init
    main.o(i.main) refers to oled.o(i.OLED_Init) for OLED_Init
    main.o(i.main) refers to oled.o(i.OLED_Clear) for OLED_Clear
    main.o(i.main) refers to nrf24l01.o(i.NRF24L01_Init) for NRF24L01_Init
    main.o(i.main) refers to rt_memclr_w.o(.text) for __aeabi_memclr4
    main.o(i.main) refers to nrf24l01.o(i.R_IRQ) for R_IRQ
    main.o(i.main) refers to nrf24l01.o(i.Receive) for Receive
    main.o(i.main) refers to oled.o(i.OLED_Printf) for OLED_Printf
    main.o(i.main) refers to oled.o(i.OLED_Update) for OLED_Update
    main.o(i.main) refers to usbd_hid.o(i.USBD_HID_SendReport) for USBD_HID_SendReport
    main.o(i.main) refers to usb_device.o(.bss) for hUsbDeviceFS
    gpio.o(i.MX_GPIO_Init) refers to stm32f1xx_hal_gpio.o(i.HAL_GPIO_WritePin) for HAL_GPIO_WritePin
    gpio.o(i.MX_GPIO_Init) refers to stm32f1xx_hal_gpio.o(i.HAL_GPIO_Init) for HAL_GPIO_Init
    i2c.o(i.HAL_I2C_MspDeInit) refers to stm32f1xx_hal_gpio.o(i.HAL_GPIO_DeInit) for HAL_GPIO_DeInit
    i2c.o(i.HAL_I2C_MspInit) refers to stm32f1xx_hal_gpio.o(i.HAL_GPIO_Init) for HAL_GPIO_Init
    i2c.o(i.MX_I2C1_Init) refers to stm32f1xx_hal_i2c.o(i.HAL_I2C_Init) for HAL_I2C_Init
    i2c.o(i.MX_I2C1_Init) refers to main.o(i.Error_Handler) for Error_Handler
    i2c.o(i.MX_I2C1_Init) refers to i2c.o(.bss) for hi2c1
    spi.o(i.HAL_SPI_MspDeInit) refers to stm32f1xx_hal_gpio.o(i.HAL_GPIO_DeInit) for HAL_GPIO_DeInit
    spi.o(i.HAL_SPI_MspInit) refers to stm32f1xx_hal_gpio.o(i.HAL_GPIO_Init) for HAL_GPIO_Init
    spi.o(i.MX_SPI2_Init) refers to stm32f1xx_hal_spi.o(i.HAL_SPI_Init) for HAL_SPI_Init
    spi.o(i.MX_SPI2_Init) refers to main.o(i.Error_Handler) for Error_Handler
    spi.o(i.MX_SPI2_Init) refers to spi.o(.bss) for hspi2
    stm32f1xx_it.o(i.SysTick_Handler) refers to stm32f1xx_hal.o(i.HAL_IncTick) for HAL_IncTick
    stm32f1xx_it.o(i.USB_LP_CAN1_RX0_IRQHandler) refers to stm32f1xx_hal_pcd.o(i.HAL_PCD_IRQHandler) for HAL_PCD_IRQHandler
[...]
    __lcctype_c_end                          0x080085d4   Data           0  lc_ctype_c.o(locale$$data)
    .data                                    0x20000000   Section       78  usbd_desc.o(.data)
    .data                                    0x20000050   Section        9  stm32f1xx_hal.o(.data)
    .data                                    0x2000005c   Section        4  system_stm32f1xx.o(.data)
    .data                                    0x20000060   Section        1  usbd_ctlreq.o(.data)
    cfgidx                                   0x20000060   Data           1  usbd_ctlreq.o(.data)
    .data                                    0x20000064   Section      262  usbd_hid.o(.data)
    USBD_HID_CfgFSDesc                       0x2000009c   Data          34  usbd_hid.o(.data)
    USBD_HID_CfgHSDesc                       0x200000c0   Data          34  usbd_hid.o(.data)
    USBD_HID_OtherSpeedCfgDesc               0x200000e4   Data          34  usbd_hid.o(.data)
    USBD_HID_Desc                            0x20000108   Data           9  usbd_hid.o(.data)
    USBD_HID_DeviceQualifierDesc             0x20000114   Data          10  usbd_hid.o(.data)
    HID_MOUSE_ReportDesc                     0x20000120   Data          74  usbd_hid.o(.data)
    .data                                    0x2000016a   Section       10  nrf24l01.o(.data)
    .bss                                     0x20000174   Section       84  i2c.o(.bss)
    .bss                                     0x200001c8   Section       88  spi.o(.bss)
    .bss                                     0x20000220   Section      708  usb_device.o(.bss)
    .bss                                     0x200004e4   Section      512  usbd_desc.o(.bss)
    .bss                                     0x200006e4   Section      748  usbd_conf.o(.bss)
    mem                                      0x200009bc   Data          20  usbd_conf.o(.bss)
    .bss                                     0x200009d0   Section     1024  oled.o(.bss)
    .bss                                     0x20000dd0   Section       96  libspace.o(.bss)
    HEAP                                     0x20000e30   Section      512  startup_stm32f103xb.o(HEAP)
    Heap_Mem                                 0x20000e30   Data         512  startup_stm32f103xb.o(HEAP)
    STACK                                    0x20001030   Section     1024  startup_stm32f103xb.o(STACK)
    Stack_Mem                                0x20001030   Data        1024  startup_stm32f103xb.o(STACK)
    __initial_sp                             0x20001430   Data           0  startup_stm32f103xb.o(STACK)

    Global Symbols

    Symbol Name                              Value     Ov Type        Size  Object(Section)

    BuildAttributes$$THM_ISAv4$P$D$K$B$S$PE$A:L22UL41UL21$X:L11$S22US41US21$IEEE1$IW$USESV6$~STKCKD$USESV7$~SHL$OTIME$ROPI$IEEEX$EBA8$UX$STANDARDLIB$REQ8$PRES8$EABIv2 0x00000000   Number         0  anon$$obj.o ABSOLUTE
    __ARM_use_no_argv                        0x00000000   Number         0  main.o ABSOLUTE
    _printf_flags                            0x00000000   Number         0  printf_stubs.o ABSOLUTE
    _printf_return_value                     0x00000000   Number         0  printf_stubs.o ABSOLUTE
    _printf_sizespec                         0x00000000   Number         0  printf_stubs.o ABSOLUTE
    _printf_widthprec                        0x00000000   Number         0  printf_stubs.o ABSOLUTE
    __ARM_exceptions_init                     - Undefined Weak Reference
    __alloca_initialize                       - Undefined Weak Reference
    __arm_preinit_                            - Undefined Weak Reference
    __cpp_initialize__aeabi_                  - Undefined Weak Reference
    __cxa_finalize                            - Undefined Weak Reference
    __sigvec_lookup                           - Undefined Weak Reference
    _atexit_init                              - Undefined Weak Reference
    _call_atexit_fns                          - Undefined Weak Reference
    _clock_init                               - Undefined Weak Reference
    _fp_trap_init                             - Undefined Weak Reference
    _fp_trap_shutdown                         - Undefined Weak Reference
    _get_lc_collate                           - Undefined Weak Reference
    _get_lc_monetary                          - Undefined Weak Reference
    _get_lc_time                              - Undefined Weak Reference
    _getenv_init                              - Undefined Weak Reference
    _handle_redirection                       - Undefined Weak Reference
    _init_alloc                               - Undefined Weak Reference
    _init_user_alloc                          - Undefined Weak Reference
    _initio                                   - Undefined Weak Reference
    _printf_mbtowc                            - Undefined Weak Reference
    _printf_wc                                - Undefined Weak Reference
    _rand_init                                - Undefined Weak Reference
    _signal_finish                            - Undefined Weak Reference
    _signal_init                              - Undefined Weak Reference
    _terminate_alloc                          - Undefined Weak Reference
    _terminate_user_alloc                     - Undefined Weak Reference
    _terminateio                              - Undefined Weak Reference
    __Vectors_Size                           0x000000ec   Number         0  startup_stm32f103xb.o ABSOLUTE
    __Vectors                                0x08000000   Data           4  startup_stm32f103xb.o(RESET)
    __Vectors_End                            0x080000ec   Data           0  startup_stm32f103xb.o(RESET)
    __main                                   0x080000ed   Thumb Code     8  __main.o(!!!main)
    __scatterload                            0x080000f5   Thumb Code     0  __scatter.o(!!!scatter)
    __scatterload_rt2                        0x080000f5   Thumb Code    44  __scatter.o(!!!scatter)
    __scatterload_rt2_thumb_only             0x080000f5   Thumb Code     0  __scatter.o(!!!scatter)
    __scatterload_null                       0x08000103   Thumb Code     0  __scatter.o(!!!scatter)
    __decompress                             0x08000129   Thumb Code    90  __dczerorl2.o(!!dczerorl2)
    __decompress1                            0x08000129   Thumb Code     0  __dczerorl2.o(!!dczerorl2)
    __scatterload_zeroinit                   0x08000185   Thumb Code    28  __scatter_zi.o(!!handler_zi)
    _printf_n                                0x080001a1   Thumb Code     0  _printf_n.o(.ARM.Collect$$_printf_percent$$00000001)
    _printf_percent                          0x080001a1   Thumb Code     0  _printf_percent.o(.ARM.Collect$$_printf_percent$$00000000)
    _printf_p                                0x080001a7   Thumb Code     0  _printf_p.o(.ARM.Collect$$_printf_percent$$00000002)
    _printf_f                                0x080001ad   Thumb Code     0  _printf_f.o(.ARM.Collect$$_printf_percent$$00000003)
    _printf_e                                0x080001b3   Thumb Code     0  _printf_e.o(.ARM.Collect$$_printf_percent$$00000004)
    _printf_g                                0x080001b9   Thumb Code     0  _printf_g.o(.ARM.Collect$$_printf_percent$$00000005)
    _printf_a                                0x080001bf   Thumb Code     0  _printf_a.o(.ARM.Collect$$_printf_percent$$00000006)
    _printf_ll                               0x080001c5   Thumb Code     0  _printf_ll.o(.ARM.Collect$$_printf_percent$$00000007)
    _printf_i                                0x080001cf   Thumb Code     0  _printf_i.o(.ARM.Collect$$_printf_percent$$00000008)
    _printf_d                                0x080001d5   Thumb Code     0  _printf_d.o(.ARM.Collect$$_printf_percent$$00000009)
    _printf_u                                0x080001db   Thumb Code     0  _printf_u.o(.ARM.Collect$$_printf_percent$$0000000A)
    _printf_o                                0x080001e1   Thumb Code     0  _printf_o.o(.ARM.Collect$$_printf_percent$$0000000B)
    _printf_x                                0x080001e7   Thumb Code     0  _printf_x.o(.ARM.Collect$$_printf_percent$$0000000C)
    _printf_lli                              0x080001ed   Thumb Code     0  _printf_lli.o(.ARM.Collect$$_printf_percent$$0000000D)
    _printf_lld                              0x080001f3   Thumb Code     0  _printf_lld.o(.ARM.Collect$$_printf_percent$$0000000E)
    _printf_llu                              0x080001f9   Thumb Code     0  _printf_llu.o(.ARM.Collect$$_printf_percent$$0000000F)
    _printf_llo                              0x080001ff   Thumb Code     0  _printf_llo.o(.ARM.Collect$$_printf_percent$$00000010)
    _printf_llx                              0x08000205   Thumb Code     0  _printf_llx.o(.ARM.Collect$$_printf_percent$$00000011)
    _printf_l                                0x0800020b   Thumb Code     0  _printf_l.o(.ARM.Collect$$_printf_percent$$00000012)
    _printf_c                                0x08000215   Thumb Code     0  _printf_c.o(.ARM.Collect$$_printf_percent$$00000013)
    _printf_s                                0x0800021b   Thumb Code     0  _printf_s.o(.ARM.Collect$$_printf_percent$$00000014)
    _printf_lc                               0x08000221   Thumb Code     0  _printf_lc.o(.ARM.Collect$$_printf_percent$$00000015)
    _printf_ls                               0x08000227   Thumb Code     0  _printf_ls.o(.ARM.Collect$$_printf_percent$$00000016)
    _printf_percent_end                      0x0800022d   Thumb Code     0  _printf_percent_end.o(.ARM.Collect$$_printf_percent$$00000017)
    __rt_lib_init                            0x08000231   Thumb Code     0  libinit.o(.ARM.Collect$$libinit$$00000000)
    __rt_lib_init_fp_1                       0x08000233   Thumb Code     0  libinit2.o(.ARM.Collect$$libinit$$00000002)
    __rt_lib_init_heap_1                     0x08000233   Thumb Code     0  libinit2.o(.ARM.Collect$$libinit$$0000000A)
    __rt_lib_init_lc_common                  0x08000233   Thumb Code     0  libinit2.o(.ARM.Collect$$libinit$$0000000F)
    __rt_lib_init_preinit_1                  0x08000233   Thumb Code     0  libinit2.o(.ARM.Collect$$libinit$$00000004)
    __rt_lib_init_rand_1                     0x08000233   Thumb Code     0  libinit2.o(.ARM.Collect$$libinit$$0000000E)
    __rt_lib_init_user_alloc_1               0x08000233   Thumb Code     0  libinit2.o(.ARM.Collect$$libinit$$0000000C)
    __rt_lib_init_lc_collate_1               0x08000239   Thumb Code     0  libinit2.o(.ARM.Collect$$libinit$$00000011)
    __rt_lib_init_lc_ctype_2                 0x08000239   Thumb Code     0  libinit2.o(.ARM.Collect$$libinit$$00000012)
    __rt_lib_init_lc_ctype_1                 0x08000245   Thumb Code     0  libinit2.o(.ARM.Collect$$libinit$$00000013)
    __rt_lib_init_lc_monetary_1              0x08000245   Thumb Code     0  libinit2.o(.ARM.Collect$$libinit$$00000015)
    __rt_lib_init_lc_numeric_2               0x08000245   Thumb Code     0  libinit2.o(.ARM.Collect$$libinit$$00000016)
    __rt_lib_init_alloca_1                   0x0800024f   Thumb Code     0  libinit2.o(.ARM.Collect$$libinit$$0000002E)
    __rt_lib_init_argv_1                     0x0800024f   Thumb Code     0  libinit2.o(.ARM.Collect$$libinit$$0000002C)
    __rt_lib_init_atexit_1                   0x0800024f   Thumb Code     0  libinit2.o(.ARM.Collect$$libinit$$0000001B)
    __rt_lib_init_clock_1                    0x0800024f   Thumb Code     0  libinit2.o(.ARM.Collect$$libinit$$00000021)
    __rt_lib_init_cpp_1                      0x0800024f   Thumb Code     0  libinit2.o(.ARM.Collect$$libinit$$00000032)
    __rt_lib_init_exceptions_1               0x0800024f   Thumb Code     0  libinit2.o(.ARM.Collect$$libinit$$00000030)
    __rt_lib_init_fp_trap_1                  0x0800024f   Thumb Code     0  libinit2.o(.ARM.Collect$$libinit$$0000001F)
    __rt_lib_init_getenv_1                   0x0800024f   Thumb Code     0  libinit2.o(.ARM.Collect$$libinit$$00000023)
    __rt_lib_init_lc_numeric_1               0x0800024f   Thumb Code     0  libinit2.o(.ARM.Collect$$libinit$$00000017)
    __rt_lib_init_lc_time_1                  0x0800024f   Thumb Code     0  libinit2.o(.ARM.Collect$$libinit$$00000019)
    __rt_lib_init_return                     0x0800024f   Thumb Code     0  libinit2.o(.ARM.Collect$$libinit$$00000033)
    __rt_lib_init_signal_1                   0x0800024f   Thumb Code     0  libinit2.o(.ARM.Collect$$libinit$$0000001D)
    __rt_lib_init_stdio_1                    0x0800024f   Thumb Code     0  libinit2.o(.ARM.Collect$$libinit$$00000025)
    __rt_lib_shutdown                        0x08000251   Thumb Code     0  libshutdown.o(.ARM.Collect$$libshutdown$$00000000)
    __rt_lib_shutdown_cpp_1                  0x08000253   Thumb Code     0  libshutdown2.o(.ARM.Collect$$libshutdown$$00000002)
    __rt_lib_shutdown_fp_trap_1              0x08000253   Thumb Code     0  libshutdown2.o(.ARM.Collect$$libshutdown$$00000007)
    __rt_lib_shutdown_heap_1                 0x08000253   Thumb Code     0  libshutdown2.o(.ARM.Collect$$libshutdown$$0000000F)
    __rt_lib_shutdown_return                 0x08000253   Thumb Code     0  libshutdown2.o(.ARM.Collect$$libshutdown$$00000010)
    __rt_lib_shutdown_signal_1               0x08000253   Thumb Code     0  libshutdown2.o(.ARM.Collect$$libshutdown$$0000000A)
    __rt_lib_shutdown_stdio_1                0x08000253   Thumb Code     0  libshutdown2.o(.ARM.Collect$$libshutdown$$00000004)
    __rt_lib_shutdown_user_alloc_1           0x08000253   Thumb Code     0  libshutdown2.o(.ARM.Collect$$libshutdown$$0000000C)
    __rt_entry                               0x08000255   Thumb Code     0  __rtentry.o(.ARM.Collect$$rtentry$$00000000)
    __rt_entry_presh_1                       0x08000255   Thumb Code     0  __rtentry2.o(.ARM.Collect$$rtentry$$00000002)
    __rt_entry_sh                            0x08000255   Thumb Code     0  __rtentry4.o(.ARM.Collect$$rtentry$$00000004)
    __rt_entry_li                            0x0800025b   Thumb Code     0  __rtentry2.o(.ARM.Collect$$rtentry$$0000000A)
    __rt_entry_postsh_1                      0x0800025b   Thumb Code     0  __rtentry2.o(.ARM.Collect$$rtentry$$00000009)
    __rt_entry_main                          0x0800025f   Thumb Code     0  __rtentry2.o(.ARM.Collect$$rtentry$$0000000D)
    __rt_entry_postli_1                      0x0800025f   Thumb Code     0  __rtentry2.o(.ARM.Collect$$rtentry$$0000000C)
    __rt_exit                                0x08000267   Thumb Code     0  rtexit.o(.ARM.Collect$$rtexit$$00000000)
    __rt_exit_ls                             0x08000269   Thumb Code     0  rtexit2.o(.ARM.Collect$$rtexit$$00000003)
    __rt_exit_prels_1                        0x08000269   Thumb Code     0  rtexit2.o(.ARM.Collect$$rtexit$$00000002)
    __rt_exit_exit                           0x0800026d   Thumb Code     0  rtexit2.o(.ARM.Collect$$rtexit$$00000004)
    Reset_Handler                            0x08000275   Thumb Code     8  startup_stm32f103xb.o(.text)
    ADC1_2_IRQHandler                        0x0800028f   Thumb Code     0  startup_stm32f103xb.o(.text)
    CAN1_RX1_IRQHandler                      0x0800028f   Thumb Code     0  startup_stm32f103xb.o(.text)
    CAN1_SCE_IRQHandler                      0x0800028f   Thumb Code     0  startup_stm32f103xb.o(.text)
    DMA1_Channel1_IRQHandler                 0x0800028f   Thumb Code     0  startup_stm32f103xb.o(.text)
    DMA1_Channel2_IRQHandler                 0x0800028f   Thumb Code     0  startup_stm32f103xb.o(.text)
    DMA1_Channel3_IRQHandler                 0x0800028f   Thumb Code     0  startup_stm32f103xb.o(.text)
    DMA1_Channel4_IRQHandler                 0x0800028f   Thumb Code     0  startup_stm32f103xb.o(.text)
    DMA1_Channel5_IRQHandler                 0x0800028f   Thumb Code     0  startup_stm32f103xb.o(.text)
    DMA1_Channel6_IRQHandler                 0x0800028f   Thumb Code     0  startup_stm32f103xb.o(.text)
    DMA1_Channel7_IRQHandler                 0x0800028f   Thumb Code     0  startup_stm32f103xb.o(.text)
    EXTI0_IRQHandler                         0x0800028f   Thumb Code     0  startup_stm32f103xb.o(.text)
    EXTI15_10_IRQHandler                     0x0800028f   Thumb Code     0  startup_stm32f103xb.o(.text)
    EXTI1_IRQHandler                         0x0800028f   Thumb Code     0  startup_stm32f103xb.o(.text)
    EXTI2_IRQHandler                         0x0800028f   Thumb Code     0  startup_stm32f103xb.o(.text)
    EXTI3_IRQHandler                         0x0800028f   Thumb Code     0  startup_stm32f103xb.o(.text)
    EXTI4_IRQHandler                         0x0800028f   Thumb Code     0  startup_stm32f103xb.o(.text)
    EXTI9_5_IRQHandler                       0x0800028f   Thumb Code     0  startup_stm32f103xb.o(.text)
    FLASH_IRQHandler                         0x0800028f   Thumb Code     0  startup_stm32f103xb.o(.text)
    I2C1_ER_IRQHandler                       0x0800028f   Thumb Code     0  startup_stm32f103xb.o(.text)
    I2C1_EV_IRQHandler                       0x0800028f   Thumb Code     0  startup_stm32f103xb.o(.text)
    I2C2_ER_IRQHandler                       0x0800028f   Thumb Code     0  startup_stm32f103xb.o(.text)
    I2C2_EV_IRQHandler                       0x0800028f   Thumb Code     0  startup_stm32f103xb.o(.text)
    PVD_IRQHandler                           0x0800028f   Thumb Code     0  startup_stm32f103xb.o(.text)
    RCC_IRQHandler                           0x0800028f   Thumb Code     0  startup_stm32f103xb.o(.text)
    RTC_Alarm_IRQHandler                     0x0800028f   Thumb Code     0  startup_stm32f103xb.o(.text)
    RTC_IRQHandler                           0x0800028f   Thumb Code     0  startup_stm32f103xb.o(.text)
    SPI1_IRQHandler                          0x0800028f   Thumb Code     0  startup_stm32f103xb.o(.text)
    SPI2_IRQHandler                          0x0800028f   Thumb Code     0  startup_stm32f103xb.o(.text)
    TAMPER_IRQHandler                        0x0800028f   Thumb Code     0  startup_stm32f103xb.o(.text)
    TIM1_BRK_IRQHandler                      0x0800028f   Thumb Code     0  startup_stm32f103xb.o(.text)
    TIM1_CC_IRQHandler                       0x0800028f   Thumb Code     0  startup_stm32f103xb.o(.text)
    TIM1_TRG_COM_IRQHandler                  0x0800028f   Thumb Code     0  startup_stm32f103xb.o(.text)
    TIM1_UP_IRQHandler                       0x0800028f   Thumb Code     0  startup_stm32f103xb.o(.text)
    TIM2_IRQHandler                          0x0800028f   Thumb Code     0  startup_stm32f103xb.o(.text)
    TIM3_IRQHandler                          0x0800028f   Thumb Code     0  startup_stm32f103xb.o(.text)
    TIM4_IRQHandler                          0x0800028f   Thumb Code     0  startup_stm32f103xb.o(.text)
    USART1_IRQHandler                        0x0800028f   Thumb Code     0  startup_stm32f103xb.o(.text)
    USART2_IRQHandler                        0x0800028f   Thumb Code     0  startup_stm32f103xb.o(.text)
    USART3_IRQHandler                        0x0800028f   Thumb Code     0  startup_stm32f103xb.o(.text)
    USBWakeUp_IRQHandler                     0x0800028f   Thumb Code     0  startup_stm32f103xb.o(.text)
    USB_HP_CAN1_TX_IRQHandler                0x0800028f   Thumb Code     0  startup_stm32f103xb.o(.text)
    WWDG_IRQHandler                          0x0800028f   Thumb Code     0  startup_stm32f103xb.o(.text)
    __user_initial_stackheap                 0x08000291   Thumb Code     0  startup_stm32f103xb.o(.text)
    vsprintf                                 0x080002b5   Thumb Code    32  vsprintf.o(.text)
    __aeabi_memclr4                          0x080002d9   Thumb Code     0  rt_memclr_w.o(.text)
    __aeabi_memclr8                          0x080002d9   Thumb Code     0  rt_memclr_w.o(.text)
    __rt_memclr_w                            0x080002d9   Thumb Code    78  rt_memclr_w.o(.text)
    _memset_w                                0x080002dd   Thumb Code     0  rt_memclr_w.o(.text)
    strcmp                                   0x08000329   Thumb Code   128  strcmpv7m.o(.text)
    __use_two_region_memory                  0x080003a9   Thumb Code     2  heapauxi.o(.text)
    __rt_heap_escrow$2region                 0x080003ab   Thumb Code     2  heapauxi.o(.text)
    __rt_heap_expand$2region                 0x080003ad   Thumb Code     2  heapauxi.o(.text)
    _printf_pre_padding                      0x080003af   Thumb Code    44  _printf_pad.o(.text)
    _printf_post_padding                     0x080003db   Thumb Code    34  _printf_pad.o(.text)
    _printf_truncate_signed                  0x080003fd   Thumb Code    18  _printf_truncate.o(.text)
    _printf_truncate_unsigned                0x0800040f   Thumb Code    18  _printf_truncate.o(.text)
    _printf_str                              0x08000421   Thumb Code    82  _printf_str.o(.text)
    _printf_int_dec                          0x08000475   Thumb Code   104  _printf_dec.o(.text)
    _printf_charcount                        0x080004ed   Thumb Code    40  _printf_charcount.o(.text)
    _printf_char_common                      0x0800051f   Thumb Code    32  _printf_char_common.o(.text)
    _sputc                                   0x08000545   Thumb Code    10  _sputc.o(.text)
    _printf_wctomb                           0x08000551   Thumb Code   182  _printf_wctomb.o(.text)
    _printf_longlong_dec                     0x0800060d   Thumb Code   108  _printf_longlong_dec.o(.text)
    _printf_longlong_oct                     0x08000689   Thumb Code    66  _printf_oct_int_ll.o(.text)
    _printf_int_oct                          0x080006cb   Thumb Code    24  _printf_oct_int_ll.o(.text)
    _printf_ll_oct                           0x080006e3   Thumb Code    12  _printf_oct_int_ll.o(.text)
    _printf_longlong_hex                     0x080006f9   Thumb Code    86  _printf_hex_int_ll_ptr.o(.text)
    _printf_int_hex                          0x0800074f   Thumb Code    28  _printf_hex_int_ll_ptr.o(.text)
    _printf_ll_hex                           0x0800076b   Thumb Code    12  _printf_hex_int_ll_ptr.o(.text)
    _printf_hex_ptr                          0x08000777   Thumb Code    18  _printf_hex_int_ll_ptr.o(.text)
    __printf                                 0x0800078d   Thumb Code   388  __printf_flags_ss_wp.o(.text)
    _ll_udiv10                               0x08000915   Thumb Code   138  lludiv10.o(.text)
    _printf_int_common                       0x0800099f   Thumb Code   178  _printf_intcommon.o(.text)
    __lib_sel_fp_printf                      0x08000a51   Thumb Code     2  _printf_fp_dec.o(.text)
    _printf_fp_dec_real                      0x08000c03   Thumb Code   620  _printf_fp_dec.o(.text)
    _printf_fp_hex_real                      0x08000e71   Thumb Code   756  _printf_fp_hex.o(.text)
    _printf_cs_common                        0x0800116d   Thumb Code    20  _printf_char.o(.text)
    _printf_char                             0x08001181   Thumb Code    16  _printf_char.o(.text)
    _printf_string                           0x08001191   Thumb Code     8  _printf_char.o(.text)
    _printf_lcs_common                       0x08001199   Thumb Code    20  _printf_wchar.o(.text)
    _printf_wchar                            0x080011ad   Thumb Code    16  _printf_wchar.o(.text)
    _printf_wstring                          0x080011bd   Thumb Code     8  _printf_wchar.o(.text)
    _wcrtomb                                 0x080011c5   Thumb Code    64  _wcrtomb.o(.text)
    __user_libspace                          0x08001205   Thumb Code     8  libspace.o(.text)
    __user_perproc_libspace                  0x08001205   Thumb Code     0  libspace.o(.text)
    __user_perthread_libspace                0x08001205   Thumb Code     0  libspace.o(.text)
    __user_setup_stackheap                   0x0800120d   Thumb Code    74  sys_stackheap_outer.o(.text)
    __rt_ctype_table                         0x08001259   Thumb Code    16  rt_ctype_table.o(.text)
    __rt_locale                              0x08001269   Thumb Code     8  rt_locale_intlibspace.o(.text)
    _printf_fp_infnan                        0x08001271   Thumb Code   112  _printf_fp_infnan.o(.text)
    _btod_etento                             0x080012f1   Thumb Code   224  bigflt0.o(.text)
    exit                                     0x080013d5   Thumb Code    18  exit.o(.text)
    _sys_exit                                0x080013e9   Thumb Code     8  sys_exit.o(.text)
    __I$use$semihosting                      0x080013f5   Thumb Code     0  use_no_semi.o(.text)
    __use_no_semihosting_swi                 0x080013f5   Thumb Code     2  use_no_semi.o(.text)
    __semihosting_library_function           0x080013f7   Thumb Code     0  indicate_semi.o(.text)
    _btod_d2e                                0x080013f7   Thumb Code    62  btod.o(CL$$btod_d2e)
    _d2e_denorm_low                          0x08001435   Thumb Code    70  btod.o(CL$$btod_d2e_denorm_low)
    _d2e_norm_op1                            0x0800147b   Thumb Code    96  btod.o(CL$$btod_d2e_norm_op1)
    __btod_div_common                        0x080014db   Thumb Code   696  btod.o(CL$$btod_div_common)
    _e2e                                     0x08001813   Thumb Code   220  btod.o(CL$$btod_e2e)
    _btod_ediv                               0x080018ef   Thumb Code    42  btod.o(CL$$btod_ediv)
    _btod_emul                               0x08001919   Thumb Code    42  btod.o(CL$$btod_emul)
    __btod_mult_common                       0x08001943   Thumb Code   580  btod.o(CL$$btod_mult_common)
    BusFault_Handler                         0x08001b87   Thumb Code     4  stm32f1xx_it.o(i.BusFault_Handler)
    DebugMon_Handler                         0x08001b8b   Thumb Code     2  stm32f1xx_it.o(i.DebugMon_Handler)
    Error_Handler                            0x08001b8d   Thumb Code     6  main.o(i.Error_Handler)
    HAL_Delay                                0x08001bc9   Thumb Code    36  stm32f1xx_hal.o(i.HAL_Delay)
    HAL_GPIO_Init                            0x08001bf1   Thumb Code   766  stm32f1xx_hal_gpio.o(i.HAL_GPIO_Init)
    HAL_GPIO_ReadPin                         0x08001f11   Thumb Code    16  stm32f1xx_hal_gpio.o(i.HAL_GPIO_ReadPin)
    HAL_GPIO_WritePin                        0x08001f21   Thumb Code    12  stm32f1xx_hal_gpio.o(i.HAL_GPIO_WritePin)
    HAL_GetTick                              0x08001f2d   Thumb Code     6  stm32f1xx_hal.o(i.HAL_GetTick)
    HAL_I2C_Init                             0x08001f39   Thumb Code   446  stm32f1xx_hal_i2c.o(i.HAL_I2C_Init)
    HAL_I2C_Mem_Write                        0x08002109   Thumb Code   348  stm32f1xx_hal_i2c.o(i.HAL_I2C_Mem_Write)
    HAL_I2C_MspInit                          0x0800226d   Thumb Code   104  i2c.o(i.HAL_I2C_MspInit)
    HAL_IncTick                              0x080022e1   Thumb Code    16  stm32f1xx_hal.o(i.HAL_IncTick)
    HAL_Init                                 0x080022f9   Thumb Code    34  stm32f1xx_hal.o(i.HAL_Init)
    HAL_InitTick                             0x08002321   Thumb Code    64  stm32f1xx_hal.o(i.HAL_InitTick)
    HAL_MspInit                              0x0800236d   Thumb Code    76  stm32f1xx_hal_msp.o(i.HAL_MspInit)
    HAL_NVIC_EnableIRQ                       0x080023c1   Thumb Code    32  stm32f1xx_hal_cortex.o(i.HAL_NVIC_EnableIRQ)
    HAL_NVIC_SetPriority                     0x080023e1   Thumb Code   124  stm32f1xx_hal_cortex.o(i.HAL_NVIC_SetPriority)
    HAL_NVIC_SetPriorityGrouping             0x0800245d   Thumb Code    32  stm32f1xx_hal_cortex.o(i.HAL_NVIC_SetPriorityGrouping)
    HAL_PCDEx_PMAConfig                      0x08002485   Thumb Code    68  stm32f1xx_hal_pcd_ex.o(i.HAL_PCDEx_PMAConfig)
    HAL_PCDEx_SetConnectionState             0x080024c9   Thumb Code     2  usbd_conf.o(i.HAL_PCDEx_SetConnectionState)
    HAL_PCD_DataInStageCallback              0x080024cb   Thumb Code    32  usbd_conf.o(i.HAL_PCD_DataInStageCallback)
    HAL_PCD_DataOutStageCallback             0x080024eb   Thumb Code    32  usbd_conf.o(i.HAL_PCD_DataOutStageCallback)
    HAL_PCD_EP_Close                         0x0800250b   Thumb Code   106  stm32f1xx_hal_pcd.o(i.HAL_PCD_EP_Close)
    HAL_PCD_EP_ClrStall                      0x08002575   Thumb Code   124  stm32f1xx_hal_pcd.o(i.HAL_PCD_EP_ClrStall)
    HAL_PCD_EP_Open                          0x08002c87   Thumb Code   132  stm32f1xx_hal_pcd.o(i.HAL_PCD_EP_Open)
    HAL_PCD_EP_Receive                       0x08002d0b   Thumb Code    60  stm32f1xx_hal_pcd.o(i.HAL_PCD_EP_Receive)
    HAL_PCD_EP_SetStall                      0x08002d47   Thumb Code   136  stm32f1xx_hal_pcd.o(i.HAL_PCD_EP_SetStall)
    HAL_PCD_EP_Transmit                      0x08002dcf   Thumb Code    70  stm32f1xx_hal_pcd.o(i.HAL_PCD_EP_Transmit)
    HAL_PCD_IRQHandler                       0x08002e15   Thumb Code   460  stm32f1xx_hal_pcd.o(i.HAL_PCD_IRQHandler)
    HAL_PCD_Init                             0x08002fe1   Thumb Code   316  stm32f1xx_hal_pcd.o(i.HAL_PCD_Init)
    HAL_PCD_MspInit                          0x0800311d   Thumb Code    58  usbd_conf.o(i.HAL_PCD_MspInit)
    HAL_PCD_ResetCallback                    0x08003161   Thumb Code    36  usbd_conf.o(i.HAL_PCD_ResetCallback)
    HAL_PCD_ResumeCallback                   0x08003185   Thumb Code    14  usbd_conf.o(i.HAL_PCD_ResumeCallback)
    HAL_PCD_SOFCallback                      0x08003193   Thumb Code    14  usbd_conf.o(i.HAL_PCD_SOFCallback)
    HAL_PCD_SetAddress                       0x080031a1   Thumb Code    52  stm32f1xx_hal_pcd.o(i.HAL_PCD_SetAddress)
    HAL_PCD_SetupStageCallback               0x080031d5   Thumb Code    18  usbd_conf.o(i.HAL_PCD_SetupStageCallback)
    HAL_PCD_Start                            0x080031e7   Thumb Code    60  stm32f1xx_hal_pcd.o(i.HAL_PCD_Start)
    HAL_PCD_SuspendCallback                  0x08003225   Thumb Code    30  usbd_conf.o(i.HAL_PCD_SuspendCallback)
    HAL_RCCEx_PeriphCLKConfig                0x08003249   Thumb Code   290  stm32f1xx_hal_rcc_ex.o(i.HAL_RCCEx_PeriphCLKConfig)
    HAL_RCC_ClockConfig                      0x08003379   Thumb Code   376  stm32f1xx_hal_rcc.o(i.HAL_RCC_ClockConfig)
    HAL_RCC_GetHCLKFreq                      0x08003505   Thumb Code     6  stm32f1xx_hal_rcc.o(i.HAL_RCC_GetHCLKFreq)
    HAL_RCC_GetPCLK1Freq                     0x08003511   Thumb Code    22  stm32f1xx_hal_rcc.o(i.HAL_RCC_GetPCLK1Freq)
    HAL_RCC_GetSysClockFreq                  0x08003531   Thumb Code    92  stm32f1xx_hal_rcc.o(i.HAL_RCC_GetSysClockFreq)
    HAL_RCC_OscConfig                        0x080035a1   Thumb Code  1114  stm32f1xx_hal_rcc.o(i.HAL_RCC_OscConfig)
    HAL_SPI_Init                             0x08003a05   Thumb Code   190  stm32f1xx_hal_spi.o(i.HAL_SPI_Init)
    HAL_SPI_MspInit                          0x08003ac5   Thumb Code   126  spi.o(i.HAL_SPI_MspInit)
    HAL_SPI_Receive                          0x08003b51   Thumb Code   386  stm32f1xx_hal_spi.o(i.HAL_SPI_Receive)
    HAL_SPI_Transmit                         0x08003cd3   Thumb Code   446  stm32f1xx_hal_spi.o(i.HAL_SPI_Transmit)
    HAL_SPI_TransmitReceive                  0x08003e91   Thumb Code   584  stm32f1xx_hal_spi.o(i.HAL_SPI_TransmitReceive)
    HAL_SYSTICK_Config                       0x080040d9   Thumb Code    52  stm32f1xx_hal_cortex.o(i.HAL_SYSTICK_Config)
    HardFault_Handler                        0x0800410d   Thumb Code     4  stm32f1xx_it.o(i.HardFault_Handler)
    MX_GPIO_Init                             0x080044f5   Thumb Code   158  gpio.o(i.MX_GPIO_Init)
    MX_I2C1_Init                             0x0800459d   Thumb Code    48  i2c.o(i.MX_I2C1_Init)
    MX_SPI2_Init                             0x080045d9   Thumb Code    60  spi.o(i.MX_SPI2_Init)
    MX_USB_DEVICE_Init                       0x0800461d   Thumb Code    46  usb_device.o(i.MX_USB_DEVICE_Init)
    MemManage_Handler                        0x08004659   Thumb Code     4  stm32f1xx_it.o(i.MemManage_Handler)
    NMI_Handler                              0x0800465d   Thumb Code     4  stm32f1xx_it.o(i.NMI_Handler)
    NRF24L01_Init                            0x08004661   Thumb Code   108  nrf24l01.o(i.NRF24L01_Init)
    OLED_Clear                               0x080046d5   Thumb Code    36  oled.o(i.OLED_Clear)
    OLED_ClearArea                           0x080046fd   Thumb Code   162  oled.o(i.OLED_ClearArea)
    OLED_Init                                0x080047a5   Thumb Code   148  oled.o(i.OLED_Init)
    OLED_Printf                              0x08004839   Thumb Code    50  oled.o(i.OLED_Printf)
    OLED_SetCursor                           0x0800486b   Thumb Code    34  oled.o(i.OLED_SetCursor)
    OLED_ShowChar                            0x0800488d   Thumb Code    74  oled.o(i.OLED_ShowChar)
    OLED_ShowImage                           0x080048e1   Thumb Code   296  oled.o(i.OLED_ShowImage)
    OLED_ShowString                          0x08004a0d   Thumb Code    46  oled.o(i.OLED_ShowString)
    OLED_Update                              0x08004a3d   Thumb Code    36  oled.o(i.OLED_Update)
    OLED_WriteCommand                        0x08004a65   Thumb Code    32  oled.o(i.OLED_WriteCommand)
    OLED_WriteData                           0x08004a89   Thumb Code    32  oled.o(i.OLED_WriteData)
    PendSV_Handler                           0x08004f99   Thumb Code     2  stm32f1xx_it.o(i.PendSV_Handler)
    R_Buf                                    0x08004fc5   Thumb Code    42  nrf24l01.o(i.R_Buf)
    R_IRQ                                    0x08004ff5   Thumb Code    14  nrf24l01.o(i.R_IRQ)
    R_Reg                                    0x08005009   Thumb Code    34  nrf24l01.o(i.R_Reg)
    Receive                                  0x0800502b   Thumb Code    58  nrf24l01.o(i.Receive)
    SPI_SwapByte                             0x08005121   Thumb Code    32  nrf24l01.o(i.SPI_SwapByte)
    SVC_Handler                              0x0800521d   Thumb Code     2  stm32f1xx_it.o(i.SVC_Handler)
    SysTick_Handler                          0x0800521f   Thumb Code     8  stm32f1xx_it.o(i.SysTick_Handler)
    SystemClock_Config                       0x08005227   Thumb Code   132  main.o(i.SystemClock_Config)
    SystemInit                               0x080052ab   Thumb Code     2  system_stm32f1xx.o(i.SystemInit)
    USBD_ClrClassConfig                      0x080052ad   Thumb Code    22  usbd_core.o(i.USBD_ClrClassConfig)
    USBD_CtlContinueRx                       0x08005301   Thumb Code    24  usbd_ioreq.o(i.USBD_CtlContinueRx)
    USBD_CtlContinueSendData                 0x08005319   Thumb Code    24  usbd_ioreq.o(i.USBD_CtlContinueSendData)
    USBD_CtlError                            0x08005331   Thumb Code    24  usbd_ctlreq.o(i.USBD_CtlError)
    USBD_CtlReceiveStatus                    0x08005349   Thumb Code    26  usbd_ioreq.o(i.USBD_CtlReceiveStatus)
    USBD_CtlSendData                         0x08005363   Thumb Code    34  usbd_ioreq.o(i.USBD_CtlSendData)
    USBD_CtlSendStatus                       0x08005385   Thumb Code    26  usbd_ioreq.o(i.USBD_CtlSendStatus)
    USBD_FS_ConfigStrDescriptor              0x080053a1   Thumb Code    34  usbd_desc.o(i.USBD_FS_ConfigStrDescriptor)
    USBD_FS_DeviceDescriptor                 0x080053d5   Thumb Code    10  usbd_desc.o(i.USBD_FS_DeviceDescriptor)
    USBD_FS_InterfaceStrDescriptor           0x080053e5   Thumb Code    34  usbd_desc.o(i.USBD_FS_InterfaceStrDescriptor)
    USBD_FS_LangIDStrDescriptor              0x0800541d   Thumb Code    10  usbd_desc.o(i.USBD_FS_LangIDStrDescriptor)
    USBD_FS_ManufacturerStrDescriptor        0x0800542d   Thumb Code    20  usbd_desc.o(i.USBD_FS_ManufacturerStrDescriptor)
    USBD_FS_ProductStrDescriptor             0x08005459   Thumb Code    34  usbd_desc.o(i.USBD_FS_ProductStrDescriptor)
    USBD_FS_SerialStrDescriptor              0x08005499   Thumb Code    18  usbd_desc.o(i.USBD_FS_SerialStrDescriptor)
    USBD_GetString                           0x08005769   Thumb Code    82  usbd_ctlreq.o(i.USBD_GetString)
    USBD_HID_SendReport                      0x08005893   Thumb Code    48  usbd_hid.o(i.USBD_HID_SendReport)
    USBD_Init                                0x08005a2d   Thumb Code    50  usbd_core.o(i.USBD_Init)
    USBD_LL_ClearStallEP                     0x08005a5f   Thumb Code    38  usbd_conf.o(i.USBD_LL_ClearStallEP)
    USBD_LL_CloseEP                          0x08005a85   Thumb Code    38  usbd_conf.o(i.USBD_LL_CloseEP)
    USBD_LL_DataInStage                      0x08005aab   Thumb Code   256  usbd_core.o(i.USBD_LL_DataInStage)
    USBD_LL_DataOutStage                     0x08005bab   Thumb Code   166  usbd_core.o(i.USBD_LL_DataOutStage)
    USBD_LL_Init                             0x08005c51   Thumb Code    96  usbd_conf.o(i.USBD_LL_Init)
    USBD_LL_IsStallEP                        0x08005cb9   Thumb Code    56  usbd_conf.o(i.USBD_LL_IsStallEP)
    USBD_LL_OpenEP                           0x08005cf1   Thumb Code    48  usbd_conf.o(i.USBD_LL_OpenEP)
    USBD_LL_PrepareReceive                   0x08005d21   Thumb Code    48  usbd_conf.o(i.USBD_LL_PrepareReceive)
    USBD_LL_Reset                            0x08005d51   Thumb Code    92  usbd_core.o(i.USBD_LL_Reset)
    USBD_LL_Resume                           0x08005dad   Thumb Code    22  usbd_core.o(i.USBD_LL_Resume)
    USBD_LL_SOF                              0x08005dc3   Thumb Code    34  usbd_core.o(i.USBD_LL_SOF)
    USBD_LL_SetSpeed                         0x08005de5   Thumb Code     8  usbd_core.o(i.USBD_LL_SetSpeed)
    USBD_LL_SetUSBAddress                    0x08005ded   Thumb Code    38  usbd_conf.o(i.USBD_LL_SetUSBAddress)
    USBD_LL_SetupStage                       0x08005e13   Thumb Code   110  usbd_core.o(i.USBD_LL_SetupStage)
    USBD_LL_StallEP                          0x08005e81   Thumb Code    38  usbd_conf.o(i.USBD_LL_StallEP)
    USBD_LL_Start                            0x08005ea7   Thumb Code    30  usbd_conf.o(i.USBD_LL_Start)
    USBD_LL_Suspend                          0x08005ec5   Thumb Code    20  usbd_core.o(i.USBD_LL_Suspend)
    USBD_LL_Transmit                         0x08005ed9   Thumb Code    48  usbd_conf.o(i.USBD_LL_Transmit)
    USBD_ParseSetupRequest                   0x08005f09   Thumb Code    40  usbd_ctlreq.o(i.USBD_ParseSetupRequest)
    USBD_RegisterClass                       0x08005f31   Thumb Code    16  usbd_core.o(i.USBD_RegisterClass)
    USBD_RunTestMode                         0x08005f41   Thumb Code     6  usbd_core.o(i.USBD_RunTestMode)
    USBD_SetClassConfig                      0x08005fa1   Thumb Code    34  usbd_core.o(i.USBD_SetClassConfig)
    USBD_Start                               0x080060c5   Thumb Code    14  usbd_core.o(i.USBD_Start)
    USBD_StdDevReq                           0x080060d3   Thumb Code   162  usbd_ctlreq.o(i.USBD_StdDevReq)
    USBD_StdEPReq                            0x08006175   Thumb Code   568  usbd_ctlreq.o(i.USBD_StdEPReq)
    USBD_StdItfReq                           0x080063ad   Thumb Code   126  usbd_ctlreq.o(i.USBD_StdItfReq)
    USBD_static_free                         0x0800642b   Thumb Code     2  usbd_conf.o(i.USBD_static_free)
    USBD_static_malloc                       0x0800642d   Thumb Code     6  usbd_conf.o(i.USBD_static_malloc)
    USB_ActivateEndpoint                     0x08006439   Thumb Code  1200  stm32f1xx_ll_usb.o(i.USB_ActivateEndpoint)
    USB_CoreInit                             0x080068e9   Thumb Code     8  stm32f1xx_ll_usb.o(i.USB_CoreInit)
    USB_DeactivateEndpoint                   0x080068f1   Thumb Code   636  stm32f1xx_ll_usb.o(i.USB_DeactivateEndpoint)
    USB_DevConnect                           0x08006b6d   Thumb Code     6  stm32f1xx_ll_usb.o(i.USB_DevConnect)
    USB_DevDisconnect                        0x08006b73   Thumb Code     6  stm32f1xx_ll_usb.o(i.USB_DevDisconnect)
    USB_DevInit                              0x08006b79   Thumb Code    22  stm32f1xx_ll_usb.o(i.USB_DevInit)
    USB_DisableGlobalInt                     0x08006b8f   Thumb Code    20  stm32f1xx_ll_usb.o(i.USB_DisableGlobalInt)
    USB_EP0_OutStart                         0x08006ba3   Thumb Code     6  stm32f1xx_ll_usb.o(i.USB_EP0_OutStart)
    USB_EPClearStall                         0x08006ba9   Thumb Code   218  stm32f1xx_ll_usb.o(i.USB_EPClearStall)
    USB_EPSetStall                           0x08006c83   Thumb Code    92  stm32f1xx_ll_usb.o(i.USB_EPSetStall)
    USB_EPStartXfer                          0x08006cdf   Thumb Code  2640  stm32f1xx_ll_usb.o(i.USB_EPStartXfer)
    USB_EnableGlobalInt                      0x0800772f   Thumb Code    18  stm32f1xx_ll_usb.o(i.USB_EnableGlobalInt)
    USB_LP_CAN1_RX0_IRQHandler               0x08007741   Thumb Code    10  stm32f1xx_it.o(i.USB_LP_CAN1_RX0_IRQHandler)
    USB_ReadInterrupts                       0x08007751   Thumb Code     8  stm32f1xx_ll_usb.o(i.USB_ReadInterrupts)
    USB_ReadPMA                              0x08007759   Thumb Code    74  stm32f1xx_ll_usb.o(i.USB_ReadPMA)
    USB_SetCurrentMode                       0x080077a3   Thumb Code     6  stm32f1xx_ll_usb.o(i.USB_SetCurrentMode)
    USB_SetDevAddress                        0x080077a9   Thumb Code    14  stm32f1xx_ll_usb.o(i.USB_SetDevAddress)
    USB_WritePMA                             0x080077b7   Thumb Code    64  stm32f1xx_ll_usb.o(i.USB_WritePMA)
    UsageFault_Handler                       0x080077f7   Thumb Code     4  stm32f1xx_it.o(i.UsageFault_Handler)
    W_Buf                                    0x080077fd   Thumb Code    42  nrf24l01.o(i.W_Buf)
    W_CE                                     0x0800782d   Thumb Code    26  nrf24l01.o(i.W_CE)
    W_CSN                                    0x0800784d   Thumb Code    26  nrf24l01.o(i.W_CSN)
    W_Reg                                    0x0800786d   Thumb Code    32  nrf24l01.o(i.W_Reg)
    __ARM_fpclassify                         0x0800788d   Thumb Code    40  fpclassify.o(i.__ARM_fpclassify)
    _is_digit                                0x080078ed   Thumb Code    14  __printf_wp.o(i._is_digit)
    main                                     0x080078fd   Thumb Code   160  main.o(i.main)
    _get_lc_numeric                          0x080079b9   Thumb Code    44  lc_numeric_c.o(locale$$code)
    _get_lc_ctype                            0x080079e5   Thumb Code    44  lc_ctype_c.o(locale$$code)
    _printf_fp_dec                           0x08007a11   Thumb Code     4  printf1.o(x$fpl$printf1)
    _printf_fp_hex                           0x08007a15   Thumb Code     4  printf2.o(x$fpl$printf2)
    __I$use$fp                               0x08007a18   Number         0  usenofp.o(x$fpl$usenofp)
    AHBPrescTable                            0x08007a2a   Data          16  system_stm32f1xx.o(.constdata)
    APBPrescTable                            0x08007a3a   Data           8  system_stm32f1xx.o(.constdata)
    OLED_F8x16                               0x08007a42   Data        1520  oled_data.o(.constdata)
    OLED_F6x8                                0x08008032   Data         570  oled_data.o(.constdata)
    OLED_F12x24                              0x0800826c   Data         216  oled_data.o(.constdata)
    OLED_CF16x16                             0x08008344   Data          72  oled_data.o(.constdata)
    Region$$Table$$Base                      0x08008488   Number         0  anon$$obj.o(Region$$Table)
    Region$$Table$$Limit                     0x080084a8   Number         0  anon$$obj.o(Region$$Table)
    __ctype                                  0x080084d1   Data           0  lc_ctype_c.o(locale$$data)
    FS_Desc                                  0x20000000   Data          28  usbd_desc.o(.data)
    USBD_FS_DeviceDesc                       0x2000001c   Data          18  usbd_desc.o(.data)
    USBD_LangIDDesc                          0x20000030   Data           4  usbd_desc.o(.data)
    USBD_StringSerial                        0x20000034   Data          26  usbd_desc.o(.data)
    uwTick                                   0x20000050   Data           4  stm32f1xx_hal.o(.data)
    uwTickPrio                               0x20000054   Data           4  stm32f1xx_hal.o(.data)
    uwTickFreq                               0x20000058   Data           1  stm32f1xx_hal.o(.data)
    SystemCoreClock                          0x2000005c   Data           4  system_stm32f1xx.o(.data)
    USBD_HID                                 0x20000064   Data          56  usbd_hid.o(.data)
    T_ADDR                                   0x2000016a   Data           5  nrf24l01.o(.data)
    R_ADDR                                   0x2000016f   Data           5  nrf24l01.o(.data)
    hi2c1                                    0x20000174   Data          84  i2c.o(.bss)
    hspi2                                    0x200001c8   Data          88  spi.o(.bss)
    hUsbDeviceFS                             0x20000220   Data         708  usb_device.o(.bss)
    USBD_StrDesc                             0x200004e4   Data         512  usbd_desc.o(.bss)
    hpcd_USB_FS                              0x200006e4   Data         728  usbd_conf.o(.bss)
    OLED_DisplayBuf                          0x200009d0   Data        1024  oled.o(.bss)
    __libspace_start                         0x20000dd0   Data          96  libspace.o(.bss)
    __temporary_stack_top$libspace           0x20000e30   Data           0  libspace.o(.bss)



==============================================================================

Memory Map of the image

  Image Entry point : 0x080000ed

  Load Region LR_IROM1 (Base: 0x08000000, Size: 0x00008748, Max: 0x00010000, ABSOLUTE, COMPRESSED[0x000086ac])

    Execution Region ER_IROM1 (Exec base: 0x08000000, Load base: 0x08000000, Size: 0x000085d4, Max: 0x00010000, ABSOLUTE)

    Exec Addr    Load Addr    Size         Type   Attr      Idx    E Section Name        Object

    0x08000000   0x08000000   0x000000ec   Data   RO            3    RESET               startup_stm32f103xb.o
    0x080000ec   0x080000ec   0x00000008   Code   RO         3770  * !!!main             c_w.l(__main.o)
    0x080000f4   0x080000f4   0x00000034   Code   RO         4177    !!!scatter          c_w.l(__scatter.o)
    0x08000128   0x08000128   0x0000005a   Code   RO         4175    !!dczerorl2         c_w.l(__dczerorl2.o)
    0x08000182   0x08000182   0x00000002   PAD
    0x08000184   0x08000184   0x0000001c   Code   RO         4179    !!handler_zi        c_w.l(__scatter_zi.o)
    0x080001a0   0x080001a0   0x00000000   Code   RO         3892    .ARM.Collect$$_printf_percent$$00000000  c_w.l(_printf_percent.o)
    0x080001a0   0x080001a0   0x00000006   Code   RO         3881    .ARM.Collect$$_printf_percent$$00000001  c_w.l(_printf_n.o)
    0x080001a6   0x080001a6   0x00000006   Code   RO         3883    .ARM.Collect$$_printf_percent$$00000002  c_w.l(_printf_p.o)
    0x080001ac   0x080001ac   0x00000006   Code   RO         3888    .ARM.Collect$$_printf_percent$$00000003  c_w.l(_printf_f.o)
    0x080001b2   0x080001b2   0x00000006   Code   RO         3889    .ARM.Collect$$_printf_percent$$00000004  c_w.l(_printf_e.o)
    0x080001b8   0x080001b8   0x00000006   Code   RO         3890    .ARM.Collect$$_printf_percent$$00000005  c_w.l(_printf_g.o)
    0x080001be   0x080001be   0x00000006   Code   RO         3891    .ARM.Collect$$_printf_percent$$00000006  c_w.l(_printf_a.o)
    0x080001c4   0x080001c4   0x0000000a   Code   RO         3896    .ARM.Collect$$_printf_percent$$00000007  c_w.l(_printf_ll.o)
    0x080001ce   0x080001ce   0x00000006   Code   RO         3885    .ARM.Collect$$_printf_percent$$00000008  c_w.l(_printf_i.o)
    0x080001d4   0x080001d4   0x00000006   Code   RO         3886    .ARM.Collect$$_printf_percent$$00000009  c_w.l(_printf_d.o)
    0x080001da   0x080001da   0x00000006   Code   RO         3887    .ARM.Collect$$_printf_percent$$0000000A  c_w.l(_printf_u.o)
    0x080001e0   0x080001e0   0x00000006   Code   RO         3884    .ARM.Collect$$_printf_percent$$0000000B  c_w.l(_printf_o.o)
    0x080001e6   0x080001e6   0x00000006   Code   RO         3882    .ARM.Collect$$_printf_percent$$0000000C  c_w.l(_printf_x.o)
    0x080001ec   0x080001ec   0x00000006   Code   RO         3893    .ARM.Collect$$_printf_percent$$0000000D  c_w.l(_printf_lli.o)
    0x080001f2   0x080001f2   0x00000006   Code   RO         3894    .ARM.Collect$$_printf_percent$$0000000E  c_w.l(_printf_lld.o)
    0x080001f8   0x080001f8   0x00000006   Code   RO         3895    .ARM.Collect$$_printf_percent$$0000000F  c_w.l(_printf_llu.o)
    0x080001fe   0x080001fe   0x00000006   Code   RO         3900    .ARM.Collect$$_printf_percent$$00000010  c_w.l(_printf_llo.o)
    0x08000204   0x08000204   0x00000006   Code   RO         3901    .ARM.Collect$$_printf_percent$$00000011  c_w.l(_printf_llx.o)
    0x0800020a   0x0800020a   0x0000000a   Code   RO         3897    .ARM.Collect$$_printf_percent$$00000012  c_w.l(_printf_l.o)
    0x08000214   0x08000214   0x00000006   Code   RO         3879    .ARM.Collect$$_printf_percent$$00000013  c_w.l(_printf_c.o)
    0x0800021a   0x0800021a   0x00000006   Code   RO         3880    .ARM.Collect$$_printf_percent$$00000014  c_w.l(_printf_s.o)
    0x08000220   0x08000220   0x00000006   Code   RO         3898    .ARM.Collect$$_printf_percent$$00000015  c_w.l(_printf_lc.o)
    0x08000226   0x08000226   0x00000006   Code   RO         3899    .ARM.Collect$$_printf_percent$$00000016  c_w.l(_printf_ls.o)
    0x0800022c   0x0800022c   0x00000004   Code   RO         3977    .ARM.Collect$$_printf_percent$$00000017  c_w.l(_printf_percent_end.o)
    0x08000230   0x08000230   0x00000002   Code   RO         4037    .ARM.Collect$$libinit$$00000000  c_w.l(libinit.o)
    0x08000232   0x08000232   0x00000000   Code   RO         4048    .ARM.Collect$$libinit$$00000002  c_w.l(libinit2.o)
    0x08000232   0x08000232   0x00000000   Code   RO         4050    .ARM.Collect$$libinit$$00000004  c_w.l(libinit2.o)
    0x08000232   0x08000232   0x00000000   Code   RO         4053    .ARM.Collect$$libinit$$0000000A  c_w.l(libinit2.o)
    0x08000232   0x08000232   0x00000000   Code   RO         4055    .ARM.Collect$$libinit$$0000000C  c_w.l(libinit2.o)
    0x08000232   0x08000232   0x00000000   Code   RO         4057    .ARM.Collect$$libinit$$0000000E  c_w.l(libinit2.o)
    0x08000232   0x08000232   0x00000006   Code   RO         4058    .ARM.Collect$$libinit$$0000000F  c_w.l(libinit2.o)
    0x08000238   0x08000238   0x00000000   Code   RO         4060    .ARM.Collect$$libinit$$00000011  c_w.l(libinit2.o)
    0x08000238   0x08000238   0x0000000c   Code   RO         4061    .ARM.Collect$$libinit$$00000012  c_w.l(libinit2.o)
    0x08000244   0x08000244   0x00000000   Code   RO         4062    .ARM.Collect$$libinit$$00000013  c_w.l(libinit2.o)
    0x08000244   0x08000244   0x00000000   Code   RO         4064    .ARM.Collect$$libinit$$00000015  c_w.l(libinit2.o)
    0x08000244   0x08000244   0x0000000a   Code   RO         4065    .ARM.Collect$$libinit$$00000016  c_w.l(libinit2.o)
    0x0800024e   0x0800024e   0x00000000   Code   RO         4066    .ARM.Collect$$libinit$$00000017  c_w.l(libinit2.o)
    0x0800024e   0x0800024e   0x00000000   Code   RO         4068    .ARM.Collect$$libinit$$00000019  c_w.l(libinit2.o)
    0x0800024e   0x0800024e   0x00000000   Code   RO         4070    .ARM.Collect$$libinit$$0000001B  c_w.l(libinit2.o)
    0x0800024e   0x0800024e   0x00000000   Code   RO         4072    .ARM.Collect$$libinit$$0000001D  c_w.l(libinit2.o)
    0x0800024e   0x0800024e   0x00000000   Code   RO         4074    .ARM.Collect$$libinit$$0000001F  c_w.l(libinit2.o)
    0x0800024e   0x0800024e   0x00000000   Code   RO         4076    .ARM.Collect$$libinit$$00000021  c_w.l(libinit2.o)
    0x0800024e   0x0800024e   0x00000000   Code   RO         4078    .ARM.Collect$$libinit$$00000023  c_w.l(libinit2.o)
    0x0800024e   0x0800024e   0x00000000   Code   RO         4080    .ARM.Collect$$libinit$$00000025  c_w.l(libinit2.o)
    0x0800024e   0x0800024e   0x00000000   Code   RO         4084    .ARM.Collect$$libinit$$0000002C  c_w.l(libinit2.o)
    0x0800024e   0x0800024e   0x00000000   Code   RO         4086    .ARM.Collect$$libinit$$0000002E  c_w.l(libinit2.o)
    0x0800024e   0x0800024e   0x00000000   Code   RO         4088    .ARM.Collect$$libinit$$00000030  c_w.l(libinit2.o)
    0x0800024e   0x0800024e   0x00000000   Code   RO         4090    .ARM.Collect$$libinit$$00000032  c_w.l(libinit2.o)
    0x0800024e   0x0800024e   0x00000002   Code   RO         4091    .ARM.Collect$$libinit$$00000033  c_w.l(libinit2.o)
    0x08000250   0x08000250   0x00000002   Code   RO         4115    .ARM.Collect$$libshutdown$$00000000  c_w.l(libshutdown.o)
    0x08000252   0x08000252   0x00000000   Code   RO         4128    .ARM.Collect$$libshutdown$$00000002  c_w.l(libshutdown2.o)
    0x08000252   0x08000252   0x00000000   Code   RO         4130    .ARM.Collect$$libshutdown$$00000004  c_w.l(libshutdown2.o)
    0x08000252   0x08000252   0x00000000   Code   RO         4133    .ARM.Collect$$libshutdown$$00000007  c_w.l(libshutdown2.o)
    0x08000252   0x08000252   0x00000000   Code   RO         4136    .ARM.Collect$$libshutdown$$0000000A  c_w.l(libshutdown2.o)
    0x08000252   0x08000252   0x00000000   Code   RO         4138    .ARM.Collect$$libshutdown$$0000000C  c_w.l(libshutdown2.o)
    0x08000252   0x08000252   0x00000000   Code   RO         4141    .ARM.Collect$$libshutdown$$0000000F  c_w.l(libshutdown2.o)
    0x08000252   0x08000252   0x00000002   Code   RO         4142    .ARM.Collect$$libshutdown$$00000010  c_w.l(libshutdown2.o)
    0x08000254   0x08000254   0x00000000   Code   RO         3808    .ARM.Collect$$rtentry$$00000000  c_w.l(__rtentry.o)
    0x08000254   0x08000254   0x00000000   Code   RO         3943    .ARM.Collect$$rtentry$$00000002  c_w.l(__rtentry2.o)
    0x08000254   0x08000254   0x00000006   Code   RO         3955    .ARM.Collect$$rtentry$$00000004  c_w.l(__rtentry4.o)
    0x0800025a   0x0800025a   0x00000000   Code   RO         3945    .ARM.Collect$$rtentry$$00000009  c_w.l(__rtentry2.o)
    0x0800025a   0x0800025a   0x00000004   Code   RO         3946    .ARM.Collect$$rtentry$$0000000A  c_w.l(__rtentry2.o)
    0x0800025e   0x0800025e   0x00000000   Code   RO         3948    .ARM.Collect$$rtentry$$0000000C  c_w.l(__rtentry2.o)
    0x0800025e   0x0800025e   0x00000008   Code   RO         3949    .ARM.Collect$$rtentry$$0000000D  c_w.l(__rtentry2.o)
    0x08000266   0x08000266   0x00000002   Code   RO         4042    .ARM.Collect$$rtexit$$00000000  c_w.l(rtexit.o)
    0x08000268   0x08000268   0x00000000   Code   RO         4095    .ARM.Collect$$rtexit$$00000002  c_w.l(rtexit2.o)
    0x08000268   0x08000268   0x00000004   Code   RO         4096    .ARM.Collect$$rtexit$$00000003  c_w.l(rtexit2.o)
    0x0800026c   0x0800026c   0x00000006   Code   RO         4097    .ARM.Collect$$rtexit$$00000004  c_w.l(rtexit2.o)
    0x08000272   0x08000272   0x00000002   PAD
    0x08000274   0x08000274   0x00000040   Code   RO            4    .text               startup_stm32f103xb.o
    0x080002b4   0x080002b4   0x00000024   Code   RO         3762    .text               c_w.l(vsprintf.o)
    0x080002d8   0x080002d8   0x0000004e   Code   RO         3764    .text               c_w.l(rt_memclr_w.o)
    0x08000326   0x08000326   0x00000002   PAD
    0x08000328   0x08000328   0x00000080   Code   RO         3766    .text               c_w.l(strcmpv7m.o)
    0x080003a8   0x080003a8   0x00000006   Code   RO         3768    .text               c_w.l(heapauxi.o)
    0x080003ae   0x080003ae   0x0000004e   Code   RO         3813    .text               c_w.l(_printf_pad.o)
    0x080003fc   0x080003fc   0x00000024   Code   RO         3815    .text               c_w.l(_printf_truncate.o)
    0x08000420   0x08000420   0x00000052   Code   RO         3817    .text               c_w.l(_printf_str.o)
    0x08000472   0x08000472   0x00000002   PAD
    0x08000474   0x08000474   0x00000078   Code   RO         3819    .text               c_w.l(_printf_dec.o)
    0x080004ec   0x080004ec   0x00000028   Code   RO         3821    .text               c_w.l(_printf_charcount.o)
    0x08000514   0x08000514   0x00000030   Code   RO         3823    .text               c_w.l(_printf_char_common.o)
    0x08000544   0x08000544   0x0000000a   Code   RO         3825    .text               c_w.l(_sputc.o)
    0x0800054e   0x0800054e   0x00000002   PAD
    0x08000550   0x08000550   0x000000bc   Code   RO         3827    .text               c_w.l(_printf_wctomb.o)
    0x0800060c   0x0800060c   0x0000007c   Code   RO         3830    .text               c_w.l(_printf_longlong_dec.o)
    0x08000688   0x08000688   0x00000070   Code   RO         3836    .text               c_w.l(_printf_oct_int_ll.o)
    0x080006f8   0x080006f8   0x00000094   Code   RO         3856    .text               c_w.l(_printf_hex_int_ll_ptr.o)
    0x0800078c   0x0800078c   0x00000188   Code   RO         3876    .text               c_w.l(__printf_flags_ss_wp.o)
    0x08000914   0x08000914   0x0000008a   Code   RO         3962    .text               c_w.l(lludiv10.o)
    0x0800099e   0x0800099e   0x000000b2   Code   RO         3964    .text               c_w.l(_printf_intcommon.o)
    0x08000a50   0x08000a50   0x0000041e   Code   RO         3966    .text               c_w.l(_printf_fp_dec.o)
    0x08000e6e   0x08000e6e   0x00000002   PAD
    0x08000e70   0x08000e70   0x000002fc   Code   RO         3968    .text               c_w.l(_printf_fp_hex.o)
    0x0800116c   0x0800116c   0x0000002c   Code   RO         3973    .text               c_w.l(_printf_char.o)
    0x08001198   0x08001198   0x0000002c   Code   RO         3975    .text               c_w.l(_printf_wchar.o)
    0x080011c4   0x080011c4   0x00000040   Code   RO         3978    .text               c_w.l(_wcrtomb.o)
    0x08001204   0x08001204   0x00000008   Code   RO         3988    .text               c_w.l(libspace.o)
    0x0800120c   0x0800120c   0x0000004a   Code   RO         3991    .text               c_w.l(sys_stackheap_outer.o)
    0x08001256   0x08001256   0x00000002   PAD
    0x08001258   0x08001258   0x00000010   Code   RO         3993    .text               c_w.l(rt_ctype_table.o)
    0x08001268   0x08001268   0x00000008   Code   RO         3998    .text               c_w.l(rt_locale_intlibspace.o)
    0x08001270   0x08001270   0x00000080   Code   RO         4000    .text               c_w.l(_printf_fp_infnan.o)
    0x080012f0   0x080012f0   0x000000e4   Code   RO         4002    .text               c_w.l(bigflt0.o)
    0x080013d4   0x080013d4   0x00000012   Code   RO         4030    .text               c_w.l(exit.o)
    0x080013e6   0x080013e6   0x00000002   PAD
    0x080013e8   0x080013e8   0x0000000c   Code   RO         4107    .text               c_w.l(sys_exit.o)
    0x080013f4   0x080013f4   0x00000002   Code   RO         4118    .text               c_w.l(use_no_semi.o)
    0x080013f6   0x080013f6   0x00000000   Code   RO         4120    .text               c_w.l(indicate_semi.o)
    0x080013f6   0x080013f6   0x0000003e   Code   RO         4005    CL$$btod_d2e        c_w.l(btod.o)
    0x08001434   0x08001434   0x00000046   Code   RO         4007    CL$$btod_d2e_denorm_low  c_w.l(btod.o)
    0x0800147a   0x0800147a   0x00000060   Code   RO         4006    CL$$btod_d2e_norm_op1  c_w.l(btod.o)
    0x080014da   0x080014da   0x00000338   Code   RO         4015    CL$$btod_div_common  c_w.l(btod.o)
    0x08001812   0x08001812   0x000000dc   Code   RO         4012    CL$$btod_e2e        c_w.l(btod.o)
    0x080018ee   0x080018ee   0x0000002a   Code   RO         4009    CL$$btod_ediv       c_w.l(btod.o)
    0x08001918   0x08001918   0x0000002a   Code   RO         4008    CL$$btod_emul       c_w.l(btod.o)
    0x08001942   0x08001942   0x00000244   Code   RO         4014    CL$$btod_mult_common  c_w.l(btod.o)
    0x08001b86   0x08001b86   0x00000004   Code   RO          305    i.BusFault_Handler  stm32f1xx_it.o
    0x08001b8a   0x08001b8a   0x00000002   Code   RO          306    i.DebugMon_Handler  stm32f1xx_it.o
    0x08001b8c   0x08001b8c   0x00000006   Code   RO           13    i.Error_Handler     main.o
    0x08001b92   0x08001b92   0x00000002   PAD
    0x08001b94   0x08001b94   0x00000034   Code   RO          442    i.Get_SerialNum     usbd_desc.o
    0x08001bc8   0x08001bc8   0x00000028   Code   RO         1252    i.HAL_Delay         stm32f1xx_hal.o
    0x08001bf0   0x08001bf0   0x00000320   Code   RO         1567    i.HAL_GPIO_Init     stm32f1xx_hal_gpio.o
    0x08001f10   0x08001f10   0x00000010   Code   RO         1569    i.HAL_GPIO_ReadPin  stm32f1xx_hal_gpio.o
    0x08001f20   0x08001f20   0x0000000c   Code   RO         1571    i.HAL_GPIO_WritePin  stm32f1xx_hal_gpio.o
    0x08001f2c   0x08001f2c   0x0000000c   Code   RO         1256    i.HAL_GetTick       stm32f1xx_hal.o
    0x08001f38   0x08001f38   0x000001d0   Code   RO         2264    i.HAL_I2C_Init      stm32f1xx_hal_i2c.o
    0x08002108   0x08002108   0x00000164   Code   RO         2285    i.HAL_I2C_Mem_Write  stm32f1xx_hal_i2c.o
    0x0800226c   0x0800226c   0x00000074   Code   RO          222    i.HAL_I2C_MspInit   i2c.o
    0x080022e0   0x080022e0   0x00000018   Code   RO         1262    i.HAL_IncTick       stm32f1xx_hal.o
    0x080022f8   0x080022f8   0x00000028   Code   RO         1263    i.HAL_Init          stm32f1xx_hal.o
    0x08002320   0x08002320   0x0000004c   Code   RO         1264    i.HAL_InitTick      stm32f1xx_hal.o
    0x0800236c   0x0800236c   0x00000054   Code   RO          387    i.HAL_MspInit       stm32f1xx_hal_msp.o
    0x080023c0   0x080023c0   0x00000020   Code   RO         1727    i.HAL_NVIC_EnableIRQ  stm32f1xx_hal_cortex.o
    0x080023e0   0x080023e0   0x0000007c   Code   RO         1733    i.HAL_NVIC_SetPriority  stm32f1xx_hal_cortex.o
    0x0800245c   0x0800245c   0x00000028   Code   RO         1734    i.HAL_NVIC_SetPriorityGrouping  stm32f1xx_hal_cortex.o
    0x08002484   0x08002484   0x00000044   Code   RO         1019    i.HAL_PCDEx_PMAConfig  stm32f1xx_hal_pcd_ex.o
    0x080024c8   0x080024c8   0x00000002   Code   RO          532    i.HAL_PCDEx_SetConnectionState  usbd_conf.o
    0x080024ca   0x080024ca   0x00000020   Code   RO          534    i.HAL_PCD_DataInStageCallback  usbd_conf.o
    0x080024ea   0x080024ea   0x00000020   Code   RO          535    i.HAL_PCD_DataOutStageCallback  usbd_conf.o
    0x0800250a   0x0800250a   0x0000006a   Code   RO          790    i.HAL_PCD_EP_Close  stm32f1xx_hal_pcd.o
    0x08002574   0x08002574   0x0000007c   Code   RO          791    i.HAL_PCD_EP_ClrStall  stm32f1xx_hal_pcd.o
    0x080025f0   0x080025f0   0x00000158   Code   RO          792    i.HAL_PCD_EP_DB_Receive  stm32f1xx_hal_pcd.o
    0x08002748   0x08002748   0x0000053e   Code   RO          793    i.HAL_PCD_EP_DB_Transmit  stm32f1xx_hal_pcd.o
    0x08002c86   0x08002c86   0x00000084   Code   RO          796    i.HAL_PCD_EP_Open   stm32f1xx_hal_pcd.o
    0x08002d0a   0x08002d0a   0x0000003c   Code   RO          797    i.HAL_PCD_EP_Receive  stm32f1xx_hal_pcd.o
    0x08002d46   0x08002d46   0x00000088   Code   RO          798    i.HAL_PCD_EP_SetStall  stm32f1xx_hal_pcd.o
    0x08002dce   0x08002dce   0x00000046   Code   RO          799    i.HAL_PCD_EP_Transmit  stm32f1xx_hal_pcd.o
    0x08002e14   0x08002e14   0x000001cc   Code   RO          801    i.HAL_PCD_IRQHandler  stm32f1xx_hal_pcd.o
    0x08002fe0   0x08002fe0   0x0000013c   Code   RO          804    i.HAL_PCD_Init      stm32f1xx_hal_pcd.o
    0x0800311c   0x0800311c   0x00000044   Code   RO          540    i.HAL_PCD_MspInit   usbd_conf.o
    0x08003160   0x08003160   0x00000024   Code   RO          541    i.HAL_PCD_ResetCallback  usbd_conf.o
    0x08003184   0x08003184   0x0000000e   Code   RO          542    i.HAL_PCD_ResumeCallback  usbd_conf.o
    0x08003192   0x08003192   0x0000000e   Code   RO          543    i.HAL_PCD_SOFCallback  usbd_conf.o
    0x080031a0   0x080031a0   0x00000034   Code   RO          810    i.HAL_PCD_SetAddress  stm32f1xx_hal_pcd.o
    0x080031d4   0x080031d4   0x00000012   Code   RO          544    i.HAL_PCD_SetupStageCallback  usbd_conf.o
    0x080031e6   0x080031e6   0x0000003c   Code   RO          812    i.HAL_PCD_Start     stm32f1xx_hal_pcd.o
    0x08003222   0x08003222   0x00000002   PAD
    0x08003224   0x08003224   0x00000024   Code   RO          545    i.HAL_PCD_SuspendCallback  usbd_conf.o
    0x08003248   0x08003248   0x00000130   Code   RO         1529    i.HAL_RCCEx_PeriphCLKConfig  stm32f1xx_hal_rcc_ex.o
    0x08003378   0x08003378   0x0000018c   Code   RO         1420    i.HAL_RCC_ClockConfig  stm32f1xx_hal_rcc.o
    0x08003504   0x08003504   0x0000000c   Code   RO         1425    i.HAL_RCC_GetHCLKFreq  stm32f1xx_hal_rcc.o
    0x08003510   0x08003510   0x00000020   Code   RO         1427    i.HAL_RCC_GetPCLK1Freq  stm32f1xx_hal_rcc.o
    0x08003530   0x08003530   0x00000070   Code   RO         1429    i.HAL_RCC_GetSysClockFreq  stm32f1xx_hal_rcc.o
    0x080035a0   0x080035a0   0x00000464   Code   RO         1432    i.HAL_RCC_OscConfig  stm32f1xx_hal_rcc.o
    0x08003a04   0x08003a04   0x000000be   Code   RO         2741    i.HAL_SPI_Init      stm32f1xx_hal_spi.o
    0x08003ac2   0x08003ac2   0x00000002   PAD
    0x08003ac4   0x08003ac4   0x0000008c   Code   RO          264    i.HAL_SPI_MspInit   spi.o
    0x08003b50   0x08003b50   0x00000182   Code   RO         2744    i.HAL_SPI_Receive   stm32f1xx_hal_spi.o
    0x08003cd2   0x08003cd2   0x000001be   Code   RO         2749    i.HAL_SPI_Transmit  stm32f1xx_hal_spi.o
    0x08003e90   0x08003e90   0x00000248   Code   RO         2750    i.HAL_SPI_TransmitReceive  stm32f1xx_hal_spi.o
    0x080040d8   0x080040d8   0x00000034   Code   RO         1738    i.HAL_SYSTICK_Config  stm32f1xx_hal_cortex.o
    0x0800410c   0x0800410c   0x00000004   Code   RO          307    i.HardFault_Handler  stm32f1xx_it.o
    0x08004110   0x08004110   0x0000003e   Code   RO         2308    i.I2C_IsAcknowledgeFailed  stm32f1xx_hal_i2c.o
    0x0800414e   0x0800414e   0x00000002   PAD
    0x08004150   0x08004150   0x000000e0   Code   RO         2320    i.I2C_RequestMemoryWrite  stm32f1xx_hal_i2c.o
    0x08004230   0x08004230   0x00000066   Code   RO         2328    i.I2C_WaitOnBTFFlagUntilTimeout  stm32f1xx_hal_i2c.o
    0x08004296   0x08004296   0x000000be   Code   RO         2329    i.I2C_WaitOnFlagUntilTimeout  stm32f1xx_hal_i2c.o
    0x08004354   0x08004354   0x000000fa   Code   RO         2330    i.I2C_WaitOnMasterAddressFlagUntilTimeout  stm32f1xx_hal_i2c.o
    0x0800444e   0x0800444e   0x00000066   Code   RO         2334    i.I2C_WaitOnTXEFlagUntilTimeout  stm32f1xx_hal_i2c.o
    0x080044b4   0x080044b4   0x0000003e   Code   RO          443    i.IntToUnicode      usbd_desc.o
    0x080044f2   0x080044f2   0x00000002   PAD
    0x080044f4   0x080044f4   0x000000a8   Code   RO          197    i.MX_GPIO_Init      gpio.o
    0x0800459c   0x0800459c   0x0000003c   Code   RO          223    i.MX_I2C1_Init      i2c.o
    0x080045d8   0x080045d8   0x00000044   Code   RO          265    i.MX_SPI2_Init      spi.o
    0x0800461c   0x0800461c   0x0000003c   Code   RO          411    i.MX_USB_DEVICE_Init  usb_device.o
    0x08004658   0x08004658   0x00000004   Code   RO          308    i.MemManage_Handler  stm32f1xx_it.o
    0x0800465c   0x0800465c   0x00000004   Code   RO          309    i.NMI_Handler       stm32f1xx_it.o
    0x08004660   0x08004660   0x00000074   Code   RO         3459    i.NRF24L01_Init     nrf24l01.o
    0x080046d4   0x080046d4   0x00000028   Code   RO         3554    i.OLED_Clear        oled.o
    0x080046fc   0x080046fc   0x000000a8   Code   RO         3555    i.OLED_ClearArea    oled.o
    0x080047a4   0x080047a4   0x00000094   Code   RO         3559    i.OLED_Init         oled.o
    0x08004838   0x08004838   0x00000032   Code   RO         3562    i.OLED_Printf       oled.o
    0x0800486a   0x0800486a   0x00000022   Code   RO         3565    i.OLED_SetCursor    oled.o
    0x0800488c   0x0800488c   0x00000054   Code   RO         3567    i.OLED_ShowChar     oled.o
    0x080048e0   0x080048e0   0x0000012c   Code   RO         3571    i.OLED_ShowImage    oled.o
    0x08004a0c   0x08004a0c   0x0000002e   Code   RO         3574    i.OLED_ShowString   oled.o
    0x08004a3a   0x08004a3a   0x00000002   PAD
    0x08004a3c   0x08004a3c   0x00000028   Code   RO         3575    i.OLED_Update       oled.o
    0x08004a64   0x08004a64   0x00000024   Code   RO         3577    i.OLED_WriteCommand  oled.o
    0x08004a88   0x08004a88   0x00000024   Code   RO         3578    i.OLED_WriteData    oled.o
    0x08004aac   0x08004aac   0x000004ec   Code   RO          816    i.PCD_EP_ISR_Handler  stm32f1xx_hal_pcd.o
    0x08004f98   0x08004f98   0x00000002   Code   RO          310    i.PendSV_Handler    stm32f1xx_it.o
    0x08004f9a   0x08004f9a   0x00000002   PAD
    0x08004f9c   0x08004f9c   0x00000028   Code   RO         1433    i.RCC_Delay         stm32f1xx_hal_rcc.o
    0x08004fc4   0x08004fc4   0x00000030   Code   RO         3460    i.R_Buf             nrf24l01.o
    0x08004ff4   0x08004ff4   0x00000014   Code   RO         3461    i.R_IRQ             nrf24l01.o
    0x08005008   0x08005008   0x00000022   Code   RO         3462    i.R_Reg             nrf24l01.o
    0x0800502a   0x0800502a   0x0000003a   Code   RO         3463    i.Receive           nrf24l01.o
    0x08005064   0x08005064   0x00000078   Code   RO         2778    i.SPI_EndRxTransaction  stm32f1xx_hal_spi.o
    0x080050dc   0x080050dc   0x00000044   Code   RO         2779    i.SPI_EndRxTxTransaction  stm32f1xx_hal_spi.o
    0x08005120   0x08005120   0x00000024   Code   RO         3464    i.SPI_SwapByte      nrf24l01.o
    0x08005144   0x08005144   0x000000d8   Code   RO         2784    i.SPI_WaitFlagStateUntilTimeout  stm32f1xx_hal_spi.o
    0x0800521c   0x0800521c   0x00000002   Code   RO          311    i.SVC_Handler       stm32f1xx_it.o
    0x0800521e   0x0800521e   0x00000008   Code   RO          312    i.SysTick_Handler   stm32f1xx_it.o
    0x08005226   0x08005226   0x00000084   Code   RO           14    i.SystemClock_Config  main.o
    0x080052aa   0x080052aa   0x00000002   Code   RO         3053    i.SystemInit        system_stm32f1xx.o
    0x080052ac   0x080052ac   0x00000016   Code   RO         3089    i.USBD_ClrClassConfig  usbd_core.o
    0x080052c2   0x080052c2   0x0000003e   Code   RO         3227    i.USBD_ClrFeature   usbd_ctlreq.o
    0x08005300   0x08005300   0x00000018   Code   RO         3322    i.USBD_CtlContinueRx  usbd_ioreq.o
    0x08005318   0x08005318   0x00000018   Code   RO         3323    i.USBD_CtlContinueSendData  usbd_ioreq.o
    0x08005330   0x08005330   0x00000018   Code   RO         3228    i.USBD_CtlError     usbd_ctlreq.o
    0x08005348   0x08005348   0x0000001a   Code   RO         3325    i.USBD_CtlReceiveStatus  usbd_ioreq.o
    0x08005362   0x08005362   0x00000022   Code   RO         3326    i.USBD_CtlSendData  usbd_ioreq.o
    0x08005384   0x08005384   0x0000001a   Code   RO         3327    i.USBD_CtlSendStatus  usbd_ioreq.o
    0x0800539e   0x0800539e   0x00000002   PAD
    0x080053a0   0x080053a0   0x00000034   Code   RO          444    i.USBD_FS_ConfigStrDescriptor  usbd_desc.o
    0x080053d4   0x080053d4   0x00000010   Code   RO          445    i.USBD_FS_DeviceDescriptor  usbd_desc.o
    0x080053e4   0x080053e4   0x00000038   Code   RO          446    i.USBD_FS_InterfaceStrDescriptor  usbd_desc.o
    0x0800541c   0x0800541c   0x00000010   Code   RO          447    i.USBD_FS_LangIDStrDescriptor  usbd_desc.o
    0x0800542c   0x0800542c   0x0000002c   Code   RO          448    i.USBD_FS_ManufacturerStrDescriptor  usbd_desc.o
    0x08005458   0x08005458   0x00000040   Code   RO          449    i.USBD_FS_ProductStrDescriptor  usbd_desc.o
    0x08005498   0x08005498   0x00000018   Code   RO          450    i.USBD_FS_SerialStrDescriptor  usbd_desc.o
    0x080054b0   0x080054b0   0x00000056   Code   RO         3229    i.USBD_GetConfig    usbd_ctlreq.o
    0x08005506   0x08005506   0x000001f4   Code   RO         3230    i.USBD_GetDescriptor  usbd_ctlreq.o
    0x080056fa   0x080056fa   0x00000014   Code   RO         3231    i.USBD_GetLen       usbd_ctlreq.o
    0x0800570e   0x0800570e   0x0000005a   Code   RO         3232    i.USBD_GetStatus    usbd_ctlreq.o
    0x08005768   0x08005768   0x00000052   Code   RO         3233    i.USBD_GetString    usbd_ctlreq.o
    0x080057ba   0x080057ba   0x0000002c   Code   RO          546    i.USBD_Get_USB_Status  usbd_conf.o
    0x080057e6   0x080057e6   0x0000000c   Code   RO         3382    i.USBD_HID_DataIn   usbd_hid.o
    0x080057f2   0x080057f2   0x0000002a   Code   RO         3383    i.USBD_HID_DeInit   usbd_hid.o
    0x0800581c   0x0800581c   0x00000010   Code   RO         3384    i.USBD_HID_GetDeviceQualifierDesc  usbd_hid.o
    0x0800582c   0x0800582c   0x00000010   Code   RO         3385    i.USBD_HID_GetFSCfgDesc  usbd_hid.o
    0x0800583c   0x0800583c   0x00000010   Code   RO         3386    i.USBD_HID_GetHSCfgDesc  usbd_hid.o
    0x0800584c   0x0800584c   0x00000010   Code   RO         3387    i.USBD_HID_GetOtherSpeedCfgDesc  usbd_hid.o
    0x0800585c   0x0800585c   0x00000036   Code   RO         3389    i.USBD_HID_Init     usbd_hid.o
    0x08005892   0x08005892   0x00000030   Code   RO         3390    i.USBD_HID_SendReport  usbd_hid.o
    0x080058c2   0x080058c2   0x00000002   PAD
    0x080058c4   0x080058c4   0x00000168   Code   RO         3391    i.USBD_HID_Setup    usbd_hid.o
    0x08005a2c   0x08005a2c   0x00000032   Code   RO         3091    i.USBD_Init         usbd_core.o
    0x08005a5e   0x08005a5e   0x00000026   Code   RO          547    i.USBD_LL_ClearStallEP  usbd_conf.o
    0x08005a84   0x08005a84   0x00000026   Code   RO          548    i.USBD_LL_CloseEP   usbd_conf.o
    0x08005aaa   0x08005aaa   0x00000100   Code   RO         3092    i.USBD_LL_DataInStage  usbd_core.o
    0x08005baa   0x08005baa   0x000000a6   Code   RO         3093    i.USBD_LL_DataOutStage  usbd_core.o
    0x08005c50   0x08005c50   0x00000068   Code   RO          553    i.USBD_LL_Init      usbd_conf.o
    0x08005cb8   0x08005cb8   0x00000038   Code   RO          554    i.USBD_LL_IsStallEP  usbd_conf.o
    0x08005cf0   0x08005cf0   0x00000030   Code   RO          555    i.USBD_LL_OpenEP    usbd_conf.o
    0x08005d20   0x08005d20   0x00000030   Code   RO          556    i.USBD_LL_PrepareReceive  usbd_conf.o
    0x08005d50   0x08005d50   0x0000005c   Code   RO         3098    i.USBD_LL_Reset     usbd_core.o
    0x08005dac   0x08005dac   0x00000016   Code   RO         3099    i.USBD_LL_Resume    usbd_core.o
    0x08005dc2   0x08005dc2   0x00000022   Code   RO         3100    i.USBD_LL_SOF       usbd_core.o
    0x08005de4   0x08005de4   0x00000008   Code   RO         3101    i.USBD_LL_SetSpeed  usbd_core.o
    0x08005dec   0x08005dec   0x00000026   Code   RO          557    i.USBD_LL_SetUSBAddress  usbd_conf.o
    0x08005e12   0x08005e12   0x0000006e   Code   RO         3102    i.USBD_LL_SetupStage  usbd_core.o
    0x08005e80   0x08005e80   0x00000026   Code   RO          558    i.USBD_LL_StallEP   usbd_conf.o
    0x08005ea6   0x08005ea6   0x0000001e   Code   RO          559    i.USBD_LL_Start     usbd_conf.o
    0x08005ec4   0x08005ec4   0x00000014   Code   RO         3103    i.USBD_LL_Suspend   usbd_core.o
    0x08005ed8   0x08005ed8   0x00000030   Code   RO          561    i.USBD_LL_Transmit  usbd_conf.o
    0x08005f08   0x08005f08   0x00000028   Code   RO         3234    i.USBD_ParseSetupRequest  usbd_ctlreq.o
    0x08005f30   0x08005f30   0x00000010   Code   RO         3104    i.USBD_RegisterClass  usbd_core.o
    0x08005f40   0x08005f40   0x00000006   Code   RO         3105    i.USBD_RunTestMode  usbd_core.o
    0x08005f46   0x08005f46   0x0000005a   Code   RO         3235    i.USBD_SetAddress   usbd_ctlreq.o
    0x08005fa0   0x08005fa0   0x00000022   Code   RO         3106    i.USBD_SetClassConfig  usbd_core.o
    0x08005fc2   0x08005fc2   0x00000002   PAD
    0x08005fc4   0x08005fc4   0x000000e8   Code   RO         3236    i.USBD_SetConfig    usbd_ctlreq.o
    0x080060ac   0x080060ac   0x00000018   Code   RO         3237    i.USBD_SetFeature   usbd_ctlreq.o
    0x080060c4   0x080060c4   0x0000000e   Code   RO         3107    i.USBD_Start        usbd_core.o
    0x080060d2   0x080060d2   0x000000a2   Code   RO         3238    i.USBD_StdDevReq    usbd_ctlreq.o
    0x08006174   0x08006174   0x00000238   Code   RO         3239    i.USBD_StdEPReq     usbd_ctlreq.o
    0x080063ac   0x080063ac   0x0000007e   Code   RO         3240    i.USBD_StdItfReq    usbd_ctlreq.o
    0x0800642a   0x0800642a   0x00000002   Code   RO          562    i.USBD_static_free  usbd_conf.o
    0x0800642c   0x0800642c   0x0000000c   Code   RO          563    i.USBD_static_malloc  usbd_conf.o
    0x08006438   0x08006438   0x000004b0   Code   RO         1059    i.USB_ActivateEndpoint  stm32f1xx_ll_usb.o
    0x080068e8   0x080068e8   0x00000008   Code   RO         1062    i.USB_CoreInit      stm32f1xx_ll_usb.o
    0x080068f0   0x080068f0   0x0000027c   Code   RO         1064    i.USB_DeactivateEndpoint  stm32f1xx_ll_usb.o
    0x08006b6c   0x08006b6c   0x00000006   Code   RO         1065    i.USB_DevConnect    stm32f1xx_ll_usb.o
    0x08006b72   0x08006b72   0x00000006   Code   RO         1066    i.USB_DevDisconnect  stm32f1xx_ll_usb.o
    0x08006b78   0x08006b78   0x00000016   Code   RO         1067    i.USB_DevInit       stm32f1xx_ll_usb.o
    0x08006b8e   0x08006b8e   0x00000014   Code   RO         1068    i.USB_DisableGlobalInt  stm32f1xx_ll_usb.o
    0x08006ba2   0x08006ba2   0x00000006   Code   RO         1069    i.USB_EP0_OutStart  stm32f1xx_ll_usb.o
    0x08006ba8   0x08006ba8   0x000000da   Code   RO         1070    i.USB_EPClearStall  stm32f1xx_ll_usb.o
    0x08006c82   0x08006c82   0x0000005c   Code   RO         1071    i.USB_EPSetStall    stm32f1xx_ll_usb.o
    0x08006cde   0x08006cde   0x00000a50   Code   RO         1072    i.USB_EPStartXfer   stm32f1xx_ll_usb.o
    0x0800772e   0x0800772e   0x00000012   Code   RO         1074    i.USB_EnableGlobalInt  stm32f1xx_ll_usb.o
    0x08007740   0x08007740   0x00000010   Code   RO          313    i.USB_LP_CAN1_RX0_IRQHandler  stm32f1xx_it.o
    0x08007750   0x08007750   0x00000008   Code   RO         1081    i.USB_ReadInterrupts  stm32f1xx_ll_usb.o
    0x08007758   0x08007758   0x0000004a   Code   RO         1082    i.USB_ReadPMA       stm32f1xx_ll_usb.o
    0x080077a2   0x080077a2   0x00000006   Code   RO         1083    i.USB_SetCurrentMode  stm32f1xx_ll_usb.o
    0x080077a8   0x080077a8   0x0000000e   Code   RO         1084    i.USB_SetDevAddress  stm32f1xx_ll_usb.o
    0x080077b6   0x080077b6   0x00000040   Code   RO         1086    i.USB_WritePMA      stm32f1xx_ll_usb.o
    0x080077f6   0x080077f6   0x00000004   Code   RO          314    i.UsageFault_Handler  stm32f1xx_it.o
    0x080077fa   0x080077fa   0x00000002   PAD
    0x080077fc   0x080077fc   0x00000030   Code   RO         3466    i.W_Buf             nrf24l01.o
    0x0800782c   0x0800782c   0x00000020   Code   RO         3467    i.W_CE              nrf24l01.o
    0x0800784c   0x0800784c   0x00000020   Code   RO         3468    i.W_CSN             nrf24l01.o
    0x0800786c   0x0800786c   0x00000020   Code   RO         3469    i.W_Reg             nrf24l01.o
    0x0800788c   0x0800788c   0x00000028   Code   RO         3984    i.__ARM_fpclassify  m_ws.l(fpclassify.o)
    0x080078b4   0x080078b4   0x00000010   Code   RO         1740    i.__NVIC_GetPriorityGrouping  stm32f1xx_hal_cortex.o
    0x080078c4   0x080078c4   0x00000028   Code   RO         1741    i.__NVIC_SetPriority  stm32f1xx_hal_cortex.o
    0x080078ec   0x080078ec   0x0000000e   Code   RO         3869    i._is_digit         c_w.l(__printf_wp.o)
    0x080078fa   0x080078fa   0x00000002   PAD
    0x080078fc   0x080078fc   0x000000bc   Code   RO           15    i.main              main.o
    0x080079b8   0x080079b8   0x0000002c   Code   RO         4028    locale$$code        c_w.l(lc_numeric_c.o)
    0x080079e4   0x080079e4   0x0000002c   Code   RO         4045    locale$$code        c_w.l(lc_ctype_c.o)
    0x08007a10   0x08007a10   0x00000004   Code   RO         3908    x$fpl$printf1       fz_ws.l(printf1.o)
    0x08007a14   0x08007a14   0x00000004   Code   RO         3910    x$fpl$printf2       fz_ws.l(printf2.o)
    0x08007a18   0x08007a18   0x00000000   Code   RO         3916    x$fpl$usenofp       fz_ws.l(usenofp.o)
    0x08007a18   0x08007a18   0x00000012   Data   RO         1434    .constdata          stm32f1xx_hal_rcc.o
    0x08007a2a   0x08007a2a   0x00000018   Data   RO         3054    .constdata          system_stm32f1xx.o
    0x08007a42   0x08007a42   0x0000094a   Data   RO         3746    .constdata          oled_data.o
    0x0800838c   0x0800838c   0x00000008   Data   RO         3828    .constdata          c_w.l(_printf_wctomb.o)
    0x08008394   0x08008394   0x00000028   Data   RO         3857    .constdata          c_w.l(_printf_hex_int_ll_ptr.o)
    0x080083bc   0x080083bc   0x00000011   Data   RO         3877    .constdata          c_w.l(__printf_flags_ss_wp.o)
    0x080083cd   0x080083cd   0x00000026   Data   RO         3969    .constdata          c_w.l(_printf_fp_hex.o)
    0x080083f3   0x080083f3   0x00000001   PAD
    0x080083f4   0x080083f4   0x00000094   Data   RO         4003    .constdata          c_w.l(bigflt0.o)
    0x08008488   0x08008488   0x00000020   Data   RO         4173    Region$$Table       anon$$obj.o
    0x080084a8   0x080084a8   0x0000001c   Data   RO         4027    locale$$data        c_w.l(lc_numeric_c.o)
    0x080084c4   0x080084c4   0x00000110   Data   RO         4044    locale$$data        c_w.l(lc_ctype_c.o)


    Execution Region RW_IRAM1 (Exec base: 0x20000000, Load base: 0x080085d4, Size: 0x00001430, Max: 0x00005000, ABSOLUTE, COMPRESSED[0x000000d8])

    Exec Addr    Load Addr    Size         Type   Attr      Idx    E Section Name        Object

    0x20000000   COMPRESSED   0x0000004e   Data   RW          452    .data               usbd_desc.o
    0x2000004e   COMPRESSED   0x00000002   PAD
    0x20000050   COMPRESSED   0x00000009   Data   RW         1270    .data               stm32f1xx_hal.o
    0x20000059   COMPRESSED   0x00000003   PAD
    0x2000005c   COMPRESSED   0x00000004   Data   RW         3055    .data               system_stm32f1xx.o
    0x20000060   COMPRESSED   0x00000001   Data   RW         3241    .data               usbd_ctlreq.o
    0x20000061   COMPRESSED   0x00000003   PAD
    0x20000064   COMPRESSED   0x00000106   Data   RW         3392    .data               usbd_hid.o
    0x2000016a   COMPRESSED   0x0000000a   Data   RW         3470    .data               nrf24l01.o
    0x20000174        -       0x00000054   Zero   RW          224    .bss                i2c.o
    0x200001c8        -       0x00000058   Zero   RW          266    .bss                spi.o
    0x20000220        -       0x000002c4   Zero   RW          412    .bss                usb_device.o
    0x200004e4        -       0x00000200   Zero   RW          451    .bss                usbd_desc.o
    0x200006e4        -       0x000002ec   Zero   RW          564    .bss                usbd_conf.o
    0x200009d0        -       0x00000400   Zero   RW         3580    .bss                oled.o
    0x20000dd0        -       0x00000060   Zero   RW         3989    .bss                c_w.l(libspace.o)
    0x20000e30        -       0x00000200   Zero   RW            2    HEAP                startup_stm32f103xb.o
    0x20001030        -       0x00000400   Zero   RW            1    STACK               startup_stm32f103xb.o


==============================================================================

Image component sizes


      Code (inc. data)   RO Data    RW Data    ZI Data      Debug   Object Name

       168         10          0          0          0        947   gpio.o
       176         24          0          0         84       1665   i2c.o
       326         28          0          0          0     419560   main.o
       456         42          0         10          0       6144   nrf24l01.o
       982         36          0          0       1024       8201   oled.o
         0          0       2378          0          0       1180   oled_data.o
       208         22          0          0         88       1693   spi.o
        64         26        236          0       1536        820   startup_stm32f103xb.o
       192         36          0          9          0       6001   stm32f1xx_hal.o
       304         22          0          0          0      29519   stm32f1xx_hal_cortex.o
       828         34          0          0          0       3371   stm32f1xx_hal_gpio.o
      1750         30          0          0          0       8311   stm32f1xx_hal_i2c.o
        84          8          0          0          0        922   stm32f1xx_hal_msp.o
      4462          0          0          0          0      14641   stm32f1xx_hal_pcd.o
        68          0          0          0          0       1206   stm32f1xx_hal_pcd_ex.o
      1716         88         18          0          0       5517   stm32f1xx_hal_rcc.o
       304         14          0          0          0       1428   stm32f1xx_hal_rcc_ex.o
      2010          6          0          0          0       7594   stm32f1xx_hal_spi.o
        50          6          0          0          0       4555   stm32f1xx_it.o
      5038          0          0          0          0      19231   stm32f1xx_ll_usb.o
         2          0         24          4          0       1163   system_stm32f1xx.o
        60         14          0          0        708        776   usb_device.o
       796         30          0          0        748      14561   usbd_conf.o
       850          0          0          0          0      10139   usbd_core.o
      2106         28          0          1          0      10888   usbd_ctlreq.o
       386        122          0         78        512       6757   usbd_desc.o
       580         32          0        262          0       8097   usbd_hid.o
       134          0          0          0          0       3896   usbd_ioreq.o

    ----------------------------------------------------------------------
     24122        658       2688        372       4700     598783   Object Totals
         0          0         32          0          0          0   (incl. Generated)
        22          0          0          8          0          0   (incl. Padding)

    ----------------------------------------------------------------------

      Code (inc. data)   RO Data    RW Data    ZI Data      Debug   Library Member Name

        90          0          0          0          0          0   __dczerorl2.o
         8          0          0          0          0         68   __main.o
       392          4         17          0          0         92   __printf_flags_ss_wp.o
        14          0          0          0          0         68   __printf_wp.o
         0          0          0          0          0          0   __rtentry.o
        12          0          0          0          0          0   __rtentry2.o
         6          0          0          0          0          0   __rtentry4.o
        52          8          0          0          0          0   __scatter.o
        28          0          0          0          0          0   __scatter_zi.o
         6          0          0          0          0          0   _printf_a.o
         6          0          0          0          0          0   _printf_c.o
        44          0          0          0          0        108   _printf_char.o
        48          6          0          0          0         96   _printf_char_common.o
        40          0          0          0          0         68   _printf_charcount.o
         6          0          0          0          0          0   _printf_d.o
       120         16          0          0          0         92   _printf_dec.o
         6          0          0          0          0          0   _printf_e.o
         6          0          0          0          0          0   _printf_f.o
      1054          0          0          0          0        216   _printf_fp_dec.o
       764          8         38          0          0        100   _printf_fp_hex.o
       128         16          0          0          0         84   _printf_fp_infnan.o
         6          0          0          0          0          0   _printf_g.o
       148          4         40          0          0        160   _printf_hex_int_ll_ptr.o
         6          0          0          0          0          0   _printf_i.o
       178          0          0          0          0         88   _printf_intcommon.o
        10          0          0          0          0          0   _printf_l.o
         6          0          0          0          0          0   _printf_lc.o
        10          0          0          0          0          0   _printf_ll.o
         6          0          0          0          0          0   _printf_lld.o
         6          0          0          0          0          0   _printf_lli.o
         6          0          0          0          0          0   _printf_llo.o
         6          0          0          0          0          0   _printf_llu.o
         6          0          0          0          0          0   _printf_llx.o
       124         16          0          0          0         92   _printf_longlong_dec.o
         6          0          0          0          0          0   _printf_ls.o
         6          0          0          0          0          0   _printf_n.o
         6          0          0          0          0          0   _printf_o.o
       112         10          0          0          0        124   _printf_oct_int_ll.o
         6          0          0          0          0          0   _printf_p.o
        78          0          0          0          0        108   _printf_pad.o
         0          0          0          0          0          0   _printf_percent.o
         4          0          0          0          0          0   _printf_percent_end.o
         6          0          0          0          0          0   _printf_s.o
        82          0          0          0          0         80   _printf_str.o
        36          0          0          0          0         84   _printf_truncate.o
         6          0          0          0          0          0   _printf_u.o
        44          0          0          0          0        108   _printf_wchar.o
       188          6          8          0          0         92   _printf_wctomb.o
         6          0          0          0          0          0   _printf_x.o
        10          0          0          0          0         68   _sputc.o
        64          0          0          0          0         92   _wcrtomb.o
       228          4        148          0          0         96   bigflt0.o
      1936        128          0          0          0        672   btod.o
        18          0          0          0          0         80   exit.o
         6          0          0          0          0        152   heapauxi.o
         0          0          0          0          0          0   indicate_semi.o
        44         10        272          0          0         76   lc_ctype_c.o
        44         10         28          0          0         76   lc_numeric_c.o
         2          0          0          0          0          0   libinit.o
        30          0          0          0          0          0   libinit2.o
         2          0          0          0          0          0   libshutdown.o
         2          0          0          0          0          0   libshutdown2.o
         8          4          0          0         96         68   libspace.o
       138          0          0          0          0         80   lludiv10.o
        16          4          0          0          0         76   rt_ctype_table.o
         8          4          0          0          0         68   rt_locale_intlibspace.o
        78          0          0          0          0         80   rt_memclr_w.o
         2          0          0          0          0          0   rtexit.o
        10          0          0          0          0          0   rtexit2.o
       128          0          0          0          0         68   strcmpv7m.o
        12          4          0          0          0         68   sys_exit.o
        74          0          0          0          0         80   sys_stackheap_outer.o
         2          0          0          0          0         68   use_no_semi.o
        36          4          0          0          0         76   vsprintf.o
         4          0          0          0          0         68   printf1.o
         4          0          0          0          0         68   printf2.o
         0          0          0          0          0          0   usenofp.o
        40          0          0          0          0         68   fpclassify.o

    ----------------------------------------------------------------------
      6898        266        552          0         96       4176   Library Totals
        18          0          1          0          0          0   (incl. Padding)

    ----------------------------------------------------------------------

      Code (inc. data)   RO Data    RW Data    ZI Data      Debug   Library Name

      6832        266        551          0         96       3972   c_w.l
         8          0          0          0          0        136   fz_ws.l
        40          0          0          0          0         68   m_ws.l

    ----------------------------------------------------------------------
      6898        266        552          0         96       4176   Library Totals

    ----------------------------------------------------------------------

==============================================================================


      Code (inc. data)   RO Data    RW Data    ZI Data      Debug   

     31020        924       3240        372       4796     591515   Grand Totals
     31020        924       3240        216       4796     591515   ELF Image Totals (compressed)
     31020        924       3240        216          0          0   ROM Totals

==============================================================================

    Total RO  Size (Code + RO Data)                34260 (  33.46kB)
    Total RW  Size (RW Data + ZI Data)              5168 (   5.05kB)
    Total ROM Size (Code + RO Data + RW Data)      34476 (  33.67kB)

==============================================================================

